Archive member included to satisfy reference by file (symbol)

C:/Users/jpabl/.pico-sdk/toolchain/14_2_Rel1/bin/../lib/gcc/arm-none-eabi/14.2.1/thumb/v6-m/nofp\libgcc.a(_dvmd_tls.o)
                              CMakeFiles/ohmimetro.dir/C_/Users/jpabl/.pico-sdk/sdk/2.1.1/src/rp2_common/pico_divider/divider_hardware.S.obj (__aeabi_idiv0)
C:/Users/jpabl/.pico-sdk/toolchain/14_2_Rel1/bin/../lib/gcc/arm-none-eabi/14.2.1/thumb/v6-m/nofp\libg.a(libc_a-calloc.o)
                              CMakeFiles/ohmimetro.dir/C_/Users/jpabl/.pico-sdk/sdk/2.1.1/src/rp2_common/pico_malloc/malloc.c.obj (calloc)
C:/Users/jpabl/.pico-sdk/toolchain/14_2_Rel1/bin/../lib/gcc/arm-none-eabi/14.2.1/thumb/v6-m/nofp\libg.a(libc_a-callocr.o)
                              C:/Users/jpabl/.pico-sdk/toolchain/14_2_Rel1/bin/../lib/gcc/arm-none-eabi/14.2.1/thumb/v6-m/nofp\libg.a(libc_a-calloc.o) (_calloc_r)
C:/Users/jpabl/.pico-sdk/toolchain/14_2_Rel1/bin/../lib/gcc/arm-none-eabi/14.2.1/thumb/v6-m/nofp\libg.a(libc_a-malloc.o)
                              CMakeFiles/ohmimetro.dir/C_/Users/jpabl/.pico-sdk/sdk/2.1.1/src/rp2_common/pico_malloc/malloc.c.obj (malloc)
C:/Users/jpabl/.pico-sdk/toolchain/14_2_Rel1/bin/../lib/gcc/arm-none-eabi/14.2.1/thumb/v6-m/nofp\libg.a(libc_a-mallocr.o)
                              C:/Users/jpabl/.pico-sdk/toolchain/14_2_Rel1/bin/../lib/gcc/arm-none-eabi/14.2.1/thumb/v6-m/nofp\libg.a(libc_a-callocr.o) (_malloc_r)
C:/Users/jpabl/.pico-sdk/toolchain/14_2_Rel1/bin/../lib/gcc/arm-none-eabi/14.2.1/thumb/v6-m/nofp\libg.a(libc_a-mlock.o)
                              C:/Users/jpabl/.pico-sdk/toolchain/14_2_Rel1/bin/../lib/gcc/arm-none-eabi/14.2.1/thumb/v6-m/nofp\libg.a(libc_a-mallocr.o) (__malloc_lock)
C:/Users/jpabl/.pico-sdk/toolchain/14_2_Rel1/bin/../lib/gcc/arm-none-eabi/14.2.1/thumb/v6-m/nofp\libg.a(libc_a-realloc.o)
                              CMakeFiles/ohmimetro.dir/C_/Users/jpabl/.pico-sdk/sdk/2.1.1/src/rp2_common/pico_malloc/malloc.c.obj (realloc)
C:/Users/jpabl/.pico-sdk/toolchain/14_2_Rel1/bin/../lib/gcc/arm-none-eabi/14.2.1/thumb/v6-m/nofp\libg.a(libc_a-reallocr.o)
                              C:/Users/jpabl/.pico-sdk/toolchain/14_2_Rel1/bin/../lib/gcc/arm-none-eabi/14.2.1/thumb/v6-m/nofp\libg.a(libc_a-realloc.o) (_realloc_r)
C:/Users/jpabl/.pico-sdk/toolchain/14_2_Rel1/bin/../lib/gcc/arm-none-eabi/14.2.1/thumb/v6-m/nofp\libg.a(libc_a-memcmp.o)
                              CMakeFiles/ohmimetro.dir/C_/Users/jpabl/.pico-sdk/sdk/2.1.1/src/rp2_common/pico_atomic/atomic.c.obj (memcmp)
C:/Users/jpabl/.pico-sdk/toolchain/14_2_Rel1/bin/../lib/gcc/arm-none-eabi/14.2.1/thumb/v6-m/nofp\libg.a(libc_a-memmove.o)
                              C:/Users/jpabl/.pico-sdk/toolchain/14_2_Rel1/bin/../lib/gcc/arm-none-eabi/14.2.1/thumb/v6-m/nofp\libg.a(libc_a-reallocr.o) (memmove)
C:/Users/jpabl/.pico-sdk/toolchain/14_2_Rel1/bin/../lib/gcc/arm-none-eabi/14.2.1/thumb/v6-m/nofp\libg.a(libc_a-lcltime_r.o)
                              CMakeFiles/ohmimetro.dir/C_/Users/jpabl/.pico-sdk/sdk/2.1.1/src/common/pico_util/datetime.c.obj (localtime_r)
C:/Users/jpabl/.pico-sdk/toolchain/14_2_Rel1/bin/../lib/gcc/arm-none-eabi/14.2.1/thumb/v6-m/nofp\libg.a(libc_a-mktime.o)
                              CMakeFiles/ohmimetro.dir/C_/Users/jpabl/.pico-sdk/sdk/2.1.1/src/common/pico_util/datetime.c.obj (mktime)
C:/Users/jpabl/.pico-sdk/toolchain/14_2_Rel1/bin/../lib/gcc/arm-none-eabi/14.2.1/thumb/v6-m/nofp\libg.a(libc_a-month_lengths.o)
                              C:/Users/jpabl/.pico-sdk/toolchain/14_2_Rel1/bin/../lib/gcc/arm-none-eabi/14.2.1/thumb/v6-m/nofp\libg.a(libc_a-lcltime_r.o) (__month_lengths)
C:/Users/jpabl/.pico-sdk/toolchain/14_2_Rel1/bin/../lib/gcc/arm-none-eabi/14.2.1/thumb/v6-m/nofp\libg.a(libc_a-tzcalc_limits.o)
                              C:/Users/jpabl/.pico-sdk/toolchain/14_2_Rel1/bin/../lib/gcc/arm-none-eabi/14.2.1/thumb/v6-m/nofp\libg.a(libc_a-lcltime_r.o) (__tzcalc_limits)
C:/Users/jpabl/.pico-sdk/toolchain/14_2_Rel1/bin/../lib/gcc/arm-none-eabi/14.2.1/thumb/v6-m/nofp\libg.a(libc_a-tzlock.o)
                              C:/Users/jpabl/.pico-sdk/toolchain/14_2_Rel1/bin/../lib/gcc/arm-none-eabi/14.2.1/thumb/v6-m/nofp\libg.a(libc_a-lcltime_r.o) (__tz_lock)
C:/Users/jpabl/.pico-sdk/toolchain/14_2_Rel1/bin/../lib/gcc/arm-none-eabi/14.2.1/thumb/v6-m/nofp\libg.a(libc_a-tzset.o)
                              C:/Users/jpabl/.pico-sdk/toolchain/14_2_Rel1/bin/../lib/gcc/arm-none-eabi/14.2.1/thumb/v6-m/nofp\libg.a(libc_a-lcltime_r.o) (_tzset_unlocked)
C:/Users/jpabl/.pico-sdk/toolchain/14_2_Rel1/bin/../lib/gcc/arm-none-eabi/14.2.1/thumb/v6-m/nofp\libg.a(libc_a-tzset_r.o)
                              C:/Users/jpabl/.pico-sdk/toolchain/14_2_Rel1/bin/../lib/gcc/arm-none-eabi/14.2.1/thumb/v6-m/nofp\libg.a(libc_a-tzset.o) (_tzset_unlocked_r)
C:/Users/jpabl/.pico-sdk/toolchain/14_2_Rel1/bin/../lib/gcc/arm-none-eabi/14.2.1/thumb/v6-m/nofp\libg.a(libc_a-tzvars.o)
[...]
Memory Configuration

Name             Origin             Length             Attributes
FLASH            0x10000000         0x00200000         xr
RAM              0x20000000         0x00040000         xrw
SCRATCH_X        0x20040000         0x00001000         xrw
SCRATCH_Y        0x20041000         0x00001000         xrw
*default*        0x00000000         0xffffffff

Linker script and memory map

LOAD C:/Users/jpabl/.pico-sdk/toolchain/14_2_Rel1/bin/../lib/gcc/arm-none-eabi/14.2.1/thumb/v6-m/nofp/crti.o
LOAD C:/Users/jpabl/.pico-sdk/toolchain/14_2_Rel1/bin/../lib/gcc/arm-none-eabi/14.2.1/thumb/v6-m/nofp/crtbegin.o
LOAD C:/Users/jpabl/.pico-sdk/toolchain/14_2_Rel1/bin/../lib/gcc/arm-none-eabi/14.2.1/thumb/v6-m/nofp/crt0.o

.flash_begin    0x10000000        0x0
                0x10000000                        __flash_binary_start = .

.boot2          0x10000000      0x100
                0x10000000                        __boot2_start__ = .
 *(.boot2)
 .boot2         0x10000000      0x100 pico-sdk/src/rp2040/boot_stage2/CMakeFiles/bs2_default_library.dir/./bs2_default_padded_checksummed.S.obj
                0x10000100                        __boot2_end__ = .
                0x00000001                        ASSERT (((__boot2_end__ - __boot2_start__) == 0x100), ERROR: Pico second stage bootloader must be 256 bytes in size)

.text           0x10000100     0x62b0
                0x10000100                        __logical_binary_start = .
 *(.vectors)
 .vectors       0x10000100       0xd4 CMakeFiles/ohmimetro.dir/C_/Users/jpabl/.pico-sdk/sdk/2.1.1/src/rp2_common/pico_crt0/crt0.S.obj
                0x10000100                __VECTOR_TABLE
                0x10000100                __vectors
                0x100001c0                isr_invalid
                0x100001c0                __default_isrs_start
                0x100001c2                isr_nmi
                0x100001c4                isr_hardfault
                0x100001c6                isr_svcall
                0x100001c8                isr_pendsv
                0x100001ca                isr_systick
                0x100001cc                isr_irq23
                0x100001cc                isr_irq18
                0x100001cc                isr_irq11
                0x100001cc                isr_irq28
                0x100001cc                isr_irq19
                0x100001cc                isr_irq0
                0x100001cc                isr_irq6
                0x100001cc                isr_irq5
                0x100001cc                isr_irq12
                0x100001cc                isr_irq22
                0x100001cc                isr_irq31
                0x100001cc                isr_irq17
                0x100001cc                isr_irq27
                0x100001cc                isr_irq30
                0x100001cc                isr_irq2
                0x100001cc                isr_irq10
                0x100001cc                isr_irq8
                0x100001cc                isr_irq24
                0x100001cc                isr_irq1
                0x100001cc                isr_irq7
                0x100001cc                isr_irq21
                0x100001cc                isr_irq20
                0x100001cc                isr_irq15
                0x100001cc                isr_irq25
                0x100001cc                isr_irq13
                0x100001cc                __unhandled_user_irq
                0x100001cc                isr_irq4
                0x100001cc                isr_irq16
                0x100001cc                isr_irq29
                0x100001cc                isr_irq26
                0x100001cc                __default_isrs_end
                0x100001cc                isr_irq3
                0x100001cc                isr_irq14
                0x100001cc                isr_irq9
                0x100001d2                unhandled_user_irq_num_in_r0
 *(.binary_info_header)
 .binary_info_header
                0x100001d4       0x14 CMakeFiles/ohmimetro.dir/C_/Users/jpabl/.pico-sdk/sdk/2.1.1/src/rp2_common/pico_crt0/crt0.S.obj
                0x100001e8                        __binary_info_header_end = .
 *(.embedded_block)
                0x100001e8                        __embedded_block_end = .
 *(.reset)
 .reset         0x100001e8       0x9c CMakeFiles/ohmimetro.dir/C_/Users/jpabl/.pico-sdk/sdk/2.1.1/src/rp2_common/pico_crt0/crt0.S.obj
                0x100001e8                _entry_point
 *(.init)
 .init          0x10000284        0x4 C:/Users/jpabl/.pico-sdk/toolchain/14_2_Rel1/bin/../lib/gcc/arm-none-eabi/14.2.1/thumb/v6-m/nofp/crti.o
                0x10000284                _init
 *(EXCLUDE_FILE(*libm.a: *libc.a:*lib_a-mem*.o *libgcc.a:) .text*)
 .text.register_tm_clones
                0x10000288       0x28 C:/Users/jpabl/.pico-sdk/toolchain/14_2_Rel1/bin/../lib/gcc/arm-none-eabi/14.2.1/thumb/v6-m/nofp/crtbegin.o
 .text.frame_dummy
                0x100002b0       0x24 C:/Users/jpabl/.pico-sdk/toolchain/14_2_Rel1/bin/../lib/gcc/arm-none-eabi/14.2.1/thumb/v6-m/nofp/crtbegin.o
 .text.gpio_button_joystick_handler
                0x100002d4       0x48 CMakeFiles/ohmimetro.dir/ohmimetro.c.obj
 .text.encontraProximoE24
                0x1000031c      0x130 CMakeFiles/ohmimetro.dir/ohmimetro.c.obj
                0x1000031c                encontraProximoE24
 .text.mostra_faixa_matriz
                0x1000044c       0xf4 CMakeFiles/ohmimetro.dir/ohmimetro.c.obj
                0x1000044c                mostra_faixa_matriz
 .text.display_init
                0x10000540       0x70 CMakeFiles/ohmimetro.dir/ohmimetro.c.obj
                0x10000540                display_init
 .text.setup    0x100005b0       0x84 CMakeFiles/ohmimetro.dir/ohmimetro.c.obj
                0x100005b0                setup
 .text.startup.main
                0x10000634      0x248 CMakeFiles/ohmimetro.dir/ohmimetro.c.obj
                0x10000634                main
 .text.ssd1306_init
                0x1000087c       0x34 CMakeFiles/ohmimetro.dir/lib/ssd1306.c.obj
                0x1000087c                ssd1306_init
 .text.ssd1306_config
                0x100008b0      0x1d0 CMakeFiles/ohmimetro.dir/lib/ssd1306.c.obj
                0x100008b0                ssd1306_config
 .text.ssd1306_send_data
                0x10000a80       0x8c CMakeFiles/ohmimetro.dir/lib/ssd1306.c.obj
                0x10000a80                ssd1306_send_data
 .text.ssd1306_fill
                0x10000b0c       0x7c CMakeFiles/ohmimetro.dir/lib/ssd1306.c.obj
                0x10000b0c                ssd1306_fill
 .text.ssd1306_rect
                0x10000b88      0x278 CMakeFiles/ohmimetro.dir/lib/ssd1306.c.obj
                0x10000b88                ssd1306_rect
 .text.ssd1306_line
                0x10000e00      0x158 CMakeFiles/ohmimetro.dir/lib/ssd1306.c.obj
                0x10000e00                ssd1306_line
 .text.ssd1306_draw_char
                0x10000f58      0x20c CMakeFiles/ohmimetro.dir/lib/ssd1306.c.obj
                0x10000f58                ssd1306_draw_char
 .text.ssd1306_draw_string
                0x10001164       0x40 CMakeFiles/ohmimetro.dir/lib/ssd1306.c.obj
                0x10001164                ssd1306_draw_string
 .text.npInit   0x100011a4      0x150 CMakeFiles/ohmimetro.dir/lib/neopixel.c.obj
                0x100011a4                npInit
 .text.npSetLED
                0x100012f4       0x18 CMakeFiles/ohmimetro.dir/lib/neopixel.c.obj
                0x100012f4                npSetLED
 .text.npWrite  0x1000130c       0x48 CMakeFiles/ohmimetro.dir/lib/neopixel.c.obj
                0x1000130c                npWrite
 .text.npGetIndex
                0x10001354       0x14 CMakeFiles/ohmimetro.dir/lib/neopixel.c.obj
                0x10001354                npGetIndex
 .text.gpio_default_irq_handler
                0x10001368      0x2c8 CMakeFiles/ohmimetro.dir/C_/Users/jpabl/.pico-sdk/sdk/2.1.1/src/rp2_common/hardware_gpio/gpio.c.obj
 .text.gpio_set_function
                0x10001630       0x34 CMakeFiles/ohmimetro.dir/C_/Users/jpabl/.pico-sdk/sdk/2.1.1/src/rp2_common/hardware_gpio/gpio.c.obj
                0x10001630                gpio_set_function
 .text.gpio_set_pulls
                0x10001664       0x28 CMakeFiles/ohmimetro.dir/C_/Users/jpabl/.pico-sdk/sdk/2.1.1/src/rp2_common/hardware_gpio/gpio.c.obj
                0x10001664                gpio_set_pulls
 .text.gpio_set_irq_enabled_with_callback
                0x1000168c       0xd0 CMakeFiles/ohmimetro.dir/C_/Users/jpabl/.pico-sdk/sdk/2.1.1/src/rp2_common/hardware_gpio/gpio.c.obj
                0x1000168c                gpio_set_irq_enabled_with_callback
 .text.gpio_set_input_enabled
                0x1000175c       0x28 CMakeFiles/ohmimetro.dir/C_/Users/jpabl/.pico-sdk/sdk/2.1.1/src/rp2_common/hardware_gpio/gpio.c.obj
                0x1000175c                gpio_set_input_enabled
 .text.gpio_init
                0x10001784       0x40 CMakeFiles/ohmimetro.dir/C_/Users/jpabl/.pico-sdk/sdk/2.1.1/src/rp2_common/hardware_gpio/gpio.c.obj
                0x10001784                gpio_init
 .text.panic    0x100017c4       0x30 CMakeFiles/ohmimetro.dir/C_/Users/jpabl/.pico-sdk/sdk/2.1.1/src/rp2_common/pico_platform_panic/panic.c.obj
                0x100017c4                panic
 .text.hw_claim_lock
                0x100017f4       0x18 CMakeFiles/ohmimetro.dir/C_/Users/jpabl/.pico-sdk/sdk/2.1.1/src/common/hardware_claim/claim.c.obj
                0x100017f4                hw_claim_lock
 .text.hw_claim_unlock
                0x1000180c       0x14 CMakeFiles/ohmimetro.dir/C_/Users/jpabl/.pico-sdk/sdk/2.1.1/src/common/hardware_claim/claim.c.obj
                0x1000180c                hw_claim_unlock
 .text.hw_claim_or_assert
                0x10001820       0x44 CMakeFiles/ohmimetro.dir/C_/Users/jpabl/.pico-sdk/sdk/2.1.1/src/common/hardware_claim/claim.c.obj
                0x10001820                hw_claim_or_assert
 .text.hw_claim_unused_from_range
                0x10001864       0x88 CMakeFiles/ohmimetro.dir/C_/Users/jpabl/.pico-sdk/sdk/2.1.1/src/common/hardware_claim/claim.c.obj
                0x10001864                hw_claim_unused_from_range
 .text.next_striped_spin_lock_num
                0x100018ec       0x18 CMakeFiles/ohmimetro.dir/C_/Users/jpabl/.pico-sdk/sdk/2.1.1/src/rp2_common/hardware_sync/sync.c.obj
                0x100018ec                next_striped_spin_lock_num
 .text.spin_locks_reset
                0x10001904       0x1c CMakeFiles/ohmimetro.dir/C_/Users/jpabl/.pico-sdk/sdk/2.1.1/src/rp2_common/hardware_sync_spin_lock/sync_spin_lock.c.obj
                0x10001904                spin_locks_reset
 .text.runtime_init_per_core_irq_priorities
                0x10001920       0x24 CMakeFiles/ohmimetro.dir/C_/Users/jpabl/.pico-sdk/sdk/2.1.1/src/rp2_common/hardware_irq/irq.c.obj
                0x10001920                runtime_init_per_core_irq_priorities
 .text.irq_set_enabled
                0x10001944       0x24 CMakeFiles/ohmimetro.dir/C_/Users/jpabl/.pico-sdk/sdk/2.1.1/src/rp2_common/hardware_irq/irq.c.obj
                0x10001944                irq_set_enabled
 .text.irq_set_exclusive_handler
                0x10001968       0x54 CMakeFiles/ohmimetro.dir/C_/Users/jpabl/.pico-sdk/sdk/2.1.1/src/rp2_common/hardware_irq/irq.c.obj
                0x10001968                irq_set_exclusive_handler
 .text.irq_add_shared_handler
                0x100019bc      0x1f4 CMakeFiles/ohmimetro.dir/C_/Users/jpabl/.pico-sdk/sdk/2.1.1/src/rp2_common/hardware_irq/irq.c.obj
                0x100019bc                irq_add_shared_handler
 .text.irq_remove_handler
                0x10001bb0      0x1d4 CMakeFiles/ohmimetro.dir/C_/Users/jpabl/.pico-sdk/sdk/2.1.1/src/rp2_common/hardware_irq/irq.c.obj
                0x10001bb0                irq_remove_handler
 .text.irq_add_tail_to_free_list
                0x10001d84       0xb4 CMakeFiles/ohmimetro.dir/C_/Users/jpabl/.pico-sdk/sdk/2.1.1/src/rp2_common/hardware_irq/irq.c.obj
                0x10001d84                irq_add_tail_to_free_list
 .text.lock_init
                0x10001e38       0x10 CMakeFiles/ohmimetro.dir/C_/Users/jpabl/.pico-sdk/sdk/2.1.1/src/common/pico_sync/lock_core.c.obj
                0x10001e38                lock_init
 .text.runtime_init_mutex
                0x10001e48       0x50 CMakeFiles/ohmimetro.dir/C_/Users/jpabl/.pico-sdk/sdk/2.1.1/src/common/pico_sync/mutex.c.obj
                0x10001e48                runtime_init_mutex
 .text.sleep_until_callback
                0x10001e98       0x30 CMakeFiles/ohmimetro.dir/C_/Users/jpabl/.pico-sdk/sdk/2.1.1/src/common/pico_time/time.c.obj
 .text.alarm_pool_irq_handler
                0x10001ec8      0x300 CMakeFiles/ohmimetro.dir/C_/Users/jpabl/.pico-sdk/sdk/2.1.1/src/common/pico_time/time.c.obj
 .text.runtime_init_default_alarm_pool
                0x100021c8       0xdc CMakeFiles/ohmimetro.dir/C_/Users/jpabl/.pico-sdk/sdk/2.1.1/src/common/pico_time/time.c.obj
                0x100021c8                runtime_init_default_alarm_pool
 .text.alarm_pool_add_alarm_at_force_in_context
                0x100022a4       0xb0 CMakeFiles/ohmimetro.dir/C_/Users/jpabl/.pico-sdk/sdk/2.1.1/src/common/pico_time/time.c.obj
                0x100022a4                alarm_pool_add_alarm_at_force_in_context
 .text.alarm_pool_cancel_alarm
                0x10002354       0x74 CMakeFiles/ohmimetro.dir/C_/Users/jpabl/.pico-sdk/sdk/2.1.1/src/common/pico_time/time.c.obj
                0x10002354                alarm_pool_cancel_alarm
 .text.sleep_ms
                0x100023c8       0xfc CMakeFiles/ohmimetro.dir/C_/Users/jpabl/.pico-sdk/sdk/2.1.1/src/common/pico_time/time.c.obj
                0x100023c8                sleep_ms
 .text.best_effort_wfe_or_timeout
                0x100024c4      0x10c CMakeFiles/ohmimetro.dir/C_/Users/jpabl/.pico-sdk/sdk/2.1.1/src/common/pico_time/time.c.obj
                0x100024c4                best_effort_wfe_or_timeout
 .text.timer_hardware_alarm_claim
                0x100025d0       0x14 CMakeFiles/ohmimetro.dir/C_/Users/jpabl/.pico-sdk/sdk/2.1.1/src/rp2_common/hardware_timer/timer.c.obj
                0x100025d0                timer_hardware_alarm_claim
 .text.timer_time_us_64
                0x100025e4       0x10 CMakeFiles/ohmimetro.dir/C_/Users/jpabl/.pico-sdk/sdk/2.1.1/src/rp2_common/hardware_timer/timer.c.obj
                0x100025e4                timer_time_us_64
 .text.time_us_64
                0x100025f4       0x14 CMakeFiles/ohmimetro.dir/C_/Users/jpabl/.pico-sdk/sdk/2.1.1/src/rp2_common/hardware_timer/timer.c.obj
                0x100025f4                time_us_64
 .text.busy_wait_until
                0x10002608       0x20 CMakeFiles/ohmimetro.dir/C_/Users/jpabl/.pico-sdk/sdk/2.1.1/src/rp2_common/hardware_timer/timer.c.obj
                0x10002608                busy_wait_until
 .text.clock_configure_int_divider
                0x10002628       0xf4 CMakeFiles/ohmimetro.dir/C_/Users/jpabl/.pico-sdk/sdk/2.1.1/src/rp2_common/hardware_clocks/clocks.c.obj
                0x10002628                clock_configure_int_divider
 .text.clock_configure_undivided
                0x1000271c       0xe8 CMakeFiles/ohmimetro.dir/C_/Users/jpabl/.pico-sdk/sdk/2.1.1/src/rp2_common/hardware_clocks/clocks.c.obj
                0x1000271c                clock_configure_undivided
 .text.clock_get_hz
                0x10002804        0xc CMakeFiles/ohmimetro.dir/C_/Users/jpabl/.pico-sdk/sdk/2.1.1/src/rp2_common/hardware_clocks/clocks.c.obj
                0x10002804                clock_get_hz
 .text.pll_init
                0x10002810       0xa4 CMakeFiles/ohmimetro.dir/C_/Users/jpabl/.pico-sdk/sdk/2.1.1/src/rp2_common/hardware_pll/pll.c.obj
                0x10002810                pll_init
 .text.tick_start
                0x100028b4       0x10 CMakeFiles/ohmimetro.dir/C_/Users/jpabl/.pico-sdk/sdk/2.1.1/src/rp2_common/hardware_ticks/ticks.c.obj
                0x100028b4                tick_start
 .text.rom_func_lookup
                0x100028c4       0x10 CMakeFiles/ohmimetro.dir/C_/Users/jpabl/.pico-sdk/sdk/2.1.1/src/rp2_common/pico_bootrom/bootrom.c.obj
                0x100028c4                rom_func_lookup
 .text.rom_data_lookup
                0x100028d4       0x10 CMakeFiles/ohmimetro.dir/C_/Users/jpabl/.pico-sdk/sdk/2.1.1/src/rp2_common/pico_bootrom/bootrom.c.obj
                0x100028d4                rom_data_lookup
 .text.rom_funcs_lookup
                0x100028e4       0x44 CMakeFiles/ohmimetro.dir/C_/Users/jpabl/.pico-sdk/sdk/2.1.1/src/rp2_common/pico_bootrom/bootrom.c.obj
                0x100028e4                rom_funcs_lookup
 .text.rom_reset_usb_boot
                0x10002928       0x1c CMakeFiles/ohmimetro.dir/C_/Users/jpabl/.pico-sdk/sdk/2.1.1/src/rp2_common/pico_bootrom/bootrom.c.obj
                0x10002928                rom_reset_usb_boot
 .text.xosc_init
                0x10002944       0x28 CMakeFiles/ohmimetro.dir/C_/Users/jpabl/.pico-sdk/sdk/2.1.1/src/rp2_common/hardware_xosc/xosc.c.obj
                0x10002944                xosc_init
 .text.first_per_core_initializer
                0x1000296c        0x4 CMakeFiles/ohmimetro.dir/C_/Users/jpabl/.pico-sdk/sdk/2.1.1/src/rp2_common/pico_runtime/runtime.c.obj
 .text.hard_assertion_failure
                0x10002970        0xc CMakeFiles/ohmimetro.dir/C_/Users/jpabl/.pico-sdk/sdk/2.1.1/src/rp2_common/pico_runtime/runtime.c.obj
                0x10002970                hard_assertion_failure
 .text.runtime_run_initializers
                0x1000297c       0x28 CMakeFiles/ohmimetro.dir/C_/Users/jpabl/.pico-sdk/sdk/2.1.1/src/rp2_common/pico_runtime/runtime.c.obj
                0x1000297c                runtime_run_initializers
 .text.runtime_init_early_resets
                0x100029a4       0x2c CMakeFiles/ohmimetro.dir/C_/Users/jpabl/.pico-sdk/sdk/2.1.1/src/rp2_common/pico_runtime_init/runtime_init.c.obj
                0x100029a4                runtime_init_early_resets
 .text.runtime_init_usb_power_down
                0x100029d0       0x1c CMakeFiles/ohmimetro.dir/C_/Users/jpabl/.pico-sdk/sdk/2.1.1/src/rp2_common/pico_runtime_init/runtime_init.c.obj
                0x100029d0                runtime_init_usb_power_down
 .text.runtime_init_post_clock_resets
                0x100029ec       0x20 CMakeFiles/ohmimetro.dir/C_/Users/jpabl/.pico-sdk/sdk/2.1.1/src/rp2_common/pico_runtime_init/runtime_init.c.obj
                0x100029ec                runtime_init_post_clock_resets
 .text.runtime_init_rp2040_gpio_ie_disable
                0x10002a0c       0x14 CMakeFiles/ohmimetro.dir/C_/Users/jpabl/.pico-sdk/sdk/2.1.1/src/rp2_common/pico_runtime_init/runtime_init.c.obj
                0x10002a0c                runtime_init_rp2040_gpio_ie_disable
 .text.runtime_init_spin_locks_reset
                0x10002a20        0x8 CMakeFiles/ohmimetro.dir/C_/Users/jpabl/.pico-sdk/sdk/2.1.1/src/rp2_common/pico_runtime_init/runtime_init.c.obj
                0x10002a20                runtime_init_spin_locks_reset
 .text.runtime_init_install_ram_vector_table
                0x10002a28       0x1c CMakeFiles/ohmimetro.dir/C_/Users/jpabl/.pico-sdk/sdk/2.1.1/src/rp2_common/pico_runtime_init/runtime_init.c.obj
                0x10002a28                runtime_init_install_ram_vector_table
 .text.runtime_init_clocks
                0x10002a44       0xd8 CMakeFiles/ohmimetro.dir/C_/Users/jpabl/.pico-sdk/sdk/2.1.1/src/rp2_common/pico_runtime_init/runtime_init_clocks.c.obj
                0x10002a44                runtime_init_clocks
 .text          0x10002b1c       0x10 CMakeFiles/ohmimetro.dir/C_/Users/jpabl/.pico-sdk/sdk/2.1.1/src/rp2_common/pico_bit_ops/bit_ops_aeabi.S.obj
 .text.__wrap___aeabi_idiv
                0x10002b2c       0x50 CMakeFiles/ohmimetro.dir/C_/Users/jpabl/.pico-sdk/sdk/2.1.1/src/rp2_common/pico_divider/divider_hardware.S.obj
                0x10002b2c                __wrap___aeabi_idivmod
                0x10002b2c                divmod_s32s32
                0x10002b2c                div_s32s32
                0x10002b2c                __wrap___aeabi_idiv
                0x10002b34                divmod_s32s32_unsafe
                0x10002b60                divmod_s32s32_savestate
 .text.__wrap___aeabi_uidiv
                0x10002b7c       0x4c CMakeFiles/ohmimetro.dir/C_/Users/jpabl/.pico-sdk/sdk/2.1.1/src/rp2_common/pico_divider/divider_hardware.S.obj
                0x10002b7c                __wrap___aeabi_uidiv
                0x10002b7c                __wrap___aeabi_uidivmod
                0x10002b7c                div_u32u32
                0x10002b7c                divmod_u32u32
                0x10002b84                divmod_u32u32_unsafe
                0x10002bac                divmod_u32u32_savestate
 .text.__wrap___aeabi_ldiv
                0x10002bc8      0x424 CMakeFiles/ohmimetro.dir/C_/Users/jpabl/.pico-sdk/sdk/2.1.1/src/rp2_common/pico_divider/divider_hardware.S.obj
                0x10002bc8                div_s64s64
                0x10002bc8                divmod_s64s64
                0x10002bc8                __wrap___aeabi_ldivmod
                0x10002bf8                divmod_u64u64
                0x10002bf8                div_u64u64
                0x10002bf8                __wrap___aeabi_uldivmod
                0x10002c08                divmod_u64u64_savestate
                0x10002c28                divmod_s64s64_unsafe
                0x10002cb0                divmod_u64u64_unsafe
 .text.__wrap___aeabi_darithmetic
                0x10002fec       0x60 CMakeFiles/ohmimetro.dir/C_/Users/jpabl/.pico-sdk/sdk/2.1.1/src/rp2_common/pico_double/double_aeabi_rp2040.S.obj
                0x10002fec                __wrap___aeabi_drsub
                0x10002ff2                __wrap___aeabi_dsub
                0x10002ffc                __wrap___aeabi_dadd
                0x10003006                __wrap___aeabi_ddiv
                0x1000303a                __wrap___aeabi_dmul
 .text.__wrap___aeabi_cdcmple
                0x1000304c       0x6c CMakeFiles/ohmimetro.dir/C_/Users/jpabl/.pico-sdk/sdk/2.1.1/src/rp2_common/pico_double/double_aeabi_rp2040.S.obj
                0x1000304c                __wrap___aeabi_cdrcmple
                0x1000305c                __wrap___aeabi_cdcmpeq
                0x1000305c                __wrap___aeabi_cdcmple
 .text.__wrap___aeabi_dcmplt
                0x100030b8        0xc CMakeFiles/ohmimetro.dir/C_/Users/jpabl/.pico-sdk/sdk/2.1.1/src/rp2_common/pico_double/double_aeabi_rp2040.S.obj
                0x100030b8                __wrap___aeabi_dcmplt
 .text.__wrap___aeabi_dcmple
                0x100030c4       0x10 CMakeFiles/ohmimetro.dir/C_/Users/jpabl/.pico-sdk/sdk/2.1.1/src/rp2_common/pico_double/double_aeabi_rp2040.S.obj
                0x100030c4                __wrap___aeabi_dcmple
 .text.__wrap___aeabi_dcmpge
                0x100030d4       0x10 CMakeFiles/ohmimetro.dir/C_/Users/jpabl/.pico-sdk/sdk/2.1.1/src/rp2_common/pico_double/double_aeabi_rp2040.S.obj
                0x100030d4                __wrap___aeabi_dcmpge
 .text.__wrap___aeabi_dcmpgt
                0x100030e4        0xa CMakeFiles/ohmimetro.dir/C_/Users/jpabl/.pico-sdk/sdk/2.1.1/src/rp2_common/pico_double/double_aeabi_rp2040.S.obj
                0x100030e4                __wrap___aeabi_dcmpgt
 .text.__wrap___aeabi_dcmpun
                0x100030ee       0x18 CMakeFiles/ohmimetro.dir/C_/Users/jpabl/.pico-sdk/sdk/2.1.1/src/rp2_common/pico_double/double_aeabi_rp2040.S.obj
                0x100030ee                __wrap___aeabi_dcmpun
 *fill*         0x10003106        0x2 
 .text.__wrap___aeabi_i2d
                0x10003108       0x38 CMakeFiles/ohmimetro.dir/C_/Users/jpabl/.pico-sdk/sdk/2.1.1/src/rp2_common/pico_double/double_aeabi_rp2040.S.obj
                0x10003108                uint2double
                0x10003108                __wrap___aeabi_ui2d
                0x10003110                int2double
                0x10003110                __wrap___aeabi_i2d
 .text.__wrap___aeabi_d2iz
                0x10003140       0x48 CMakeFiles/ohmimetro.dir/C_/Users/jpabl/.pico-sdk/sdk/2.1.1/src/rp2_common/pico_double/double_aeabi_rp2040.S.obj
                0x10003140                double2int_z
                0x10003140                __wrap___aeabi_d2iz
 .text.__wrap___aeabi_d2uiz
                0x10003188       0x10 CMakeFiles/ohmimetro.dir/C_/Users/jpabl/.pico-sdk/sdk/2.1.1/src/rp2_common/pico_double/double_aeabi_rp2040.S.obj
                0x10003188                double2uint
                0x10003188                __wrap___aeabi_d2uiz
                0x10003188                double2uint_z
 .text.__wrap___aeabi_d2f
                0x10003198       0x10 CMakeFiles/ohmimetro.dir/C_/Users/jpabl/.pico-sdk/sdk/2.1.1/src/rp2_common/pico_double/double_aeabi_rp2040.S.obj
                0x10003198                __wrap___aeabi_d2f
 .text.__wrap_exp
                0x100031a8       0x10 CMakeFiles/ohmimetro.dir/C_/Users/jpabl/.pico-sdk/sdk/2.1.1/src/rp2_common/pico_double/double_aeabi_rp2040.S.obj
                0x100031a8                __wrap_exp
 .text.__wrap_log
                0x100031b8       0x10 CMakeFiles/ohmimetro.dir/C_/Users/jpabl/.pico-sdk/sdk/2.1.1/src/rp2_common/pico_double/double_aeabi_rp2040.S.obj
                0x100031b8                __wrap_log
 .text.missing_double_func_shim
                0x100031c8        0xc CMakeFiles/ohmimetro.dir/C_/Users/jpabl/.pico-sdk/sdk/2.1.1/src/rp2_common/pico_double/double_init_rom_rp2040.c.obj
 .text.__aeabi_double_init
                0x100031d4       0xa0 CMakeFiles/ohmimetro.dir/C_/Users/jpabl/.pico-sdk/sdk/2.1.1/src/rp2_common/pico_double/double_init_rom_rp2040.c.obj
                0x100031d4                __aeabi_double_init
 .text.double_table_shim_on_use_helper
                0x10003274       0x2c CMakeFiles/ohmimetro.dir/C_/Users/jpabl/.pico-sdk/sdk/2.1.1/src/rp2_common/pico_double/double_v1_rom_shim_rp2040.S.obj
                0x10003274                double_table_shim_on_use_helper
 .text.__aeabi_lmul
                0x100032a0       0x32 CMakeFiles/ohmimetro.dir/C_/Users/jpabl/.pico-sdk/sdk/2.1.1/src/rp2_common/pico_int64_ops/pico_int64_ops_aeabi.S.obj
                0x100032a0                __wrap___aeabi_lmul
 *fill*         0x100032d2        0x2 
 .text.__wrap___aeabi_farithmetic
                0x100032d4       0x48 CMakeFiles/ohmimetro.dir/C_/Users/jpabl/.pico-sdk/sdk/2.1.1/src/rp2_common/pico_float/float_aeabi_rp2040.S.obj
                0x100032d4                __wrap___aeabi_frsub
                0x100032da                __wrap___aeabi_fsub
                0x100032e0                __wrap___aeabi_fadd
                0x100032e6                __wrap___aeabi_fdiv
                0x1000330e                __wrap___aeabi_fmul
 .text.__wrap___aeabi_cfcmple
                0x1000331c       0x50 CMakeFiles/ohmimetro.dir/C_/Users/jpabl/.pico-sdk/sdk/2.1.1/src/rp2_common/pico_float/float_aeabi_rp2040.S.obj
                0x1000331c                __wrap___aeabi_cfrcmple
                0x10003328                __wrap___aeabi_cfcmple
                0x10003328                __wrap___aeabi_cfcmpeq
 .text.__wrap___aeabi_fcmpeq
                0x1000336c       0x10 CMakeFiles/ohmimetro.dir/C_/Users/jpabl/.pico-sdk/sdk/2.1.1/src/rp2_common/pico_float/float_aeabi_rp2040.S.obj
                0x1000336c                __wrap___aeabi_fcmpeq
 .text.__wrap___aeabi_fcmplt
                0x1000337c        0xc CMakeFiles/ohmimetro.dir/C_/Users/jpabl/.pico-sdk/sdk/2.1.1/src/rp2_common/pico_float/float_aeabi_rp2040.S.obj
                0x1000337c                __wrap___aeabi_fcmplt
 .text.__wrap___aeabi_fcmpge
                0x10003388       0x10 CMakeFiles/ohmimetro.dir/C_/Users/jpabl/.pico-sdk/sdk/2.1.1/src/rp2_common/pico_float/float_aeabi_rp2040.S.obj
                0x10003388                __wrap___aeabi_fcmpge
 .text.__wrap___aeabi_fcmpgt
                0x10003398        0xa CMakeFiles/ohmimetro.dir/C_/Users/jpabl/.pico-sdk/sdk/2.1.1/src/rp2_common/pico_float/float_aeabi_rp2040.S.obj
                0x10003398                __wrap___aeabi_fcmpgt
 .text.__wrap___aeabi_ui2f
                0x100033a2        0xa CMakeFiles/ohmimetro.dir/C_/Users/jpabl/.pico-sdk/sdk/2.1.1/src/rp2_common/pico_float/float_aeabi_rp2040.S.obj
                0x100033a2                __wrap___aeabi_ui2f
                0x100033a2                uint2float
 .text.__wrap___aeabi_i2f
                0x100033ac       0x44 CMakeFiles/ohmimetro.dir/C_/Users/jpabl/.pico-sdk/sdk/2.1.1/src/rp2_common/pico_float/float_aeabi_rp2040.S.obj
                0x100033ac                __wrap___aeabi_i2f
                0x100033ac                int2float
 .text.__wrap___aeabi_f2iz
                0x100033f0       0x4e CMakeFiles/ohmimetro.dir/C_/Users/jpabl/.pico-sdk/sdk/2.1.1/src/rp2_common/pico_float/float_aeabi_rp2040.S.obj
                0x100033f0                float2int_z
                0x100033f0                __wrap___aeabi_f2iz
 *fill*         0x1000343e        0x2 
 .text.float2int
                0x10003440        0xc CMakeFiles/ohmimetro.dir/C_/Users/jpabl/.pico-sdk/sdk/2.1.1/src/rp2_common/pico_float/float_aeabi_rp2040.S.obj
                0x10003440                float2int
 .text.__wrap___aeabi_f2uiz
                0x1000344c        0xc CMakeFiles/ohmimetro.dir/C_/Users/jpabl/.pico-sdk/sdk/2.1.1/src/rp2_common/pico_float/float_aeabi_rp2040.S.obj
                0x1000344c                float2uint_z
                0x1000344c                __wrap___aeabi_f2uiz
                0x1000344c                float2uint
 .text.__wrap___aeabi_f2d
                0x10003458        0xc CMakeFiles/ohmimetro.dir/C_/Users/jpabl/.pico-sdk/sdk/2.1.1/src/rp2_common/pico_float/float_aeabi_rp2040.S.obj
                0x10003458                __wrap___aeabi_f2d
 .text.missing_float_func_shim
                0x10003464        0xc CMakeFiles/ohmimetro.dir/C_/Users/jpabl/.pico-sdk/sdk/2.1.1/src/rp2_common/pico_float/float_init_rom_rp2040.c.obj
 .text.__aeabi_float_init
                0x10003470       0x5c CMakeFiles/ohmimetro.dir/C_/Users/jpabl/.pico-sdk/sdk/2.1.1/src/rp2_common/pico_float/float_init_rom_rp2040.c.obj
                0x10003470                __aeabi_float_init
 .text.fpow_int2
                0x100034cc       0xb8 CMakeFiles/ohmimetro.dir/C_/Users/jpabl/.pico-sdk/sdk/2.1.1/src/rp2_common/pico_float/float_math.c.obj
 .text.fpow_0   0x10003584       0xfc CMakeFiles/ohmimetro.dir/C_/Users/jpabl/.pico-sdk/sdk/2.1.1/src/rp2_common/pico_float/float_math.c.obj
 .text.__wrap_powf
                0x10003680      0x198 CMakeFiles/ohmimetro.dir/C_/Users/jpabl/.pico-sdk/sdk/2.1.1/src/rp2_common/pico_float/float_math.c.obj
                0x10003680                __wrap_powf
 .text.__wrap_calloc
                0x10003818       0x28 CMakeFiles/ohmimetro.dir/C_/Users/jpabl/.pico-sdk/sdk/2.1.1/src/rp2_common/pico_malloc/malloc.c.obj
                0x10003818                __wrap_calloc
 .text          0x10003840       0x10 CMakeFiles/ohmimetro.dir/C_/Users/jpabl/.pico-sdk/sdk/2.1.1/src/rp2_common/pico_mem_ops/mem_ops_aeabi.S.obj
                0x10003840                __aeabi_mem_init
 .text.memset   0x10003850        0xc CMakeFiles/ohmimetro.dir/C_/Users/jpabl/.pico-sdk/sdk/2.1.1/src/rp2_common/pico_mem_ops/mem_ops_aeabi.S.obj
                0x10003850                __wrap_memset
 .text.memcpy   0x1000385c        0xc CMakeFiles/ohmimetro.dir/C_/Users/jpabl/.pico-sdk/sdk/2.1.1/src/rp2_common/pico_mem_ops/mem_ops_aeabi.S.obj
                0x1000385c                __wrap_memcpy
                0x1000385c                __wrap___aeabi_memcpy
 .text._out_buffer
                0x10003868        0x8 CMakeFiles/ohmimetro.dir/C_/Users/jpabl/.pico-sdk/sdk/2.1.1/src/rp2_common/pico_printf/printf.c.obj
 .text._out_null
                0x10003870        0x4 CMakeFiles/ohmimetro.dir/C_/Users/jpabl/.pico-sdk/sdk/2.1.1/src/rp2_common/pico_printf/printf.c.obj
 .text._out_rev
                0x10003874       0xac CMakeFiles/ohmimetro.dir/C_/Users/jpabl/.pico-sdk/sdk/2.1.1/src/rp2_common/pico_printf/printf.c.obj
 .text._ntoa_format
                0x10003920      0x1cc CMakeFiles/ohmimetro.dir/C_/Users/jpabl/.pico-sdk/sdk/2.1.1/src/rp2_common/pico_printf/printf.c.obj
 .text._out_char
                0x10003aec       0x10 CMakeFiles/ohmimetro.dir/C_/Users/jpabl/.pico-sdk/sdk/2.1.1/src/rp2_common/pico_printf/printf.c.obj
 .text._ftoa    0x10003afc      0x4a8 CMakeFiles/ohmimetro.dir/C_/Users/jpabl/.pico-sdk/sdk/2.1.1/src/rp2_common/pico_printf/printf.c.obj
 .text._etoa    0x10003fa4      0x57c CMakeFiles/ohmimetro.dir/C_/Users/jpabl/.pico-sdk/sdk/2.1.1/src/rp2_common/pico_printf/printf.c.obj
 .text._vsnprintf
                0x10004520      0xbe0 CMakeFiles/ohmimetro.dir/C_/Users/jpabl/.pico-sdk/sdk/2.1.1/src/rp2_common/pico_printf/printf.c.obj
 .text.__wrap_sprintf
                0x10005100       0x2c CMakeFiles/ohmimetro.dir/C_/Users/jpabl/.pico-sdk/sdk/2.1.1/src/rp2_common/pico_printf/printf.c.obj
                0x10005100                __wrap_sprintf
 .text.weak_raw_vprintf
                0x1000512c       0x30 CMakeFiles/ohmimetro.dir/C_/Users/jpabl/.pico-sdk/sdk/2.1.1/src/rp2_common/pico_printf/printf.c.obj
                0x1000512c                weak_raw_vprintf
 .text._exit    0x1000515c        0x4 CMakeFiles/ohmimetro.dir/C_/Users/jpabl/.pico-sdk/sdk/2.1.1/src/rp2_common/pico_clib_interface/newlib_interface.c.obj
                0x1000515c                _exit
 .text._sbrk    0x10005160       0x34 CMakeFiles/ohmimetro.dir/C_/Users/jpabl/.pico-sdk/sdk/2.1.1/src/rp2_common/pico_clib_interface/newlib_interface.c.obj
                0x10005160                _sbrk
 .text.exit     0x10005194        0x8 CMakeFiles/ohmimetro.dir/C_/Users/jpabl/.pico-sdk/sdk/2.1.1/src/rp2_common/pico_clib_interface/newlib_interface.c.obj
                0x10005194                exit
 .text.runtime_init
                0x1000519c       0x2c CMakeFiles/ohmimetro.dir/C_/Users/jpabl/.pico-sdk/sdk/2.1.1/src/rp2_common/pico_clib_interface/newlib_interface.c.obj
                0x1000519c                runtime_init
 .text.stdio_out_chars_no_crlf
                0x100051c8       0x10 CMakeFiles/ohmimetro.dir/C_/Users/jpabl/.pico-sdk/sdk/2.1.1/src/rp2_common/pico_stdio/stdio.c.obj
 .text.stdio_out_chars_crlf
                0x100051d8       0xb0 CMakeFiles/ohmimetro.dir/C_/Users/jpabl/.pico-sdk/sdk/2.1.1/src/rp2_common/pico_stdio/stdio.c.obj
 .text.stdio_put_string
                0x10005288       0xfc CMakeFiles/ohmimetro.dir/C_/Users/jpabl/.pico-sdk/sdk/2.1.1/src/rp2_common/pico_stdio/stdio.c.obj
                0x10005288                stdio_put_string
 .text.stdio_init_all
                0x10005384        0x4 CMakeFiles/ohmimetro.dir/C_/Users/jpabl/.pico-sdk/sdk/2.1.1/src/rp2_common/pico_stdio/stdio.c.obj
                0x10005384                stdio_init_all
 .text.__wrap_putchar
                0x10005388       0x94 CMakeFiles/ohmimetro.dir/C_/Users/jpabl/.pico-sdk/sdk/2.1.1/src/rp2_common/pico_stdio/stdio.c.obj
                0x10005388                __wrap_putchar
                0x10005388                stdio_putchar
 .text.__wrap_puts
                0x1000541c       0x3c CMakeFiles/ohmimetro.dir/C_/Users/jpabl/.pico-sdk/sdk/2.1.1/src/rp2_common/pico_stdio/stdio.c.obj
                0x1000541c                stdio_puts
                0x1000541c                __wrap_puts
 .text.i2c_write_blocking_internal.constprop.0
                0x10005458       0xf8 CMakeFiles/ohmimetro.dir/C_/Users/jpabl/.pico-sdk/sdk/2.1.1/src/rp2_common/hardware_i2c/i2c.c.obj
 .text.i2c_set_baudrate
                0x10005550       0xc0 CMakeFiles/ohmimetro.dir/C_/Users/jpabl/.pico-sdk/sdk/2.1.1/src/rp2_common/hardware_i2c/i2c.c.obj
                0x10005550                i2c_set_baudrate
 .text.i2c_init
                0x10005610       0x50 CMakeFiles/ohmimetro.dir/C_/Users/jpabl/.pico-sdk/sdk/2.1.1/src/rp2_common/hardware_i2c/i2c.c.obj
                0x10005610                i2c_init
 .text.i2c_write_blocking
                0x10005660       0x14 CMakeFiles/ohmimetro.dir/C_/Users/jpabl/.pico-sdk/sdk/2.1.1/src/rp2_common/hardware_i2c/i2c.c.obj
                0x10005660                i2c_write_blocking
 .text.adc_init
                0x10005674       0x38 CMakeFiles/ohmimetro.dir/C_/Users/jpabl/.pico-sdk/sdk/2.1.1/src/rp2_common/hardware_adc/adc.c.obj
                0x10005674                adc_init
 .text.pio_claim_unused_sm
                0x100056ac       0x38 CMakeFiles/ohmimetro.dir/C_/Users/jpabl/.pico-sdk/sdk/2.1.1/src/rp2_common/hardware_pio/pio.c.obj
                0x100056ac                pio_claim_unused_sm
 .text.pio_add_program
                0x100056e4       0xf8 CMakeFiles/ohmimetro.dir/C_/Users/jpabl/.pico-sdk/sdk/2.1.1/src/rp2_common/hardware_pio/pio.c.obj
                0x100056e4                pio_add_program
 .text.pio_sm_set_consecutive_pindirs
                0x100057dc       0xb4 CMakeFiles/ohmimetro.dir/C_/Users/jpabl/.pico-sdk/sdk/2.1.1/src/rp2_common/hardware_pio/pio.c.obj
                0x100057dc                pio_sm_set_consecutive_pindirs
 .text.pio_sm_init
                0x10005890       0x9c CMakeFiles/ohmimetro.dir/C_/Users/jpabl/.pico-sdk/sdk/2.1.1/src/rp2_common/hardware_pio/pio.c.obj
                0x10005890                pio_sm_init
 .text.calloc   0x1000592c       0x18 C:/Users/jpabl/.pico-sdk/toolchain/14_2_Rel1/bin/../lib/gcc/arm-none-eabi/14.2.1/thumb/v6-m/nofp\libg.a(libc_a-calloc.o)
                0x1000592c                calloc
 .text._calloc_r
                0x10005944       0xa8 C:/Users/jpabl/.pico-sdk/toolchain/14_2_Rel1/bin/../lib/gcc/arm-none-eabi/14.2.1/thumb/v6-m/nofp\libg.a(libc_a-callocr.o)
                0x10005944                _calloc_r
 .text._malloc_r
                0x100059ec      0x5cc C:/Users/jpabl/.pico-sdk/toolchain/14_2_Rel1/bin/../lib/gcc/arm-none-eabi/14.2.1/thumb/v6-m/nofp\libg.a(libc_a-mallocr.o)
                0x100059ec                _malloc_r
 .text.__malloc_lock
                0x10005fb8       0x10 C:/Users/jpabl/.pico-sdk/toolchain/14_2_Rel1/bin/../lib/gcc/arm-none-eabi/14.2.1/thumb/v6-m/nofp\libg.a(libc_a-mlock.o)
                0x10005fb8                __malloc_lock
 .text.__malloc_unlock
                0x10005fc8       0x10 C:/Users/jpabl/.pico-sdk/toolchain/14_2_Rel1/bin/../lib/gcc/arm-none-eabi/14.2.1/thumb/v6-m/nofp\libg.a(libc_a-mlock.o)
                0x10005fc8                __malloc_unlock
 .text._sbrk_r  0x10005fd8       0x24 C:/Users/jpabl/.pico-sdk/toolchain/14_2_Rel1/bin/../lib/gcc/arm-none-eabi/14.2.1/thumb/v6-m/nofp\libg.a(libc_a-sbrkr.o)
                0x10005fd8                _sbrk_r
 .text.__errno  0x10005ffc        0xc C:/Users/jpabl/.pico-sdk/toolchain/14_2_Rel1/bin/../lib/gcc/arm-none-eabi/14.2.1/thumb/v6-m/nofp\libg.a(libc_a-errno.o)
                0x10005ffc                __errno
 .text.__retarget_lock_acquire_recursive
                0x10006008        0x4 C:/Users/jpabl/.pico-sdk/toolchain/14_2_Rel1/bin/../lib/gcc/arm-none-eabi/14.2.1/thumb/v6-m/nofp\libg.a(libc_a-lock.o)
                0x10006008                __retarget_lock_acquire_recursive
 .text.__retarget_lock_release_recursive
                0x1000600c        0x4 C:/Users/jpabl/.pico-sdk/toolchain/14_2_Rel1/bin/../lib/gcc/arm-none-eabi/14.2.1/thumb/v6-m/nofp\libg.a(libc_a-lock.o)
                0x1000600c                __retarget_lock_release_recursive
 .text.sysconf  0x10006010       0x1c C:/Users/jpabl/.pico-sdk/toolchain/14_2_Rel1/bin/../lib/gcc/arm-none-eabi/14.2.1/thumb/v6-m/nofp\libg.a(libc_a-sysconf.o)
                0x10006010                sysconf
 .text.strlen   0x1000602c       0x5c C:/Users/jpabl/.pico-sdk/toolchain/14_2_Rel1/bin/../lib/gcc/arm-none-eabi/14.2.1/thumb/v6-m/nofp\libg.a(libc_a-strlen-stub.o)
                0x1000602c                strlen
 .text._malloc_trim_r
                0x10006088       0xb4 C:/Users/jpabl/.pico-sdk/toolchain/14_2_Rel1/bin/../lib/gcc/arm-none-eabi/14.2.1/thumb/v6-m/nofp\libg.a(libc_a-freer.o)
                0x10006088                _malloc_trim_r
 .text._free_r  0x1000613c      0x1f0 C:/Users/jpabl/.pico-sdk/toolchain/14_2_Rel1/bin/../lib/gcc/arm-none-eabi/14.2.1/thumb/v6-m/nofp\libg.a(libc_a-freer.o)
                0x1000613c                _free_r
 *(.fini)
 .fini          0x1000632c        0x4 C:/Users/jpabl/.pico-sdk/toolchain/14_2_Rel1/bin/../lib/gcc/arm-none-eabi/14.2.1/thumb/v6-m/nofp/crti.o
                0x1000632c                _fini
 .fini.__stub   0x10006330       0x40 linker stubs
 *crtbegin.o(.ctors)
 *crtbegin?.o(.ctors)
 *(EXCLUDE_FILE(*crtend.o *crtend?.o) .ctors)
 *(SORT_BY_NAME(.ctors.*))
 *(.ctors)
 *crtbegin.o(.dtors)
 *crtbegin?.o(.dtors)
 *(EXCLUDE_FILE(*crtend.o *crtend?.o) .dtors)
 *(SORT_BY_NAME(.dtors.*))
 *(.dtors)
                0x10006370                        . = ALIGN (0x4)
                0x10006370                        PROVIDE (__preinit_array_start = .)
 *(SORT_BY_NAME(.preinit_array.*))
 .preinit_array.00100
                0x10006370        0x4 CMakeFiles/ohmimetro.dir/C_/Users/jpabl/.pico-sdk/sdk/2.1.1/src/rp2_common/pico_runtime_init/runtime_init.c.obj
                0x10006370                __pre_init_runtime_init_early_resets
 .preinit_array.00101
                0x10006374        0x4 CMakeFiles/ohmimetro.dir/C_/Users/jpabl/.pico-sdk/sdk/2.1.1/src/rp2_common/pico_runtime_init/runtime_init.c.obj
                0x10006374                __pre_init_runtime_init_usb_power_down
 .preinit_array.00275
                0x10006378        0x4 CMakeFiles/ohmimetro.dir/C_/Users/jpabl/.pico-sdk/sdk/2.1.1/src/rp2_common/pico_bit_ops/bit_ops_aeabi.S.obj
 .preinit_array.00300
                0x1000637c        0x4 CMakeFiles/ohmimetro.dir/C_/Users/jpabl/.pico-sdk/sdk/2.1.1/src/rp2_common/pico_mem_ops/mem_ops_aeabi.S.obj
 .preinit_array.00350
                0x10006380        0x4 CMakeFiles/ohmimetro.dir/C_/Users/jpabl/.pico-sdk/sdk/2.1.1/src/rp2_common/pico_double/double_aeabi_rp2040.S.obj
 .preinit_array.00350
                0x10006384        0x4 CMakeFiles/ohmimetro.dir/C_/Users/jpabl/.pico-sdk/sdk/2.1.1/src/rp2_common/pico_float/float_aeabi_rp2040.S.obj
 .preinit_array.00500
                0x10006388        0x4 CMakeFiles/ohmimetro.dir/C_/Users/jpabl/.pico-sdk/sdk/2.1.1/src/rp2_common/pico_runtime_init/runtime_init.c.obj
                0x10006388                __pre_init_runtime_init_clocks
 .preinit_array.00600
                0x1000638c        0x4 CMakeFiles/ohmimetro.dir/C_/Users/jpabl/.pico-sdk/sdk/2.1.1/src/rp2_common/pico_runtime_init/runtime_init.c.obj
                0x1000638c                __pre_init_runtime_init_post_clock_resets
 .preinit_array.00700
                0x10006390        0x4 CMakeFiles/ohmimetro.dir/C_/Users/jpabl/.pico-sdk/sdk/2.1.1/src/rp2_common/pico_runtime_init/runtime_init.c.obj
                0x10006390                __pre_init_runtime_init_rp2040_gpio_ie_disable
 .preinit_array.01000
                0x10006394        0x4 CMakeFiles/ohmimetro.dir/C_/Users/jpabl/.pico-sdk/sdk/2.1.1/src/rp2_common/pico_runtime_init/runtime_init.c.obj
                0x10006394                __pre_init_runtime_init_spin_locks_reset
 .preinit_array.01100
                0x10006398        0x4 CMakeFiles/ohmimetro.dir/C_/Users/jpabl/.pico-sdk/sdk/2.1.1/src/common/pico_sync/mutex.c.obj
                0x10006398                __pre_init_runtime_init_mutex
 .preinit_array.10080
                0x1000639c        0x4 CMakeFiles/ohmimetro.dir/C_/Users/jpabl/.pico-sdk/sdk/2.1.1/src/rp2_common/pico_runtime_init/runtime_init.c.obj
                0x1000639c                __pre_init_runtime_init_install_ram_vector_table
 .preinit_array.11000
                0x100063a0        0x4 CMakeFiles/ohmimetro.dir/C_/Users/jpabl/.pico-sdk/sdk/2.1.1/src/common/pico_time/time.c.obj
                0x100063a0                __pre_init_runtime_init_default_alarm_pool
 .preinit_array.YYYYY
                0x100063a4        0x4 CMakeFiles/ohmimetro.dir/C_/Users/jpabl/.pico-sdk/sdk/2.1.1/src/rp2_common/pico_runtime/runtime.c.obj
                0x100063a4                __pre_init_first_per_core_initializer
 .preinit_array.ZZZZZ.01200
                0x100063a8        0x4 CMakeFiles/ohmimetro.dir/C_/Users/jpabl/.pico-sdk/sdk/2.1.1/src/rp2_common/hardware_irq/irq.c.obj
                0x100063a8                __pre_init_runtime_init_per_core_irq_priorities
 *(.preinit_array)
                0x100063ac                        PROVIDE (__preinit_array_end = .)
                0x100063ac                        . = ALIGN (0x4)
                0x100063ac                        PROVIDE (__init_array_start = .)
 *(SORT_BY_NAME(.init_array.*))
 *(.init_array)
 .init_array    0x100063ac        0x4 C:/Users/jpabl/.pico-sdk/toolchain/14_2_Rel1/bin/../lib/gcc/arm-none-eabi/14.2.1/thumb/v6-m/nofp/crtbegin.o
                0x100063b0                        PROVIDE (__init_array_end = .)
                0x100063b0                        . = ALIGN (0x4)
                [!provide]                        PROVIDE (__fini_array_start = .)
 *(SORT_BY_NAME(.fini_array.*))
 *(.fini_array)
                [!provide]                        PROVIDE (__fini_array_end = .)
 *(.eh_frame*)
 .eh_frame      0x100063b0        0x0 C:/Users/jpabl/.pico-sdk/toolchain/14_2_Rel1/bin/../lib/gcc/arm-none-eabi/14.2.1/thumb/v6-m/nofp/crtbegin.o
                0x100063b0                        . = ALIGN (0x4)

.glue_7         0x100063b0        0x0
 .glue_7        0x100063b0        0x0 linker stubs

.glue_7t        0x100063b0        0x0
 .glue_7t       0x100063b0        0x0 linker stubs

.vfp11_veneer   0x100063b0        0x0
 .vfp11_veneer  0x100063b0        0x0 linker stubs

.v4_bx          0x100063b0        0x0
 .v4_bx         0x100063b0        0x0 linker stubs

.iplt           0x100063b0        0x0
 .iplt          0x100063b0        0x0 C:/Users/jpabl/.pico-sdk/toolchain/14_2_Rel1/bin/../lib/gcc/arm-none-eabi/14.2.1/thumb/v6-m/nofp/crtbegin.o

.rodata         0x100063b0      0x774
 *(EXCLUDE_FILE(*libm.a: *libc.a:*lib_a-mem*.o *libgcc.a:) .rodata*)
 .rodata.gpio_button_joystick_handler.str1.4
                0x100063b0      0x1b0 CMakeFiles/ohmimetro.dir/ohmimetro.c.obj
                                 0x3f (size before relaxing)
 .rodata.atualiza_display.str1.4
                0x10006560       0x2f CMakeFiles/ohmimetro.dir/ohmimetro.c.obj
 .rodata.str1.4
                0x10006560       0x53 CMakeFiles/ohmimetro.dir/ohmimetro.c.obj
 .rodata.E24    0x10006560       0x60 CMakeFiles/ohmimetro.dir/ohmimetro.c.obj
                0x10006560                E24
 .rodata.font   0x100065c0      0x2f8 CMakeFiles/ohmimetro.dir/lib/ssd1306.c.obj
 .rodata.ws2812b_program
                0x100068b8        0x8 CMakeFiles/ohmimetro.dir/lib/neopixel.c.obj
 .rodata.ws2812b_program_instructions
                0x100068c0        0xe CMakeFiles/ohmimetro.dir/lib/neopixel.c.obj
 .rodata.panic.str1.4
                0x100068ce       0x12 CMakeFiles/ohmimetro.dir/C_/Users/jpabl/.pico-sdk/sdk/2.1.1/src/rp2_common/pico_platform_panic/panic.c.obj
 .rodata.timer_hardware_alarm_claim.str1.4
                0x100068ce       0x22 CMakeFiles/ohmimetro.dir/C_/Users/jpabl/.pico-sdk/sdk/2.1.1/src/rp2_common/hardware_timer/timer.c.obj
 .rodata.hard_assertion_failure.str1.4
                0x100068ce        0xc CMakeFiles/ohmimetro.dir/C_/Users/jpabl/.pico-sdk/sdk/2.1.1/src/rp2_common/pico_runtime/runtime.c.obj
 .rodata.missing_double_func_shim.str1.4
                0x100068ce       0x18 CMakeFiles/ohmimetro.dir/C_/Users/jpabl/.pico-sdk/sdk/2.1.1/src/rp2_common/pico_double/double_init_rom_rp2040.c.obj
 .rodata.missing_float_func_shim.str1.4
                0x100068ce        0x1 CMakeFiles/ohmimetro.dir/C_/Users/jpabl/.pico-sdk/sdk/2.1.1/src/rp2_common/pico_float/float_init_rom_rp2040.c.obj
 .rodata.__wrap_malloc.str1.4
                0x100068ce        0xe CMakeFiles/ohmimetro.dir/C_/Users/jpabl/.pico-sdk/sdk/2.1.1/src/rp2_common/pico_malloc/malloc.c.obj
 .rodata.str1.4
                0x100068ce       0x44 CMakeFiles/ohmimetro.dir/C_/Users/jpabl/.pico-sdk/sdk/2.1.1/src/rp2_common/pico_standard_binary_info/standard_binary_info.c.obj
 *fill*         0x100068ce        0x2 
 .rodata.__bi_84
                0x100068d0        0xc CMakeFiles/ohmimetro.dir/C_/Users/jpabl/.pico-sdk/sdk/2.1.1/src/rp2_common/pico_standard_binary_info/standard_binary_info.c.obj
 .rodata.__bi_78
                0x100068dc        0xc CMakeFiles/ohmimetro.dir/C_/Users/jpabl/.pico-sdk/sdk/2.1.1/src/rp2_common/pico_standard_binary_info/standard_binary_info.c.obj
 .rodata.__bi_60
                0x100068e8        0xc CMakeFiles/ohmimetro.dir/C_/Users/jpabl/.pico-sdk/sdk/2.1.1/src/rp2_common/pico_standard_binary_info/standard_binary_info.c.obj
 .rodata.__bi_54
                0x100068f4        0xc CMakeFiles/ohmimetro.dir/C_/Users/jpabl/.pico-sdk/sdk/2.1.1/src/rp2_common/pico_standard_binary_info/standard_binary_info.c.obj
 .rodata.__bi_48
                0x10006900        0xc CMakeFiles/ohmimetro.dir/C_/Users/jpabl/.pico-sdk/sdk/2.1.1/src/rp2_common/pico_standard_binary_info/standard_binary_info.c.obj
 .rodata.__bi_42
                0x1000690c        0xc CMakeFiles/ohmimetro.dir/C_/Users/jpabl/.pico-sdk/sdk/2.1.1/src/rp2_common/pico_standard_binary_info/standard_binary_info.c.obj
 .rodata.__bi_34
                0x10006918        0xc CMakeFiles/ohmimetro.dir/C_/Users/jpabl/.pico-sdk/sdk/2.1.1/src/rp2_common/pico_standard_binary_info/standard_binary_info.c.obj
 .rodata.__bi_26
                0x10006924        0xc CMakeFiles/ohmimetro.dir/C_/Users/jpabl/.pico-sdk/sdk/2.1.1/src/rp2_common/pico_standard_binary_info/standard_binary_info.c.obj
 .rodata._ftoa.str1.4
                0x10006930       0x15 CMakeFiles/ohmimetro.dir/C_/Users/jpabl/.pico-sdk/sdk/2.1.1/src/rp2_common/pico_printf/printf.c.obj
 .rodata._vsnprintf
                0x10006930      0x19c CMakeFiles/ohmimetro.dir/C_/Users/jpabl/.pico-sdk/sdk/2.1.1/src/rp2_common/pico_printf/printf.c.obj
 *fill*         0x10006acc        0x4 
 .rodata.pow10.0
                0x10006ad0       0x50 CMakeFiles/ohmimetro.dir/C_/Users/jpabl/.pico-sdk/sdk/2.1.1/src/rp2_common/pico_printf/printf.c.obj
 .rodata.crlf_str.0
                0x10006b20        0x2 CMakeFiles/ohmimetro.dir/C_/Users/jpabl/.pico-sdk/sdk/2.1.1/src/rp2_common/pico_stdio/stdio.c.obj
 .rodata.pio_claim_unused_sm.str1.4
                0x10006b22       0x24 CMakeFiles/ohmimetro.dir/C_/Users/jpabl/.pico-sdk/sdk/2.1.1/src/rp2_common/hardware_pio/pio.c.obj
                0x10006b48                        . = ALIGN (0x4)
 *fill*         0x10006b22        0x2 
 *(SORT_BY_ALIGNMENT(SORT_BY_NAME(.flashdata*)))
                0x10006b24                        . = ALIGN (0x4)

.ARM.extab
 *(.ARM.extab* .gnu.linkonce.armextab.*)
                0x10006b24                        __exidx_start = .

.ARM.exidx
 *(.ARM.exidx* .gnu.linkonce.armexidx.*)
                0x10006b24                        __exidx_end = .
                0x10006b24                        . = ALIGN (0x4)
                0x10006b24                        __binary_info_start = .

.binary_info    0x10006b24       0x20
 *(.binary_info.keep.*)
 .binary_info.keep.__bi_ptr84
                0x10006b24        0x4 CMakeFiles/ohmimetro.dir/C_/Users/jpabl/.pico-sdk/sdk/2.1.1/src/rp2_common/pico_standard_binary_info/standard_binary_info.c.obj
 .binary_info.keep.__bi_ptr78
                0x10006b28        0x4 CMakeFiles/ohmimetro.dir/C_/Users/jpabl/.pico-sdk/sdk/2.1.1/src/rp2_common/pico_standard_binary_info/standard_binary_info.c.obj
 .binary_info.keep.__bi_ptr60
                0x10006b2c        0x4 CMakeFiles/ohmimetro.dir/C_/Users/jpabl/.pico-sdk/sdk/2.1.1/src/rp2_common/pico_standard_binary_info/standard_binary_info.c.obj
 .binary_info.keep.__bi_ptr54
                0x10006b30        0x4 CMakeFiles/ohmimetro.dir/C_/Users/jpabl/.pico-sdk/sdk/2.1.1/src/rp2_common/pico_standard_binary_info/standard_binary_info.c.obj
 .binary_info.keep.__bi_ptr48
                0x10006b34        0x4 CMakeFiles/ohmimetro.dir/C_/Users/jpabl/.pico-sdk/sdk/2.1.1/src/rp2_common/pico_standard_binary_info/standard_binary_info.c.obj
 .binary_info.keep.__bi_ptr42
                0x10006b38        0x4 CMakeFiles/ohmimetro.dir/C_/Users/jpabl/.pico-sdk/sdk/2.1.1/src/rp2_common/pico_standard_binary_info/standard_binary_info.c.obj
 .binary_info.keep.__bi_ptr34
                0x10006b3c        0x4 CMakeFiles/ohmimetro.dir/C_/Users/jpabl/.pico-sdk/sdk/2.1.1/src/rp2_common/pico_standard_binary_info/standard_binary_info.c.obj
 .binary_info.keep.__bi_ptr26
                0x10006b40        0x4 CMakeFiles/ohmimetro.dir/C_/Users/jpabl/.pico-sdk/sdk/2.1.1/src/rp2_common/pico_standard_binary_info/standard_binary_info.c.obj
 *(.binary_info.*)
                0x10006b44                        __binary_info_end = .

.rel.dyn        0x10006b44        0x0
 .rel.iplt      0x10006b44        0x0 C:/Users/jpabl/.pico-sdk/toolchain/14_2_Rel1/bin/../lib/gcc/arm-none-eabi/14.2.1/thumb/v6-m/nofp/crtbegin.o
                0x10006b44                        . = ALIGN (0x4)

.ram_vector_table
                0x20000000       0xc0
 *(.ram_vector_table)
 .ram_vector_table
                0x20000000       0xc0 CMakeFiles/ohmimetro.dir/C_/Users/jpabl/.pico-sdk/sdk/2.1.1/src/rp2_common/pico_runtime_init/runtime_init.c.obj
                0x20000000                ram_vector_table

.uninitialized_data
                0x200000c0        0x0
                0x200000c0                        . = ALIGN (0x4)
 *(.uninitialized_data*)

.data           0x200000c0      0x7a0 load address 0x10006b44
                0x200000c0                        __data_start__ = .
 *(vtable)
 *(.time_critical*)
 .time_critical.mutex_try_enter_block_until
                0x200000c0       0x98 CMakeFiles/ohmimetro.dir/C_/Users/jpabl/.pico-sdk/sdk/2.1.1/src/common/pico_sync/mutex.c.obj
                0x200000c0                mutex_try_enter_block_until
 .time_critical.mutex_exit
                0x20000158       0x28 CMakeFiles/ohmimetro.dir/C_/Users/jpabl/.pico-sdk/sdk/2.1.1/src/common/pico_sync/mutex.c.obj
                0x20000158                mutex_exit
 *(.text*)
 .text          0x20000180        0x4 C:/Users/jpabl/.pico-sdk/toolchain/14_2_Rel1/bin/../lib/gcc/arm-none-eabi/14.2.1/thumb/v6-m/nofp\libgcc.a(_dvmd_tls.o)
                0x20000180                __aeabi_idiv0
                0x20000180                __aeabi_ldiv0
 *fill*         0x20000184        0x4 
 .text.__stub   0x20000188       0x10 linker stubs
                0x20000198                        . = ALIGN (0x4)
 *(.rodata*)
                0x20000198                        . = ALIGN (0x4)
 *(.data*)
 .data.cores    0x20000198       0xc8 CMakeFiles/ohmimetro.dir/ohmimetro.c.obj
                0x20000198                cores
 .data.np_pio   0x20000260        0x4 CMakeFiles/ohmimetro.dir/lib/neopixel.c.obj
                0x20000260                np_pio
 .data.striped_spin_lock_num
                0x20000264        0x1 CMakeFiles/ohmimetro.dir/C_/Users/jpabl/.pico-sdk/sdk/2.1.1/src/rp2_common/hardware_sync/sync.c.obj
 *fill*         0x20000265        0x3 
 .data          0x20000268       0x48 CMakeFiles/ohmimetro.dir/C_/Users/jpabl/.pico-sdk/sdk/2.1.1/src/rp2_common/hardware_irq/irq_handler_chain.S.obj
                0x20000268                irq_handler_chain_slots
                0x20000298                irq_handler_chain_first_slot
                0x200002a2                irq_handler_chain_remove_tail
 .data.default_alarm_pool
                0x200002b0       0x18 CMakeFiles/ohmimetro.dir/C_/Users/jpabl/.pico-sdk/sdk/2.1.1/src/common/pico_time/time.c.obj
 *fill*         0x200002c8        0x8 
 .data.aeabi_bits_funcs
                0x200002d0       0x10 CMakeFiles/ohmimetro.dir/C_/Users/jpabl/.pico-sdk/sdk/2.1.1/src/rp2_common/pico_bit_ops/bit_ops_aeabi.S.obj
                0x200002d0                aeabi_bits_funcs
                0x200002e0                aeabi_bits_funcs_end
 .data.aeabi_mem_funcs
                0x200002e0       0x10 CMakeFiles/ohmimetro.dir/C_/Users/jpabl/.pico-sdk/sdk/2.1.1/src/rp2_common/pico_mem_ops/mem_ops_aeabi.S.obj
                0x200002e0                aeabi_mem_funcs
                0x200002f0                aeabi_mem_funcs_end
 .data.i2c1_inst
                0x200002f0        0x8 CMakeFiles/ohmimetro.dir/C_/Users/jpabl/.pico-sdk/sdk/2.1.1/src/rp2_common/hardware_i2c/i2c.c.obj
                0x200002f0                i2c1_inst
 .data.i2c0_inst
                0x200002f8        0x8 CMakeFiles/ohmimetro.dir/C_/Users/jpabl/.pico-sdk/sdk/2.1.1/src/rp2_common/hardware_i2c/i2c.c.obj
                0x200002f8                i2c0_inst
 .data.__malloc_sbrk_base
                0x20000300        0x4 C:/Users/jpabl/.pico-sdk/toolchain/14_2_Rel1/bin/../lib/gcc/arm-none-eabi/14.2.1/thumb/v6-m/nofp\libg.a(libc_a-mallocr.o)
                0x20000300                __malloc_sbrk_base
 .data.__malloc_trim_threshold
                0x20000304        0x4 C:/Users/jpabl/.pico-sdk/toolchain/14_2_Rel1/bin/../lib/gcc/arm-none-eabi/14.2.1/thumb/v6-m/nofp\libg.a(libc_a-mallocr.o)
                0x20000304                __malloc_trim_threshold
 .data.__malloc_av_
                0x20000308      0x408 C:/Users/jpabl/.pico-sdk/toolchain/14_2_Rel1/bin/../lib/gcc/arm-none-eabi/14.2.1/thumb/v6-m/nofp\libg.a(libc_a-mallocr.o)
                0x20000308                __malloc_av_
 .data._impure_ptr
                0x20000710        0x4 C:/Users/jpabl/.pico-sdk/toolchain/14_2_Rel1/bin/../lib/gcc/arm-none-eabi/14.2.1/thumb/v6-m/nofp\libg.a(libc_a-impure.o)
                0x20000710                _impure_ptr
 *fill*         0x20000714        0x4 
 .data._impure_data
                0x20000718      0x140 C:/Users/jpabl/.pico-sdk/toolchain/14_2_Rel1/bin/../lib/gcc/arm-none-eabi/14.2.1/thumb/v6-m/nofp\libg.a(libc_a-impure.o)
                0x20000718                _impure_data
                0x20000858                        . = ALIGN (0x4)
 *(.after_data.*)
                0x20000858                        . = ALIGN (0x4)
                0x20000858                        PROVIDE (__mutex_array_start = .)
 *(SORT_BY_NAME(.mutex_array.*))
 *(.mutex_array)
 .mutex_array   0x20000858        0x8 CMakeFiles/ohmimetro.dir/C_/Users/jpabl/.pico-sdk/sdk/2.1.1/src/rp2_common/pico_stdio/stdio.c.obj
                0x20000860                        PROVIDE (__mutex_array_end = .)
                0x20000860                        . = ALIGN (0x4)
 *(.jcr)
                0x20000860                        . = ALIGN (0x4)

.tm_clone_table
                0x20000860        0x0 load address 0x100072e4
 .tm_clone_table
                0x20000860        0x0 C:/Users/jpabl/.pico-sdk/toolchain/14_2_Rel1/bin/../lib/gcc/arm-none-eabi/14.2.1/thumb/v6-m/nofp/crtbegin.o
 .tm_clone_table
                0x20000860        0x0 C:/Users/jpabl/.pico-sdk/toolchain/14_2_Rel1/bin/../lib/gcc/arm-none-eabi/14.2.1/thumb/v6-m/nofp/crtend.o

.igot.plt       0x20000860        0x0 load address 0x100072e4
 .igot.plt      0x20000860        0x0 C:/Users/jpabl/.pico-sdk/toolchain/14_2_Rel1/bin/../lib/gcc/arm-none-eabi/14.2.1/thumb/v6-m/nofp/crtbegin.o

.tdata          0x20000860        0x0 load address 0x100072e4
                0x20000860                        . = ALIGN (0x4)
 *(.tdata .tdata.* .gnu.linkonce.td.*)
                0x20000860                        __tdata_end = .
                0x20000860                        PROVIDE (__data_end__ = .)
                0x10006b44                        __etext = LOADADDR (.data)

.tbss           0x20000860        0x0 load address 0x100072e4
                0x20000860                        . = ALIGN (0x4)
                0x20000860                        __bss_start__ = .
                0x20000860                        __tls_base = .
 *(.tbss .tbss.* .gnu.linkonce.tb.*)
 *(.tcommon)
                0x20000860                        __tls_end = .

.bss            0x20000860      0x604 load address 0x100072e4
                0x20000860                        . = ALIGN (0x4)
                0x20000860                        __tbss_end = .
 *(SORT_BY_ALIGNMENT(SORT_BY_NAME(.bss*)))
 .bss.default_alarm_pool_entries
                0x20000860      0x180 CMakeFiles/ohmimetro.dir/C_/Users/jpabl/.pico-sdk/sdk/2.1.1/src/common/pico_time/time.c.obj
 .bss.leds      0x200009e0       0x4b CMakeFiles/ohmimetro.dir/lib/neopixel.c.obj
                0x200009e0                leds
 *fill*         0x20000a2b        0x5 
 .bss.sd_table  0x20000a30      0x100 CMakeFiles/ohmimetro.dir/C_/Users/jpabl/.pico-sdk/sdk/2.1.1/src/rp2_common/pico_double/double_init_rom_rp2040.c.obj
                0x20000a30                sd_table
 .bss.__lock___malloc_recursive_mutex
                0x20000b30        0x1 C:/Users/jpabl/.pico-sdk/toolchain/14_2_Rel1/bin/../lib/gcc/arm-none-eabi/14.2.1/thumb/v6-m/nofp\libg.a(libc_a-lock.o)
                0x20000b30                __lock___malloc_recursive_mutex
 *fill*         0x20000b31        0x3 
 .bss.__malloc_current_mallinfo
                0x20000b34       0x28 C:/Users/jpabl/.pico-sdk/toolchain/14_2_Rel1/bin/../lib/gcc/arm-none-eabi/14.2.1/thumb/v6-m/nofp\libg.a(libc_a-mallocr.o)
                0x20000b34                __malloc_current_mallinfo
 .bss.__malloc_max_sbrked_mem
                0x20000b5c        0x4 C:/Users/jpabl/.pico-sdk/toolchain/14_2_Rel1/bin/../lib/gcc/arm-none-eabi/14.2.1/thumb/v6-m/nofp\libg.a(libc_a-mallocr.o)
                0x20000b5c                __malloc_max_sbrked_mem
 .bss.__malloc_max_total_mem
                0x20000b60        0x4 C:/Users/jpabl/.pico-sdk/toolchain/14_2_Rel1/bin/../lib/gcc/arm-none-eabi/14.2.1/thumb/v6-m/nofp\libg.a(libc_a-mallocr.o)
                0x20000b60                __malloc_max_total_mem
 .bss.__malloc_top_pad
                0x20000b64        0x4 C:/Users/jpabl/.pico-sdk/toolchain/14_2_Rel1/bin/../lib/gcc/arm-none-eabi/14.2.1/thumb/v6-m/nofp\libg.a(libc_a-mallocr.o)
                0x20000b64                __malloc_top_pad
 .bss.__sf      0x20000b68      0x138 C:/Users/jpabl/.pico-sdk/toolchain/14_2_Rel1/bin/../lib/gcc/arm-none-eabi/14.2.1/thumb/v6-m/nofp\libg.a(libc_a-findfp.o)
                0x20000b68                __sf
 .bss._used_instruction_space
                0x20000ca0        0x8 CMakeFiles/ohmimetro.dir/C_/Users/jpabl/.pico-sdk/sdk/2.1.1/src/rp2_common/hardware_pio/pio.c.obj
 .bss.callbacks
                0x20000ca8        0x8 CMakeFiles/ohmimetro.dir/C_/Users/jpabl/.pico-sdk/sdk/2.1.1/src/rp2_common/hardware_gpio/gpio.c.obj
 .bss.claimed   0x20000cb0        0x1 CMakeFiles/ohmimetro.dir/C_/Users/jpabl/.pico-sdk/sdk/2.1.1/src/rp2_common/hardware_timer/timer.c.obj
 *fill*         0x20000cb1        0x3 
 .bss.claimed   0x20000cb4        0x1 CMakeFiles/ohmimetro.dir/C_/Users/jpabl/.pico-sdk/sdk/2.1.1/src/rp2_common/hardware_pio/pio.c.obj
 *fill*         0x20000cb5        0x3 
 .bss.configured_freq
                0x20000cb8       0x28 CMakeFiles/ohmimetro.dir/C_/Users/jpabl/.pico-sdk/sdk/2.1.1/src/rp2_common/hardware_clocks/clocks.c.obj
 .bss.drivers   0x20000ce0        0x4 CMakeFiles/ohmimetro.dir/C_/Users/jpabl/.pico-sdk/sdk/2.1.1/src/rp2_common/pico_stdio/stdio.c.obj
 .bss.errno     0x20000ce4        0x4 C:/Users/jpabl/.pico-sdk/toolchain/14_2_Rel1/bin/../lib/gcc/arm-none-eabi/14.2.1/thumb/v6-m/nofp\libg.a(libc_a-reent.o)
                0x20000ce4                errno
 .bss.filter    0x20000ce8        0x4 CMakeFiles/ohmimetro.dir/C_/Users/jpabl/.pico-sdk/sdk/2.1.1/src/rp2_common/pico_stdio/stdio.c.obj
 .bss.heap_end.0
                0x20000cec        0x4 CMakeFiles/ohmimetro.dir/C_/Users/jpabl/.pico-sdk/sdk/2.1.1/src/rp2_common/pico_clib_interface/newlib_interface.c.obj
 .bss.lazy_vsnprintf
                0x20000cf0        0x4 CMakeFiles/ohmimetro.dir/C_/Users/jpabl/.pico-sdk/sdk/2.1.1/src/rp2_common/pico_printf/printf.c.obj
 .bss.object.0  0x20000cf4       0x18 C:/Users/jpabl/.pico-sdk/toolchain/14_2_Rel1/bin/../lib/gcc/arm-none-eabi/14.2.1/thumb/v6-m/nofp/crtbegin.o
 .bss.pools     0x20000d0c       0x10 CMakeFiles/ohmimetro.dir/C_/Users/jpabl/.pico-sdk/sdk/2.1.1/src/common/pico_time/time.c.obj
 .bss.raw_irq_mask
                0x20000d1c        0x8 CMakeFiles/ohmimetro.dir/C_/Users/jpabl/.pico-sdk/sdk/2.1.1/src/rp2_common/hardware_gpio/gpio.c.obj
 .bss.sf_clz_func
                0x20000d24        0x4 CMakeFiles/ohmimetro.dir/C_/Users/jpabl/.pico-sdk/sdk/2.1.1/src/rp2_common/pico_double/double_init_rom_rp2040.c.obj
                0x20000d24                sf_clz_func
 .bss.sf_table  0x20000d28      0x100 CMakeFiles/ohmimetro.dir/C_/Users/jpabl/.pico-sdk/sdk/2.1.1/src/rp2_common/pico_float/float_init_rom_rp2040.c.obj
                0x20000d28                sf_table
 .bss.sleep_notifier
                0x20000e28        0x4 CMakeFiles/ohmimetro.dir/C_/Users/jpabl/.pico-sdk/sdk/2.1.1/src/common/pico_time/time.c.obj
 .bss.sm        0x20000e2c        0x4 CMakeFiles/ohmimetro.dir/lib/neopixel.c.obj
                0x20000e2c                sm
 .bss.ssd       0x20000e30       0x18 CMakeFiles/ohmimetro.dir/ohmimetro.c.obj
                0x20000e30                ssd
 .bss.str_adc   0x20000e48        0x6 CMakeFiles/ohmimetro.dir/ohmimetro.c.obj
                0x20000e48                str_adc
 *fill*         0x20000e4e        0x2 
 .bss.str_resistencia
                0x20000e50        0x6 CMakeFiles/ohmimetro.dir/ohmimetro.c.obj
                0x20000e50                str_resistencia
 *fill*         0x20000e56        0x2 
 .bss.str_resistencia_comercial
                0x20000e58        0x6 CMakeFiles/ohmimetro.dir/ohmimetro.c.obj
                0x20000e58                str_resistencia_comercial
 .bss.faixa1    0x20000e5e        0x1 CMakeFiles/ohmimetro.dir/ohmimetro.c.obj
                0x20000e5e                faixa1
 .bss.faixa2    0x20000e5f        0x1 CMakeFiles/ohmimetro.dir/ohmimetro.c.obj
                0x20000e5f                faixa2
 .bss.irq_handler_chain_free_slot_head
                0x20000e60        0x1 CMakeFiles/ohmimetro.dir/C_/Users/jpabl/.pico-sdk/sdk/2.1.1/src/rp2_common/hardware_irq/irq.c.obj
 .bss.multiplicador
                0x20000e61        0x1 CMakeFiles/ohmimetro.dir/ohmimetro.c.obj
                0x20000e61                multiplicador
 *(COMMON)
                0x20000e64                        . = ALIGN (0x4)
 *fill*         0x20000e62        0x2 
                0x20000e64                        __bss_end__ = .

.heap           0x20000e64      0x800 load address 0x100072e4
                0x20000e64                        __end__ = .
                0x20000e64                        end = __end__
 *(.heap*)
 .heap          0x20000e64      0x800 CMakeFiles/ohmimetro.dir/C_/Users/jpabl/.pico-sdk/sdk/2.1.1/src/rp2_common/pico_crt0/crt0.S.obj
                0x20040000                        __HeapLimit = (ORIGIN (RAM) + LENGTH (RAM))

.scratch_x      0x20040000        0x0 load address 0x100072e4
                0x20040000                        __scratch_x_start__ = .
 *(.scratch_x.*)
                0x20040000                        . = ALIGN (0x4)
                0x20040000                        __scratch_x_end__ = .
                0x100072e4                        __scratch_x_source__ = LOADADDR (.scratch_x)

.scratch_y      0x20041000        0x0 load address 0x100072e4
                0x20041000                        __scratch_y_start__ = .
 *(.scratch_y.*)
                0x20041000                        . = ALIGN (0x4)
                0x20041000                        __scratch_y_end__ = .
                0x100072e4                        __scratch_y_source__ = LOADADDR (.scratch_y)

.stack1_dummy
 *(.stack1*)

.stack_dummy    0x20041000      0x800
 *(.stack*)
 .stack         0x20041000      0x800 CMakeFiles/ohmimetro.dir/C_/Users/jpabl/.pico-sdk/sdk/2.1.1/src/rp2_common/pico_crt0/crt0.S.obj

.flash_end      0x100072e4        0x0
 *(.embedded_end_block*)
                0x100072e4                        PROVIDE (__flash_binary_end = .)
                0x20040000                        __StackLimit = (ORIGIN (RAM) + LENGTH (RAM))
                0x20041000                        __StackOneTop = (ORIGIN (SCRATCH_X) + LENGTH (SCRATCH_X))
                0x20042000                        __StackTop = (ORIGIN (SCRATCH_Y) + LENGTH (SCRATCH_Y))
                0x20041000                        __StackOneBottom = (__StackOneTop - SIZEOF (.stack1_dummy))
                0x20041800                        __StackBottom = (__StackTop - SIZEOF (.stack_dummy))
                0x20042000                        PROVIDE (__stack = __StackTop)
                [!provide]                        PROVIDE (__heap_start = __end__)
                [!provide]                        PROVIDE (__heap_end = __HeapLimit)
                [!provide]                        PROVIDE (__tls_align = MAX (ALIGNOF (.tdata), ALIGNOF (.tbss)))
                [!provide]                        PROVIDE (__tls_size_align = (((__tls_size + __tls_align) - 0x1) & ~ ((__tls_align - 0x1))))
                [!provide]                        PROVIDE (__arm32_tls_tcb_offset = MAX (0x8, __tls_align))
                [!provide]                        PROVIDE (_end = __end__)
                [!provide]                        PROVIDE (__llvm_libc_heap_limit = __HeapLimit)
                0x00000001                        ASSERT ((__StackLimit >= __HeapLimit), region RAM overflowed)
                0x00000001                        ASSERT (((__binary_info_header_end - __logical_binary_start) <= 0x100), Binary info must be in first 256 bytes of the binary)
LOAD CMakeFiles/ohmimetro.dir/ohmimetro.c.obj
LOAD CMakeFiles/ohmimetro.dir/lib/ssd1306.c.obj
LOAD CMakeFiles/ohmimetro.dir/lib/neopixel.c.obj
LOAD CMakeFiles/ohmimetro.dir/C_/Users/jpabl/.pico-sdk/sdk/2.1.1/src/rp2_common/pico_stdlib/stdlib.c.obj
LOAD CMakeFiles/ohmimetro.dir/C_/Users/jpabl/.pico-sdk/sdk/2.1.1/src/rp2_common/hardware_gpio/gpio.c.obj
LOAD CMakeFiles/ohmimetro.dir/C_/Users/jpabl/.pico-sdk/sdk/2.1.1/src/rp2040/pico_platform/platform.c.obj
LOAD CMakeFiles/ohmimetro.dir/C_/Users/jpabl/.pico-sdk/sdk/2.1.1/src/rp2_common/pico_platform_panic/panic.c.obj
LOAD CMakeFiles/ohmimetro.dir/C_/Users/jpabl/.pico-sdk/sdk/2.1.1/src/common/hardware_claim/claim.c.obj
LOAD CMakeFiles/ohmimetro.dir/C_/Users/jpabl/.pico-sdk/sdk/2.1.1/src/rp2_common/hardware_sync/sync.c.obj
LOAD CMakeFiles/ohmimetro.dir/C_/Users/jpabl/.pico-sdk/sdk/2.1.1/src/rp2_common/hardware_sync_spin_lock/sync_spin_lock.c.obj
LOAD CMakeFiles/ohmimetro.dir/C_/Users/jpabl/.pico-sdk/sdk/2.1.1/src/rp2_common/hardware_irq/irq.c.obj
LOAD CMakeFiles/ohmimetro.dir/C_/Users/jpabl/.pico-sdk/sdk/2.1.1/src/rp2_common/hardware_irq/irq_handler_chain.S.obj
LOAD CMakeFiles/ohmimetro.dir/C_/Users/jpabl/.pico-sdk/sdk/2.1.1/src/common/pico_sync/sem.c.obj
LOAD CMakeFiles/ohmimetro.dir/C_/Users/jpabl/.pico-sdk/sdk/2.1.1/src/common/pico_sync/lock_core.c.obj
LOAD CMakeFiles/ohmimetro.dir/C_/Users/jpabl/.pico-sdk/sdk/2.1.1/src/common/pico_sync/mutex.c.obj
LOAD CMakeFiles/ohmimetro.dir/C_/Users/jpabl/.pico-sdk/sdk/2.1.1/src/common/pico_sync/critical_section.c.obj
LOAD CMakeFiles/ohmimetro.dir/C_/Users/jpabl/.pico-sdk/sdk/2.1.1/src/common/pico_time/time.c.obj
LOAD CMakeFiles/ohmimetro.dir/C_/Users/jpabl/.pico-sdk/sdk/2.1.1/src/common/pico_time/timeout_helper.c.obj
LOAD CMakeFiles/ohmimetro.dir/C_/Users/jpabl/.pico-sdk/sdk/2.1.1/src/rp2_common/hardware_timer/timer.c.obj
LOAD CMakeFiles/ohmimetro.dir/C_/Users/jpabl/.pico-sdk/sdk/2.1.1/src/common/pico_util/datetime.c.obj
LOAD CMakeFiles/ohmimetro.dir/C_/Users/jpabl/.pico-sdk/sdk/2.1.1/src/common/pico_util/pheap.c.obj
LOAD CMakeFiles/ohmimetro.dir/C_/Users/jpabl/.pico-sdk/sdk/2.1.1/src/common/pico_util/queue.c.obj
LOAD CMakeFiles/ohmimetro.dir/C_/Users/jpabl/.pico-sdk/sdk/2.1.1/src/rp2_common/hardware_uart/uart.c.obj
LOAD CMakeFiles/ohmimetro.dir/C_/Users/jpabl/.pico-sdk/sdk/2.1.1/src/rp2_common/hardware_clocks/clocks.c.obj
LOAD CMakeFiles/ohmimetro.dir/C_/Users/jpabl/.pico-sdk/sdk/2.1.1/src/rp2_common/hardware_pll/pll.c.obj
LOAD CMakeFiles/ohmimetro.dir/C_/Users/jpabl/.pico-sdk/sdk/2.1.1/src/rp2_common/hardware_vreg/vreg.c.obj
LOAD CMakeFiles/ohmimetro.dir/C_/Users/jpabl/.pico-sdk/sdk/2.1.1/src/rp2_common/hardware_watchdog/watchdog.c.obj
LOAD CMakeFiles/ohmimetro.dir/C_/Users/jpabl/.pico-sdk/sdk/2.1.1/src/rp2_common/hardware_ticks/ticks.c.obj
LOAD CMakeFiles/ohmimetro.dir/C_/Users/jpabl/.pico-sdk/sdk/2.1.1/src/rp2_common/pico_bootrom/bootrom.c.obj
LOAD CMakeFiles/ohmimetro.dir/C_/Users/jpabl/.pico-sdk/sdk/2.1.1/src/rp2_common/pico_bootrom/bootrom_lock.c.obj
LOAD CMakeFiles/ohmimetro.dir/C_/Users/jpabl/.pico-sdk/sdk/2.1.1/src/rp2_common/hardware_boot_lock/boot_lock.c.obj
LOAD CMakeFiles/ohmimetro.dir/C_/Users/jpabl/.pico-sdk/sdk/2.1.1/src/rp2_common/pico_flash/flash.c.obj
LOAD CMakeFiles/ohmimetro.dir/C_/Users/jpabl/.pico-sdk/sdk/2.1.1/src/rp2_common/hardware_xosc/xosc.c.obj
LOAD CMakeFiles/ohmimetro.dir/C_/Users/jpabl/.pico-sdk/sdk/2.1.1/src/rp2_common/hardware_divider/divider.S.obj
LOAD CMakeFiles/ohmimetro.dir/C_/Users/jpabl/.pico-sdk/sdk/2.1.1/src/rp2_common/pico_runtime/runtime.c.obj
LOAD CMakeFiles/ohmimetro.dir/C_/Users/jpabl/.pico-sdk/sdk/2.1.1/src/rp2_common/pico_runtime_init/runtime_init.c.obj
LOAD CMakeFiles/ohmimetro.dir/C_/Users/jpabl/.pico-sdk/sdk/2.1.1/src/rp2_common/pico_runtime_init/runtime_init_clocks.c.obj
LOAD CMakeFiles/ohmimetro.dir/C_/Users/jpabl/.pico-sdk/sdk/2.1.1/src/rp2_common/pico_runtime_init/runtime_init_stack_guard.c.obj
LOAD CMakeFiles/ohmimetro.dir/C_/Users/jpabl/.pico-sdk/sdk/2.1.1/src/rp2_common/pico_bit_ops/bit_ops_aeabi.S.obj
LOAD CMakeFiles/ohmimetro.dir/C_/Users/jpabl/.pico-sdk/sdk/2.1.1/src/rp2_common/pico_divider/divider_hardware.S.obj
LOAD CMakeFiles/ohmimetro.dir/C_/Users/jpabl/.pico-sdk/sdk/2.1.1/src/rp2_common/pico_double/double_aeabi_rp2040.S.obj
LOAD CMakeFiles/ohmimetro.dir/C_/Users/jpabl/.pico-sdk/sdk/2.1.1/src/rp2_common/pico_double/double_init_rom_rp2040.c.obj
LOAD CMakeFiles/ohmimetro.dir/C_/Users/jpabl/.pico-sdk/sdk/2.1.1/src/rp2_common/pico_double/double_math.c.obj
LOAD CMakeFiles/ohmimetro.dir/C_/Users/jpabl/.pico-sdk/sdk/2.1.1/src/rp2_common/pico_double/double_v1_rom_shim_rp2040.S.obj
LOAD CMakeFiles/ohmimetro.dir/C_/Users/jpabl/.pico-sdk/sdk/2.1.1/src/rp2_common/pico_int64_ops/pico_int64_ops_aeabi.S.obj
LOAD CMakeFiles/ohmimetro.dir/C_/Users/jpabl/.pico-sdk/sdk/2.1.1/src/rp2_common/pico_float/float_aeabi_rp2040.S.obj
LOAD CMakeFiles/ohmimetro.dir/C_/Users/jpabl/.pico-sdk/sdk/2.1.1/src/rp2_common/pico_float/float_init_rom_rp2040.c.obj
LOAD CMakeFiles/ohmimetro.dir/C_/Users/jpabl/.pico-sdk/sdk/2.1.1/src/rp2_common/pico_float/float_math.c.obj
LOAD CMakeFiles/ohmimetro.dir/C_/Users/jpabl/.pico-sdk/sdk/2.1.1/src/rp2_common/pico_float/float_v1_rom_shim_rp2040.S.obj
LOAD CMakeFiles/ohmimetro.dir/C_/Users/jpabl/.pico-sdk/sdk/2.1.1/src/rp2_common/pico_malloc/malloc.c.obj
LOAD CMakeFiles/ohmimetro.dir/C_/Users/jpabl/.pico-sdk/sdk/2.1.1/src/rp2_common/pico_mem_ops/mem_ops_aeabi.S.obj
LOAD CMakeFiles/ohmimetro.dir/C_/Users/jpabl/.pico-sdk/sdk/2.1.1/src/rp2_common/pico_atomic/atomic.c.obj
LOAD CMakeFiles/ohmimetro.dir/C_/Users/jpabl/.pico-sdk/sdk/2.1.1/src/rp2_common/pico_cxx_options/new_delete.cpp.obj
LOAD CMakeFiles/ohmimetro.dir/C_/Users/jpabl/.pico-sdk/sdk/2.1.1/src/rp2_common/pico_standard_binary_info/standard_binary_info.c.obj
LOAD CMakeFiles/ohmimetro.dir/C_/Users/jpabl/.pico-sdk/sdk/2.1.1/src/rp2_common/pico_printf/printf.c.obj
LOAD CMakeFiles/ohmimetro.dir/C_/Users/jpabl/.pico-sdk/sdk/2.1.1/src/rp2_common/pico_crt0/crt0.S.obj
LOAD CMakeFiles/ohmimetro.dir/C_/Users/jpabl/.pico-sdk/sdk/2.1.1/src/rp2_common/pico_clib_interface/newlib_interface.c.obj
LOAD CMakeFiles/ohmimetro.dir/C_/Users/jpabl/.pico-sdk/sdk/2.1.1/src/rp2_common/pico_stdio/stdio.c.obj
LOAD CMakeFiles/ohmimetro.dir/C_/Users/jpabl/.pico-sdk/sdk/2.1.1/src/rp2_common/hardware_i2c/i2c.c.obj
LOAD CMakeFiles/ohmimetro.dir/C_/Users/jpabl/.pico-sdk/sdk/2.1.1/src/rp2_common/hardware_adc/adc.c.obj
LOAD CMakeFiles/ohmimetro.dir/C_/Users/jpabl/.pico-sdk/sdk/2.1.1/src/rp2_common/hardware_pio/pio.c.obj
LOAD pico-sdk/src/rp2040/boot_stage2/CMakeFiles/bs2_default_library.dir/./bs2_default_padded_checksummed.S.obj
LOAD C:/Users/jpabl/.pico-sdk/toolchain/14_2_Rel1/bin/../lib/gcc/arm-none-eabi/14.2.1/thumb/v6-m/nofp\libstdc++.a
LOAD C:/Users/jpabl/.pico-sdk/toolchain/14_2_Rel1/bin/../lib/gcc/arm-none-eabi/14.2.1/thumb/v6-m/nofp\libm.a
START GROUP
LOAD C:/Users/jpabl/.pico-sdk/toolchain/14_2_Rel1/bin/../lib/gcc/arm-none-eabi/14.2.1/thumb/v6-m/nofp\libgcc.a
LOAD C:/Users/jpabl/.pico-sdk/toolchain/14_2_Rel1/bin/../lib/gcc/arm-none-eabi/14.2.1/thumb/v6-m/nofp\libg.a
LOAD C:/Users/jpabl/.pico-sdk/toolchain/14_2_Rel1/bin/../lib/gcc/arm-none-eabi/14.2.1/thumb/v6-m/nofp\libc.a
END GROUP
START GROUP
LOAD C:/Users/jpabl/.pico-sdk/toolchain/14_2_Rel1/bin/../lib/gcc/arm-none-eabi/14.2.1/thumb/v6-m/nofp\libgcc.a
LOAD C:/Users/jpabl/.pico-sdk/toolchain/14_2_Rel1/bin/../lib/gcc/arm-none-eabi/14.2.1/thumb/v6-m/nofp\libc.a
LOAD C:/Users/jpabl/.pico-sdk/toolchain/14_2_Rel1/bin/../lib/gcc/arm-none-eabi/14.2.1/thumb/v6-m/nofp\libnosys.a
END GROUP
LOAD C:/Users/jpabl/.pico-sdk/toolchain/14_2_Rel1/bin/../lib/gcc/arm-none-eabi/14.2.1/thumb/v6-m/nofp/crtend.o
LOAD C:/Users/jpabl/.pico-sdk/toolchain/14_2_Rel1/bin/../lib/gcc/arm-none-eabi/14.2.1/thumb/v6-m/nofp/crtn.o
OUTPUT(ohmimetro.elf elf32-littlearm)
LOAD linker stubs

.ARM.attributes
                0x00000000       0x28
 .ARM.attributes
                0x00000000       0x1e C:/Users/jpabl/.pico-sdk/toolchain/14_2_Rel1/bin/../lib/gcc/arm-none-eabi/14.2.1/thumb/v6-m/nofp/crti.o
 .ARM.attributes
                0x0000001e       0x2c C:/Users/jpabl/.pico-sdk/toolchain/14_2_Rel1/bin/../lib/gcc/arm-none-eabi/14.2.1/thumb/v6-m/nofp/crtbegin.o
 .ARM.attributes
                0x0000004a       0x2c CMakeFiles/ohmimetro.dir/ohmimetro.c.obj
 .ARM.attributes
                0x00000076       0x2c CMakeFiles/ohmimetro.dir/lib/ssd1306.c.obj
 .ARM.attributes
                0x000000a2       0x2c CMakeFiles/ohmimetro.dir/lib/neopixel.c.obj
 .ARM.attributes
                0x000000ce       0x2c CMakeFiles/ohmimetro.dir/C_/Users/jpabl/.pico-sdk/sdk/2.1.1/src/rp2_common/hardware_gpio/gpio.c.obj
 .ARM.attributes
                0x000000fa       0x2c CMakeFiles/ohmimetro.dir/C_/Users/jpabl/.pico-sdk/sdk/2.1.1/src/rp2_common/pico_platform_panic/panic.c.obj
 .ARM.attributes
                0x00000126       0x2c CMakeFiles/ohmimetro.dir/C_/Users/jpabl/.pico-sdk/sdk/2.1.1/src/common/hardware_claim/claim.c.obj
 .ARM.attributes
                0x00000152       0x2c CMakeFiles/ohmimetro.dir/C_/Users/jpabl/.pico-sdk/sdk/2.1.1/src/rp2_common/hardware_sync/sync.c.obj
 .ARM.attributes
                0x0000017e       0x2c CMakeFiles/ohmimetro.dir/C_/Users/jpabl/.pico-sdk/sdk/2.1.1/src/rp2_common/hardware_sync_spin_lock/sync_spin_lock.c.obj
 .ARM.attributes
                0x000001aa       0x2c CMakeFiles/ohmimetro.dir/C_/Users/jpabl/.pico-sdk/sdk/2.1.1/src/rp2_common/hardware_irq/irq.c.obj
 .ARM.attributes
                0x000001d6       0x22 CMakeFiles/ohmimetro.dir/C_/Users/jpabl/.pico-sdk/sdk/2.1.1/src/rp2_common/hardware_irq/irq_handler_chain.S.obj
 .ARM.attributes
                0x000001f8       0x2c CMakeFiles/ohmimetro.dir/C_/Users/jpabl/.pico-sdk/sdk/2.1.1/src/common/pico_sync/lock_core.c.obj
 .ARM.attributes
                0x00000224       0x2c CMakeFiles/ohmimetro.dir/C_/Users/jpabl/.pico-sdk/sdk/2.1.1/src/common/pico_sync/mutex.c.obj
 .ARM.attributes
                0x00000250       0x2c CMakeFiles/ohmimetro.dir/C_/Users/jpabl/.pico-sdk/sdk/2.1.1/src/common/pico_time/time.c.obj
 .ARM.attributes
                0x0000027c       0x2c CMakeFiles/ohmimetro.dir/C_/Users/jpabl/.pico-sdk/sdk/2.1.1/src/rp2_common/hardware_timer/timer.c.obj
 .ARM.attributes
                0x000002a8       0x2c CMakeFiles/ohmimetro.dir/C_/Users/jpabl/.pico-sdk/sdk/2.1.1/src/rp2_common/hardware_clocks/clocks.c.obj
 .ARM.attributes
                0x000002d4       0x2c CMakeFiles/ohmimetro.dir/C_/Users/jpabl/.pico-sdk/sdk/2.1.1/src/rp2_common/hardware_pll/pll.c.obj
 .ARM.attributes
                0x00000300       0x2c CMakeFiles/ohmimetro.dir/C_/Users/jpabl/.pico-sdk/sdk/2.1.1/src/rp2_common/hardware_ticks/ticks.c.obj
 .ARM.attributes
                0x0000032c       0x2c CMakeFiles/ohmimetro.dir/C_/Users/jpabl/.pico-sdk/sdk/2.1.1/src/rp2_common/pico_bootrom/bootrom.c.obj
 .ARM.attributes
                0x00000358       0x2c CMakeFiles/ohmimetro.dir/C_/Users/jpabl/.pico-sdk/sdk/2.1.1/src/rp2_common/hardware_xosc/xosc.c.obj
 .ARM.attributes
                0x00000384       0x2c CMakeFiles/ohmimetro.dir/C_/Users/jpabl/.pico-sdk/sdk/2.1.1/src/rp2_common/pico_runtime/runtime.c.obj
 .ARM.attributes
                0x000003b0       0x2c CMakeFiles/ohmimetro.dir/C_/Users/jpabl/.pico-sdk/sdk/2.1.1/src/rp2_common/pico_runtime_init/runtime_init.c.obj
 .ARM.attributes
                0x000003dc       0x2c CMakeFiles/ohmimetro.dir/C_/Users/jpabl/.pico-sdk/sdk/2.1.1/src/rp2_common/pico_runtime_init/runtime_init_clocks.c.obj
 .ARM.attributes
                0x00000408       0x22 CMakeFiles/ohmimetro.dir/C_/Users/jpabl/.pico-sdk/sdk/2.1.1/src/rp2_common/pico_bit_ops/bit_ops_aeabi.S.obj
 .ARM.attributes
                0x0000042a       0x22 CMakeFiles/ohmimetro.dir/C_/Users/jpabl/.pico-sdk/sdk/2.1.1/src/rp2_common/pico_divider/divider_hardware.S.obj
 .ARM.attributes
                0x0000044c       0x22 CMakeFiles/ohmimetro.dir/C_/Users/jpabl/.pico-sdk/sdk/2.1.1/src/rp2_common/pico_double/double_aeabi_rp2040.S.obj
 .ARM.attributes
                0x0000046e       0x2c CMakeFiles/ohmimetro.dir/C_/Users/jpabl/.pico-sdk/sdk/2.1.1/src/rp2_common/pico_double/double_init_rom_rp2040.c.obj
 .ARM.attributes
                0x0000049a       0x22 CMakeFiles/ohmimetro.dir/C_/Users/jpabl/.pico-sdk/sdk/2.1.1/src/rp2_common/pico_double/double_v1_rom_shim_rp2040.S.obj
 .ARM.attributes
                0x000004bc       0x22 CMakeFiles/ohmimetro.dir/C_/Users/jpabl/.pico-sdk/sdk/2.1.1/src/rp2_common/pico_int64_ops/pico_int64_ops_aeabi.S.obj
 .ARM.attributes
                0x000004de       0x22 CMakeFiles/ohmimetro.dir/C_/Users/jpabl/.pico-sdk/sdk/2.1.1/src/rp2_common/pico_float/float_aeabi_rp2040.S.obj
 .ARM.attributes
                0x00000500       0x2c CMakeFiles/ohmimetro.dir/C_/Users/jpabl/.pico-sdk/sdk/2.1.1/src/rp2_common/pico_float/float_init_rom_rp2040.c.obj
 .ARM.attributes
                0x0000052c       0x2c CMakeFiles/ohmimetro.dir/C_/Users/jpabl/.pico-sdk/sdk/2.1.1/src/rp2_common/pico_float/float_math.c.obj
 .ARM.attributes
                0x00000558       0x2c CMakeFiles/ohmimetro.dir/C_/Users/jpabl/.pico-sdk/sdk/2.1.1/src/rp2_common/pico_malloc/malloc.c.obj
 .ARM.attributes
                0x00000584       0x22 CMakeFiles/ohmimetro.dir/C_/Users/jpabl/.pico-sdk/sdk/2.1.1/src/rp2_common/pico_mem_ops/mem_ops_aeabi.S.obj
 .ARM.attributes
                0x000005a6       0x2c CMakeFiles/ohmimetro.dir/C_/Users/jpabl/.pico-sdk/sdk/2.1.1/src/rp2_common/pico_standard_binary_info/standard_binary_info.c.obj
 .ARM.attributes
                0x000005d2       0x2c CMakeFiles/ohmimetro.dir/C_/Users/jpabl/.pico-sdk/sdk/2.1.1/src/rp2_common/pico_printf/printf.c.obj
 .ARM.attributes
                0x000005fe       0x22 CMakeFiles/ohmimetro.dir/C_/Users/jpabl/.pico-sdk/sdk/2.1.1/src/rp2_common/pico_crt0/crt0.S.obj
 .ARM.attributes
                0x00000620       0x2c CMakeFiles/ohmimetro.dir/C_/Users/jpabl/.pico-sdk/sdk/2.1.1/src/rp2_common/pico_clib_interface/newlib_interface.c.obj
 .ARM.attributes
                0x0000064c       0x2c CMakeFiles/ohmimetro.dir/C_/Users/jpabl/.pico-sdk/sdk/2.1.1/src/rp2_common/pico_stdio/stdio.c.obj
 .ARM.attributes
                0x00000678       0x2c CMakeFiles/ohmimetro.dir/C_/Users/jpabl/.pico-sdk/sdk/2.1.1/src/rp2_common/hardware_i2c/i2c.c.obj
 .ARM.attributes
                0x000006a4       0x2c CMakeFiles/ohmimetro.dir/C_/Users/jpabl/.pico-sdk/sdk/2.1.1/src/rp2_common/hardware_adc/adc.c.obj
 .ARM.attributes
                0x000006d0       0x2c CMakeFiles/ohmimetro.dir/C_/Users/jpabl/.pico-sdk/sdk/2.1.1/src/rp2_common/hardware_pio/pio.c.obj
 .ARM.attributes
                0x000006fc       0x22 pico-sdk/src/rp2040/boot_stage2/CMakeFiles/bs2_default_library.dir/./bs2_default_padded_checksummed.S.obj
 .ARM.attributes
                0x0000071e       0x1e C:/Users/jpabl/.pico-sdk/toolchain/14_2_Rel1/bin/../lib/gcc/arm-none-eabi/14.2.1/thumb/v6-m/nofp\libgcc.a(_dvmd_tls.o)
 .ARM.attributes
                0x0000073c       0x2c C:/Users/jpabl/.pico-sdk/toolchain/14_2_Rel1/bin/../lib/gcc/arm-none-eabi/14.2.1/thumb/v6-m/nofp\libg.a(libc_a-calloc.o)
 .ARM.attributes
                0x00000768       0x2c C:/Users/jpabl/.pico-sdk/toolchain/14_2_Rel1/bin/../lib/gcc/arm-none-eabi/14.2.1/thumb/v6-m/nofp\libg.a(libc_a-callocr.o)
 .ARM.attributes
                0x00000794       0x2c C:/Users/jpabl/.pico-sdk/toolchain/14_2_Rel1/bin/../lib/gcc/arm-none-eabi/14.2.1/thumb/v6-m/nofp\libg.a(libc_a-mallocr.o)
 .ARM.attributes
                0x000007c0       0x2c C:/Users/jpabl/.pico-sdk/toolchain/14_2_Rel1/bin/../lib/gcc/arm-none-eabi/14.2.1/thumb/v6-m/nofp\libg.a(libc_a-mlock.o)
 .ARM.attributes
                0x000007ec       0x2c C:/Users/jpabl/.pico-sdk/toolchain/14_2_Rel1/bin/../lib/gcc/arm-none-eabi/14.2.1/thumb/v6-m/nofp\libg.a(libc_a-impure.o)
 .ARM.attributes
                0x00000818       0x2c C:/Users/jpabl/.pico-sdk/toolchain/14_2_Rel1/bin/../lib/gcc/arm-none-eabi/14.2.1/thumb/v6-m/nofp\libg.a(libc_a-sbrkr.o)
 .ARM.attributes
                0x00000844       0x2c C:/Users/jpabl/.pico-sdk/toolchain/14_2_Rel1/bin/../lib/gcc/arm-none-eabi/14.2.1/thumb/v6-m/nofp\libg.a(libc_a-errno.o)
 .ARM.attributes
                0x00000870       0x2c C:/Users/jpabl/.pico-sdk/toolchain/14_2_Rel1/bin/../lib/gcc/arm-none-eabi/14.2.1/thumb/v6-m/nofp\libg.a(libc_a-lock.o)
 .ARM.attributes
                0x0000089c       0x2c C:/Users/jpabl/.pico-sdk/toolchain/14_2_Rel1/bin/../lib/gcc/arm-none-eabi/14.2.1/thumb/v6-m/nofp\libg.a(libc_a-sysconf.o)
 .ARM.attributes
                0x000008c8       0x2c C:/Users/jpabl/.pico-sdk/toolchain/14_2_Rel1/bin/../lib/gcc/arm-none-eabi/14.2.1/thumb/v6-m/nofp\libg.a(libc_a-strlen-stub.o)
 .ARM.attributes
                0x000008f4       0x2c C:/Users/jpabl/.pico-sdk/toolchain/14_2_Rel1/bin/../lib/gcc/arm-none-eabi/14.2.1/thumb/v6-m/nofp\libg.a(libc_a-freer.o)
 .ARM.attributes
                0x00000920       0x2c C:/Users/jpabl/.pico-sdk/toolchain/14_2_Rel1/bin/../lib/gcc/arm-none-eabi/14.2.1/thumb/v6-m/nofp\libg.a(libc_a-findfp.o)
 .ARM.attributes
                0x0000094c       0x2c C:/Users/jpabl/.pico-sdk/toolchain/14_2_Rel1/bin/../lib/gcc/arm-none-eabi/14.2.1/thumb/v6-m/nofp\libg.a(libc_a-reent.o)
 .ARM.attributes
                0x00000978       0x2c C:/Users/jpabl/.pico-sdk/toolchain/14_2_Rel1/bin/../lib/gcc/arm-none-eabi/14.2.1/thumb/v6-m/nofp/crtend.o

.comment        0x00000000       0x45
 .comment       0x00000000       0x45 CMakeFiles/ohmimetro.dir/ohmimetro.c.obj
                                 0x46 (size before relaxing)
 .comment       0x00000045       0x46 CMakeFiles/ohmimetro.dir/lib/ssd1306.c.obj
 .comment       0x00000045       0x46 CMakeFiles/ohmimetro.dir/lib/neopixel.c.obj
 .comment       0x00000045       0x46 CMakeFiles/ohmimetro.dir/C_/Users/jpabl/.pico-sdk/sdk/2.1.1/src/rp2_common/hardware_gpio/gpio.c.obj
 .comment       0x00000045       0x46 CMakeFiles/ohmimetro.dir/C_/Users/jpabl/.pico-sdk/sdk/2.1.1/src/rp2_common/pico_platform_panic/panic.c.obj
 .comment       0x00000045       0x46 CMakeFiles/ohmimetro.dir/C_/Users/jpabl/.pico-sdk/sdk/2.1.1/src/common/hardware_claim/claim.c.obj
 .comment       0x00000045       0x46 CMakeFiles/ohmimetro.dir/C_/Users/jpabl/.pico-sdk/sdk/2.1.1/src/rp2_common/hardware_sync/sync.c.obj
 .comment       0x00000045       0x46 CMakeFiles/ohmimetro.dir/C_/Users/jpabl/.pico-sdk/sdk/2.1.1/src/rp2_common/hardware_sync_spin_lock/sync_spin_lock.c.obj
 .comment       0x00000045       0x46 CMakeFiles/ohmimetro.dir/C_/Users/jpabl/.pico-sdk/sdk/2.1.1/src/rp2_common/hardware_irq/irq.c.obj
 .comment       0x00000045       0x46 CMakeFiles/ohmimetro.dir/C_/Users/jpabl/.pico-sdk/sdk/2.1.1/src/common/pico_sync/lock_core.c.obj
 .comment       0x00000045       0x46 CMakeFiles/ohmimetro.dir/C_/Users/jpabl/.pico-sdk/sdk/2.1.1/src/common/pico_sync/mutex.c.obj
 .comment       0x00000045       0x46 CMakeFiles/ohmimetro.dir/C_/Users/jpabl/.pico-sdk/sdk/2.1.1/src/common/pico_time/time.c.obj
 .comment       0x00000045       0x46 CMakeFiles/ohmimetro.dir/C_/Users/jpabl/.pico-sdk/sdk/2.1.1/src/rp2_common/hardware_timer/timer.c.obj
 .comment       0x00000045       0x46 CMakeFiles/ohmimetro.dir/C_/Users/jpabl/.pico-sdk/sdk/2.1.1/src/rp2_common/hardware_clocks/clocks.c.obj
 .comment       0x00000045       0x46 CMakeFiles/ohmimetro.dir/C_/Users/jpabl/.pico-sdk/sdk/2.1.1/src/rp2_common/hardware_pll/pll.c.obj
 .comment       0x00000045       0x46 CMakeFiles/ohmimetro.dir/C_/Users/jpabl/.pico-sdk/sdk/2.1.1/src/rp2_common/hardware_ticks/ticks.c.obj
 .comment       0x00000045       0x46 CMakeFiles/ohmimetro.dir/C_/Users/jpabl/.pico-sdk/sdk/2.1.1/src/rp2_common/pico_bootrom/bootrom.c.obj
 .comment       0x00000045       0x46 CMakeFiles/ohmimetro.dir/C_/Users/jpabl/.pico-sdk/sdk/2.1.1/src/rp2_common/hardware_xosc/xosc.c.obj
 .comment       0x00000045       0x46 CMakeFiles/ohmimetro.dir/C_/Users/jpabl/.pico-sdk/sdk/2.1.1/src/rp2_common/pico_runtime/runtime.c.obj
 .comment       0x00000045       0x46 CMakeFiles/ohmimetro.dir/C_/Users/jpabl/.pico-sdk/sdk/2.1.1/src/rp2_common/pico_runtime_init/runtime_init.c.obj
 .comment       0x00000045       0x46 CMakeFiles/ohmimetro.dir/C_/Users/jpabl/.pico-sdk/sdk/2.1.1/src/rp2_common/pico_runtime_init/runtime_init_clocks.c.obj
 .comment       0x00000045       0x46 CMakeFiles/ohmimetro.dir/C_/Users/jpabl/.pico-sdk/sdk/2.1.1/src/rp2_common/pico_double/double_init_rom_rp2040.c.obj
 .comment       0x00000045       0x46 CMakeFiles/ohmimetro.dir/C_/Users/jpabl/.pico-sdk/sdk/2.1.1/src/rp2_common/pico_float/float_init_rom_rp2040.c.obj
 .comment       0x00000045       0x46 CMakeFiles/ohmimetro.dir/C_/Users/jpabl/.pico-sdk/sdk/2.1.1/src/rp2_common/pico_float/float_math.c.obj
 .comment       0x00000045       0x46 CMakeFiles/ohmimetro.dir/C_/Users/jpabl/.pico-sdk/sdk/2.1.1/src/rp2_common/pico_malloc/malloc.c.obj
 .comment       0x00000045       0x46 CMakeFiles/ohmimetro.dir/C_/Users/jpabl/.pico-sdk/sdk/2.1.1/src/rp2_common/pico_standard_binary_info/standard_binary_info.c.obj
 .comment       0x00000045       0x46 CMakeFiles/ohmimetro.dir/C_/Users/jpabl/.pico-sdk/sdk/2.1.1/src/rp2_common/pico_printf/printf.c.obj
 .comment       0x00000045       0x46 CMakeFiles/ohmimetro.dir/C_/Users/jpabl/.pico-sdk/sdk/2.1.1/src/rp2_common/pico_clib_interface/newlib_interface.c.obj
 .comment       0x00000045       0x46 CMakeFiles/ohmimetro.dir/C_/Users/jpabl/.pico-sdk/sdk/2.1.1/src/rp2_common/pico_stdio/stdio.c.obj
 .comment       0x00000045       0x46 CMakeFiles/ohmimetro.dir/C_/Users/jpabl/.pico-sdk/sdk/2.1.1/src/rp2_common/hardware_i2c/i2c.c.obj
 .comment       0x00000045       0x46 CMakeFiles/ohmimetro.dir/C_/Users/jpabl/.pico-sdk/sdk/2.1.1/src/rp2_common/hardware_adc/adc.c.obj
 .comment       0x00000045       0x46 CMakeFiles/ohmimetro.dir/C_/Users/jpabl/.pico-sdk/sdk/2.1.1/src/rp2_common/hardware_pio/pio.c.obj

.debug_info     0x00000000    0x27e07
 .debug_info    0x00000000     0x220e CMakeFiles/ohmimetro.dir/ohmimetro.c.obj
 .debug_info    0x0000220e     0x1b0b CMakeFiles/ohmimetro.dir/lib/ssd1306.c.obj
 .debug_info    0x00003d19     0x1575 CMakeFiles/ohmimetro.dir/lib/neopixel.c.obj
 .debug_info    0x0000528e     0x242d CMakeFiles/ohmimetro.dir/C_/Users/jpabl/.pico-sdk/sdk/2.1.1/src/rp2_common/hardware_gpio/gpio.c.obj
 .debug_info    0x000076bb      0x1bf CMakeFiles/ohmimetro.dir/C_/Users/jpabl/.pico-sdk/sdk/2.1.1/src/rp2_common/pico_platform_panic/panic.c.obj
 .debug_info    0x0000787a      0x9a1 CMakeFiles/ohmimetro.dir/C_/Users/jpabl/.pico-sdk/sdk/2.1.1/src/common/hardware_claim/claim.c.obj
 .debug_info    0x0000821b      0x45c CMakeFiles/ohmimetro.dir/C_/Users/jpabl/.pico-sdk/sdk/2.1.1/src/rp2_common/hardware_sync/sync.c.obj
 .debug_info    0x00008677      0x245 CMakeFiles/ohmimetro.dir/C_/Users/jpabl/.pico-sdk/sdk/2.1.1/src/rp2_common/hardware_sync_spin_lock/sync_spin_lock.c.obj
 .debug_info    0x000088bc     0x220f CMakeFiles/ohmimetro.dir/C_/Users/jpabl/.pico-sdk/sdk/2.1.1/src/rp2_common/hardware_irq/irq.c.obj
 .debug_info    0x0000aacb      0x15f CMakeFiles/ohmimetro.dir/C_/Users/jpabl/.pico-sdk/sdk/2.1.1/src/common/pico_sync/lock_core.c.obj
 .debug_info    0x0000ac2a     0x27f1 CMakeFiles/ohmimetro.dir/C_/Users/jpabl/.pico-sdk/sdk/2.1.1/src/common/pico_sync/mutex.c.obj
 .debug_info    0x0000d41b     0x5036 CMakeFiles/ohmimetro.dir/C_/Users/jpabl/.pico-sdk/sdk/2.1.1/src/common/pico_time/time.c.obj
 .debug_info    0x00012451     0x2b13 CMakeFiles/ohmimetro.dir/C_/Users/jpabl/.pico-sdk/sdk/2.1.1/src/rp2_common/hardware_timer/timer.c.obj
 .debug_info    0x00014f64     0x2991 CMakeFiles/ohmimetro.dir/C_/Users/jpabl/.pico-sdk/sdk/2.1.1/src/rp2_common/hardware_clocks/clocks.c.obj
 .debug_info    0x000178f5      0x4e5 CMakeFiles/ohmimetro.dir/C_/Users/jpabl/.pico-sdk/sdk/2.1.1/src/rp2_common/hardware_pll/pll.c.obj
 .debug_info    0x00017dda      0x248 CMakeFiles/ohmimetro.dir/C_/Users/jpabl/.pico-sdk/sdk/2.1.1/src/rp2_common/hardware_ticks/ticks.c.obj
 .debug_info    0x00018022      0x678 CMakeFiles/ohmimetro.dir/C_/Users/jpabl/.pico-sdk/sdk/2.1.1/src/rp2_common/pico_bootrom/bootrom.c.obj
 .debug_info    0x0001869a      0x1d0 CMakeFiles/ohmimetro.dir/C_/Users/jpabl/.pico-sdk/sdk/2.1.1/src/rp2_common/hardware_xosc/xosc.c.obj
 .debug_info    0x0001886a      0x21a CMakeFiles/ohmimetro.dir/C_/Users/jpabl/.pico-sdk/sdk/2.1.1/src/rp2_common/pico_runtime/runtime.c.obj
 .debug_info    0x00018a84      0x795 CMakeFiles/ohmimetro.dir/C_/Users/jpabl/.pico-sdk/sdk/2.1.1/src/rp2_common/pico_runtime_init/runtime_init.c.obj
 .debug_info    0x00019219      0x781 CMakeFiles/ohmimetro.dir/C_/Users/jpabl/.pico-sdk/sdk/2.1.1/src/rp2_common/pico_runtime_init/runtime_init_clocks.c.obj
 .debug_info    0x0001999a       0x23 CMakeFiles/ohmimetro.dir/C_/Users/jpabl/.pico-sdk/sdk/2.1.1/src/rp2_common/pico_bit_ops/bit_ops_aeabi.S.obj
 .debug_info    0x000199bd       0x23 CMakeFiles/ohmimetro.dir/C_/Users/jpabl/.pico-sdk/sdk/2.1.1/src/rp2_common/pico_divider/divider_hardware.S.obj
 .debug_info    0x000199e0       0x23 CMakeFiles/ohmimetro.dir/C_/Users/jpabl/.pico-sdk/sdk/2.1.1/src/rp2_common/pico_double/double_aeabi_rp2040.S.obj