Archive member included to satisfy reference by file (symbol)

C:/Users/jpabl/.pico-sdk/toolchain/14_2_Rel1/bin/../lib/gcc/arm-none-eabi/14.2.1/thumb/v6-m/nofp\libgcc.a(_dvmd_tls.o)
                              CMakeFiles/ohmimetro.dir/C_/Users/jpabl/.pico-sdk/sdk/2.1.1/src/rp2_common/pico_divider/divider_hardware.S.obj (__aeabi_idiv0)
C:/Users/jpabl/.pico-sdk/toolchain/14_2_Rel1/bin/../lib/gcc/arm-none-eabi/14.2.1/thumb/v6-m/nofp\libg.a(libc_a-calloc.o)
                              CMakeFiles/ohmimetro.dir/C_/Users/jpabl/.pico-sdk/sdk/2.1.1/src/rp2_common/pico_malloc/malloc.c.obj (calloc)
C:/Users/jpabl/.pico-sdk/toolchain/14_2_Rel1/bin/../lib/gcc/arm-none-eabi/14.2.1/thumb/v6-m/nofp\libg.a(libc_a-callocr.o)
                              C:/Users/jpabl/.pico-sdk/toolchain/14_2_Rel1/bin/../lib/gcc/arm-none-eabi/14.2.1/thumb/v6-m/nofp\libg.a(libc_a-calloc.o) (_calloc_r)
C:/Users/jpabl/.pico-sdk/toolchain/14_2_Rel1/bin/../lib/gcc/arm-none-eabi/14.2.1/thumb/v6-m/nofp\libg.a(libc_a-malloc.o)
                              CMakeFiles/ohmimetro.dir/C_/Users/jpabl/.pico-sdk/sdk/2.1.1/src/rp2_common/pico_malloc/malloc.c.obj (malloc)
C:/Users/jpabl/.pico-sdk/toolchain/14_2_Rel1/bin/../lib/gcc/arm-none-eabi/14.2.1/thumb/v6-m/nofp\libg.a(libc_a-mallocr.o)
                              C:/Users/jpabl/.pico-sdk/toolchain/14_2_Rel1/bin/../lib/gcc/arm-none-eabi/14.2.1/thumb/v6-m/nofp\libg.a(libc_a-callocr.o) (_malloc_r)
C:/Users/jpabl/.pico-sdk/toolchain/14_2_Rel1/bin/../lib/gcc/arm-none-eabi/14.2.1/thumb/v6-m/nofp\libg.a(libc_a-mlock.o)
                              C:/Users/jpabl/.pico-sdk/toolchain/14_2_Rel1/bin/../lib/gcc/arm-none-eabi/14.2.1/thumb/v6-m/nofp\libg.a(libc_a-mallocr.o) (__malloc_lock)
C:/Users/jpabl/.pico-sdk/toolchain/14_2_Rel1/bin/../lib/gcc/arm-none-eabi/14.2.1/thumb/v6-m/nofp\libg.a(libc_a-realloc.o)
                              CMakeFiles/ohmimetro.dir/C_/Users/jpabl/.pico-sdk/sdk/2.1.1/src/rp2_common/pico_malloc/malloc.c.obj (realloc)
C:/Users/jpabl/.pico-sdk/toolchain/14_2_Rel1/bin/../lib/gcc/arm-none-eabi/14.2.1/thumb/v6-m/nofp\libg.a(libc_a-reallocr.o)
                              C:/Users/jpabl/.pico-sdk/toolchain/14_2_Rel1/bin/../lib/gcc/arm-none-eabi/14.2.1/thumb/v6-m/nofp\libg.a(libc_a-realloc.o) (_realloc_r)
C:/Users/jpabl/.pico-sdk/toolchain/14_2_Rel1/bin/../lib/gcc/arm-none-eabi/14.2.1/thumb/v6-m/nofp\libg.a(libc_a-memcmp.o)
                              CMakeFiles/ohmimetro.dir/C_/Users/jpabl/.pico-sdk/sdk/2.1.1/src/rp2_common/pico_atomic/atomic.c.obj (memcmp)
C:/Users/jpabl/.pico-sdk/toolchain/14_2_Rel1/bin/../lib/gcc/arm-none-eabi/14.2.1/thumb/v6-m/nofp\libg.a(libc_a-memmove.o)
                              C:/Users/jpabl/.pico-sdk/toolchain/14_2_Rel1/bin/../lib/gcc/arm-none-eabi/14.2.1/thumb/v6-m/nofp\libg.a(libc_a-reallocr.o) (memmove)
C:/Users/jpabl/.pico-sdk/toolchain/14_2_Rel1/bin/../lib/gcc/arm-none-eabi/14.2.1/thumb/v6-m/nofp\libg.a(libc_a-lcltime_r.o)
                              CMakeFiles/ohmimetro.dir/C_/Users/jpabl/.pico-sdk/sdk/2.1.1/src/common/pico_util/datetime.c.obj (localtime_r)
C:/Users/jpabl/.pico-sdk/toolchain/14_2_Rel1/bin/../lib/gcc/arm-none-eabi/14.2.1/thumb/v6-m/nofp\libg.a(libc_a-mktime.o)
                              CMakeFiles/ohmimetro.dir/C_/Users/jpabl/.pico-sdk/sdk/2.1.1/src/common/pico_util/datetime.c.obj (mktime)
C:/Users/jpabl/.pico-sdk/toolchain/14_2_Rel1/bin/../lib/gcc/arm-none-eabi/14.2.1/thumb/v6-m/nofp\libg.a(libc_a-month_lengths.o)
                              C:/Users/jpabl/.pico-sdk/toolchain/14_2_Rel1/bin/../lib/gcc/arm-none-eabi/14.2.1/thumb/v6-m/nofp\libg.a(libc_a-lcltime_r.o) (__month_lengths)
C:/Users/jpabl/.pico-sdk/toolchain/14_2_Rel1/bin/../lib/gcc/arm-none-eabi/14.2.1/thumb/v6-m/nofp\libg.a(libc_a-tzcalc_limits.o)
                              C:/Users/jpabl/.pico-sdk/toolchain/14_2_Rel1/bin/../lib/gcc/arm-none-eabi/14.2.1/thumb/v6-m/nofp\libg.a(libc_a-lcltime_r.o) (__tzcalc_limits)
C:/Users/jpabl/.pico-sdk/toolchain/14_2_Rel1/bin/../lib/gcc/arm-none-eabi/14.2.1/thumb/v6-m/nofp\libg.a(libc_a-tzlock.o)
                              C:/Users/jpabl/.pico-sdk/toolchain/14_2_Rel1/bin/../lib/gcc/arm-none-eabi/14.2.1/thumb/v6-m/nofp\libg.a(libc_a-lcltime_r.o) (__tz_lock)
C:/Users/jpabl/.pico-sdk/toolchain/14_2_Rel1/bin/../lib/gcc/arm-none-eabi/14.2.1/thumb/v6-m/nofp\libg.a(libc_a-tzset.o)
                              C:/Users/jpabl/.pico-sdk/toolchain/14_2_Rel1/bin/../lib/gcc/arm-none-eabi/14.2.1/thumb/v6-m/nofp\libg.a(libc_a-lcltime_r.o) (_tzset_unlocked)
C:/Users/jpabl/.pico-sdk/toolchain/14_2_Rel1/bin/../lib/gcc/arm-none-eabi/14.2.1/thumb/v6-m/nofp\libg.a(libc_a-tzset_r.o)
                              C:/Users/jpabl/.pico-sdk/toolchain/14_2_Rel1/bin/../lib/gcc/arm-none-eabi/14.2.1/thumb/v6-m/nofp\libg.a(libc_a-tzset.o) (_tzset_unlocked_r)
C:/Users/jpabl/.pico-sdk/toolchain/14_2_Rel1/bin/../lib/gcc/arm-none-eabi/14.2.1/thumb/v6-m/nofp\libg.a(libc_a-tzvars.o)
[...]
Memory Configuration

Name             Origin             Length             Attributes
FLASH            0x10000000         0x00200000         xr
RAM              0x20000000         0x00040000         xrw
SCRATCH_X        0x20040000         0x00001000         xrw
SCRATCH_Y        0x20041000         0x00001000         xrw
*default*        0x00000000         0xffffffff

Linker script and memory map

LOAD C:/Users/jpabl/.pico-sdk/toolchain/14_2_Rel1/bin/../lib/gcc/arm-none-eabi/14.2.1/thumb/v6-m/nofp/crti.o
LOAD C:/Users/jpabl/.pico-sdk/toolchain/14_2_Rel1/bin/../lib/gcc/arm-none-eabi/14.2.1/thumb/v6-m/nofp/crtbegin.o
LOAD C:/Users/jpabl/.pico-sdk/toolchain/14_2_Rel1/bin/../lib/gcc/arm-none-eabi/14.2.1/thumb/v6-m/nofp/crt0.o

.flash_begin    0x10000000        0x0
                0x10000000                        __flash_binary_start = .

.boot2          0x10000000      0x100
                0x10000000                        __boot2_start__ = .
 *(.boot2)
 .boot2         0x10000000      0x100 pico-sdk/src/rp2040/boot_stage2/CMakeFiles/bs2_default_library.dir/./bs2_default_padded_checksummed.S.obj
                0x10000100                        __boot2_end__ = .
                0x00000001                        ASSERT (((__boot2_end__ - __boot2_start__) == 0x100), ERROR: Pico second stage bootloader must be 256 bytes in size)

.text           0x10000100     0x932c
                0x10000100                        __logical_binary_start = .
 *(.vectors)
 .vectors       0x10000100       0xd4 CMakeFiles/ohmimetro.dir/C_/Users/jpabl/.pico-sdk/sdk/2.1.1/src/rp2_common/pico_crt0/crt0.S.obj
                0x10000100                __VECTOR_TABLE
                0x10000100                __vectors
                0x100001c0                isr_invalid
                0x100001c0                __default_isrs_start
                0x100001c2                isr_nmi
                0x100001c4                isr_hardfault
                0x100001c6                isr_svcall
                0x100001c8                isr_pendsv
                0x100001ca                isr_systick
                0x100001cc                isr_irq23
                0x100001cc                isr_irq18
                0x100001cc                isr_irq11
                0x100001cc                isr_irq28
                0x100001cc                isr_irq19
                0x100001cc                isr_irq0
                0x100001cc                isr_irq6
                0x100001cc                isr_irq5
                0x100001cc                isr_irq12
                0x100001cc                isr_irq22
                0x100001cc                isr_irq31
                0x100001cc                isr_irq17
                0x100001cc                isr_irq27
                0x100001cc                isr_irq30
                0x100001cc                isr_irq2
                0x100001cc                isr_irq10
                0x100001cc                isr_irq8
                0x100001cc                isr_irq24
                0x100001cc                isr_irq1
                0x100001cc                isr_irq7
                0x100001cc                isr_irq21
                0x100001cc                isr_irq20
                0x100001cc                isr_irq15
                0x100001cc                isr_irq25
                0x100001cc                isr_irq13
                0x100001cc                __unhandled_user_irq
                0x100001cc                isr_irq4
                0x100001cc                isr_irq16
                0x100001cc                isr_irq29
                0x100001cc                isr_irq26
                0x100001cc                __default_isrs_end
                0x100001cc                isr_irq3
                0x100001cc                isr_irq14
                0x100001cc                isr_irq9
                0x100001d2                unhandled_user_irq_num_in_r0
 *(.binary_info_header)
 .binary_info_header
                0x100001d4       0x14 CMakeFiles/ohmimetro.dir/C_/Users/jpabl/.pico-sdk/sdk/2.1.1/src/rp2_common/pico_crt0/crt0.S.obj
                0x100001e8                        __binary_info_header_end = .
 *(.embedded_block)
                0x100001e8                        __embedded_block_end = .
 *(.reset)
 .reset         0x100001e8       0x9c CMakeFiles/ohmimetro.dir/C_/Users/jpabl/.pico-sdk/sdk/2.1.1/src/rp2_common/pico_crt0/crt0.S.obj
                0x100001e8                _entry_point
 *(.init)
 .init          0x10000284        0x4 C:/Users/jpabl/.pico-sdk/toolchain/14_2_Rel1/bin/../lib/gcc/arm-none-eabi/14.2.1/thumb/v6-m/nofp/crti.o
                0x10000284                _init
 *(EXCLUDE_FILE(*libm.a: *libc.a:*lib_a-mem*.o *libgcc.a:) .text*)
 .text.register_tm_clones
                0x10000288       0x28 C:/Users/jpabl/.pico-sdk/toolchain/14_2_Rel1/bin/../lib/gcc/arm-none-eabi/14.2.1/thumb/v6-m/nofp/crtbegin.o
 .text.frame_dummy
                0x100002b0       0x24 C:/Users/jpabl/.pico-sdk/toolchain/14_2_Rel1/bin/../lib/gcc/arm-none-eabi/14.2.1/thumb/v6-m/nofp/crtbegin.o
 .text.gpio_button_joystick_handler
                0x100002d4       0x48 CMakeFiles/ohmimetro.dir/ohmimetro.c.obj
 .text.encontraProximoE24
                0x1000031c      0x10c CMakeFiles/ohmimetro.dir/ohmimetro.c.obj
                0x1000031c                encontraProximoE24
 .text.mostra_faixa_matriz
                0x10000428       0xf4 CMakeFiles/ohmimetro.dir/ohmimetro.c.obj
                0x10000428                mostra_faixa_matriz
 .text.atualiza_display
                0x1000051c      0x1b4 CMakeFiles/ohmimetro.dir/ohmimetro.c.obj
                0x1000051c                atualiza_display
 .text.display_init
                0x100006d0       0x70 CMakeFiles/ohmimetro.dir/ohmimetro.c.obj
                0x100006d0                display_init
 .text.setup    0x10000740       0x90 CMakeFiles/ohmimetro.dir/ohmimetro.c.obj
                0x10000740                setup
 .text.startup.main
                0x100007d0      0x144 CMakeFiles/ohmimetro.dir/ohmimetro.c.obj
                0x100007d0                main
 .text.ssd1306_init
                0x10000914       0x34 CMakeFiles/ohmimetro.dir/lib/ssd1306.c.obj
                0x10000914                ssd1306_init
 .text.ssd1306_config
                0x10000948      0x1d0 CMakeFiles/ohmimetro.dir/lib/ssd1306.c.obj
                0x10000948                ssd1306_config
 .text.ssd1306_send_data
                0x10000b18       0x8c CMakeFiles/ohmimetro.dir/lib/ssd1306.c.obj
                0x10000b18                ssd1306_send_data
 .text.ssd1306_fill
                0x10000ba4       0x7c CMakeFiles/ohmimetro.dir/lib/ssd1306.c.obj
                0x10000ba4                ssd1306_fill
 .text.ssd1306_rect
                0x10000c20      0x278 CMakeFiles/ohmimetro.dir/lib/ssd1306.c.obj
                0x10000c20                ssd1306_rect
 .text.ssd1306_line
                0x10000e98      0x158 CMakeFiles/ohmimetro.dir/lib/ssd1306.c.obj
                0x10000e98                ssd1306_line
 .text.ssd1306_draw_char
                0x10000ff0      0x20c CMakeFiles/ohmimetro.dir/lib/ssd1306.c.obj
                0x10000ff0                ssd1306_draw_char
 .text.ssd1306_draw_string
                0x100011fc       0x40 CMakeFiles/ohmimetro.dir/lib/ssd1306.c.obj
                0x100011fc                ssd1306_draw_string
 .text.npInit   0x1000123c      0x150 CMakeFiles/ohmimetro.dir/lib/neopixel.c.obj
                0x1000123c                npInit
 .text.npSetLED
                0x1000138c       0x18 CMakeFiles/ohmimetro.dir/lib/neopixel.c.obj
                0x1000138c                npSetLED
 .text.npWrite  0x100013a4       0x48 CMakeFiles/ohmimetro.dir/lib/neopixel.c.obj
                0x100013a4                npWrite
 .text.npGetIndex
                0x100013ec       0x14 CMakeFiles/ohmimetro.dir/lib/neopixel.c.obj
                0x100013ec                npGetIndex
 .text.gpio_default_irq_handler
                0x10001400      0x2c8 CMakeFiles/ohmimetro.dir/C_/Users/jpabl/.pico-sdk/sdk/2.1.1/src/rp2_common/hardware_gpio/gpio.c.obj
 .text.gpio_set_function
                0x100016c8       0x34 CMakeFiles/ohmimetro.dir/C_/Users/jpabl/.pico-sdk/sdk/2.1.1/src/rp2_common/hardware_gpio/gpio.c.obj
                0x100016c8                gpio_set_function
 .text.gpio_set_pulls
                0x100016fc       0x28 CMakeFiles/ohmimetro.dir/C_/Users/jpabl/.pico-sdk/sdk/2.1.1/src/rp2_common/hardware_gpio/gpio.c.obj
                0x100016fc                gpio_set_pulls
 .text.gpio_set_irq_enabled_with_callback
                0x10001724       0xd0 CMakeFiles/ohmimetro.dir/C_/Users/jpabl/.pico-sdk/sdk/2.1.1/src/rp2_common/hardware_gpio/gpio.c.obj
                0x10001724                gpio_set_irq_enabled_with_callback
 .text.gpio_set_input_enabled
                0x100017f4       0x28 CMakeFiles/ohmimetro.dir/C_/Users/jpabl/.pico-sdk/sdk/2.1.1/src/rp2_common/hardware_gpio/gpio.c.obj
                0x100017f4                gpio_set_input_enabled
 .text.gpio_init
                0x1000181c       0x40 CMakeFiles/ohmimetro.dir/C_/Users/jpabl/.pico-sdk/sdk/2.1.1/src/rp2_common/hardware_gpio/gpio.c.obj
                0x1000181c                gpio_init
 .text.rp2040_chip_version
                0x1000185c        0xc CMakeFiles/ohmimetro.dir/C_/Users/jpabl/.pico-sdk/sdk/2.1.1/src/rp2040/pico_platform/platform.c.obj
                0x1000185c                rp2040_chip_version
 .text.panic    0x10001868       0x30 CMakeFiles/ohmimetro.dir/C_/Users/jpabl/.pico-sdk/sdk/2.1.1/src/rp2_common/pico_platform_panic/panic.c.obj
                0x10001868                panic
 .text.hw_claim_lock
                0x10001898       0x18 CMakeFiles/ohmimetro.dir/C_/Users/jpabl/.pico-sdk/sdk/2.1.1/src/common/hardware_claim/claim.c.obj
                0x10001898                hw_claim_lock
 .text.hw_claim_unlock
                0x100018b0       0x14 CMakeFiles/ohmimetro.dir/C_/Users/jpabl/.pico-sdk/sdk/2.1.1/src/common/hardware_claim/claim.c.obj
                0x100018b0                hw_claim_unlock
 .text.hw_claim_or_assert
                0x100018c4       0x44 CMakeFiles/ohmimetro.dir/C_/Users/jpabl/.pico-sdk/sdk/2.1.1/src/common/hardware_claim/claim.c.obj
                0x100018c4                hw_claim_or_assert
 .text.hw_claim_unused_from_range
                0x10001908       0x88 CMakeFiles/ohmimetro.dir/C_/Users/jpabl/.pico-sdk/sdk/2.1.1/src/common/hardware_claim/claim.c.obj
                0x10001908                hw_claim_unused_from_range
 .text.next_striped_spin_lock_num
                0x10001990       0x18 CMakeFiles/ohmimetro.dir/C_/Users/jpabl/.pico-sdk/sdk/2.1.1/src/rp2_common/hardware_sync/sync.c.obj
                0x10001990                next_striped_spin_lock_num
 .text.spin_lock_claim_unused
                0x100019a8       0x24 CMakeFiles/ohmimetro.dir/C_/Users/jpabl/.pico-sdk/sdk/2.1.1/src/rp2_common/hardware_sync/sync.c.obj
                0x100019a8                spin_lock_claim_unused
 .text.spin_locks_reset
                0x100019cc       0x1c CMakeFiles/ohmimetro.dir/C_/Users/jpabl/.pico-sdk/sdk/2.1.1/src/rp2_common/hardware_sync_spin_lock/sync_spin_lock.c.obj
                0x100019cc                spin_locks_reset
 .text.runtime_init_per_core_irq_priorities
                0x100019e8       0x24 CMakeFiles/ohmimetro.dir/C_/Users/jpabl/.pico-sdk/sdk/2.1.1/src/rp2_common/hardware_irq/irq.c.obj
                0x100019e8                runtime_init_per_core_irq_priorities
 .text.irq_set_enabled
                0x10001a0c       0x24 CMakeFiles/ohmimetro.dir/C_/Users/jpabl/.pico-sdk/sdk/2.1.1/src/rp2_common/hardware_irq/irq.c.obj
                0x10001a0c                irq_set_enabled
 .text.irq_is_enabled
                0x10001a30       0x18 CMakeFiles/ohmimetro.dir/C_/Users/jpabl/.pico-sdk/sdk/2.1.1/src/rp2_common/hardware_irq/irq.c.obj
                0x10001a30                irq_is_enabled
 .text.irq_set_pending
                0x10001a48       0x10 CMakeFiles/ohmimetro.dir/C_/Users/jpabl/.pico-sdk/sdk/2.1.1/src/rp2_common/hardware_irq/irq.c.obj
                0x10001a48                irq_set_pending
 .text.irq_has_shared_handler
                0x10001a58       0x24 CMakeFiles/ohmimetro.dir/C_/Users/jpabl/.pico-sdk/sdk/2.1.1/src/rp2_common/hardware_irq/irq.c.obj
                0x10001a58                irq_has_shared_handler
 .text.irq_set_exclusive_handler
                0x10001a7c       0x54 CMakeFiles/ohmimetro.dir/C_/Users/jpabl/.pico-sdk/sdk/2.1.1/src/rp2_common/hardware_irq/irq.c.obj
                0x10001a7c                irq_set_exclusive_handler
 .text.irq_add_shared_handler
                0x10001ad0      0x1f4 CMakeFiles/ohmimetro.dir/C_/Users/jpabl/.pico-sdk/sdk/2.1.1/src/rp2_common/hardware_irq/irq.c.obj
                0x10001ad0                irq_add_shared_handler
 .text.irq_remove_handler
                0x10001cc4      0x1d4 CMakeFiles/ohmimetro.dir/C_/Users/jpabl/.pico-sdk/sdk/2.1.1/src/rp2_common/hardware_irq/irq.c.obj
                0x10001cc4                irq_remove_handler
 .text.irq_add_tail_to_free_list
                0x10001e98       0xb4 CMakeFiles/ohmimetro.dir/C_/Users/jpabl/.pico-sdk/sdk/2.1.1/src/rp2_common/hardware_irq/irq.c.obj
                0x10001e98                irq_add_tail_to_free_list
 .text.user_irq_claim_unused
                0x10001f4c       0x2c CMakeFiles/ohmimetro.dir/C_/Users/jpabl/.pico-sdk/sdk/2.1.1/src/rp2_common/hardware_irq/irq.c.obj
                0x10001f4c                user_irq_claim_unused
 .text.lock_init
                0x10001f78       0x10 CMakeFiles/ohmimetro.dir/C_/Users/jpabl/.pico-sdk/sdk/2.1.1/src/common/pico_sync/lock_core.c.obj
                0x10001f78                lock_init
 .text.runtime_init_mutex
                0x10001f88       0x50 CMakeFiles/ohmimetro.dir/C_/Users/jpabl/.pico-sdk/sdk/2.1.1/src/common/pico_sync/mutex.c.obj
                0x10001f88                runtime_init_mutex
 .text.mutex_init
                0x10001fd8       0x1c CMakeFiles/ohmimetro.dir/C_/Users/jpabl/.pico-sdk/sdk/2.1.1/src/common/pico_sync/mutex.c.obj
                0x10001fd8                mutex_init
 .text.critical_section_init
                0x10001ff4       0x1c CMakeFiles/ohmimetro.dir/C_/Users/jpabl/.pico-sdk/sdk/2.1.1/src/common/pico_sync/critical_section.c.obj
                0x10001ff4                critical_section_init
 .text.critical_section_init_with_lock_num
                0x10002010       0x14 CMakeFiles/ohmimetro.dir/C_/Users/jpabl/.pico-sdk/sdk/2.1.1/src/common/pico_sync/critical_section.c.obj
                0x10002010                critical_section_init_with_lock_num
 .text.sleep_until_callback
                0x10002024       0x30 CMakeFiles/ohmimetro.dir/C_/Users/jpabl/.pico-sdk/sdk/2.1.1/src/common/pico_time/time.c.obj
 .text.alarm_pool_irq_handler
                0x10002054      0x300 CMakeFiles/ohmimetro.dir/C_/Users/jpabl/.pico-sdk/sdk/2.1.1/src/common/pico_time/time.c.obj
 .text.runtime_init_default_alarm_pool
                0x10002354       0xdc CMakeFiles/ohmimetro.dir/C_/Users/jpabl/.pico-sdk/sdk/2.1.1/src/common/pico_time/time.c.obj
                0x10002354                runtime_init_default_alarm_pool
 .text.alarm_pool_get_default
                0x10002430        0x8 CMakeFiles/ohmimetro.dir/C_/Users/jpabl/.pico-sdk/sdk/2.1.1/src/common/pico_time/time.c.obj
                0x10002430                alarm_pool_get_default
 .text.alarm_pool_add_alarm_at
                0x10002438       0xd0 CMakeFiles/ohmimetro.dir/C_/Users/jpabl/.pico-sdk/sdk/2.1.1/src/common/pico_time/time.c.obj
                0x10002438                alarm_pool_add_alarm_at
 .text.alarm_pool_add_alarm_at_force_in_context
                0x10002508       0xb0 CMakeFiles/ohmimetro.dir/C_/Users/jpabl/.pico-sdk/sdk/2.1.1/src/common/pico_time/time.c.obj
                0x10002508                alarm_pool_add_alarm_at_force_in_context
 .text.alarm_pool_cancel_alarm
                0x100025b8       0x74 CMakeFiles/ohmimetro.dir/C_/Users/jpabl/.pico-sdk/sdk/2.1.1/src/common/pico_time/time.c.obj
                0x100025b8                alarm_pool_cancel_alarm
 .text.alarm_pool_core_num
                0x1000262c        0x4 CMakeFiles/ohmimetro.dir/C_/Users/jpabl/.pico-sdk/sdk/2.1.1/src/common/pico_time/time.c.obj
                0x1000262c                alarm_pool_core_num
 .text.sleep_ms
                0x10002630       0xfc CMakeFiles/ohmimetro.dir/C_/Users/jpabl/.pico-sdk/sdk/2.1.1/src/common/pico_time/time.c.obj
                0x10002630                sleep_ms
 .text.best_effort_wfe_or_timeout
                0x1000272c      0x10c CMakeFiles/ohmimetro.dir/C_/Users/jpabl/.pico-sdk/sdk/2.1.1/src/common/pico_time/time.c.obj
                0x1000272c                best_effort_wfe_or_timeout
 .text.timer_hardware_alarm_claim
                0x10002838       0x14 CMakeFiles/ohmimetro.dir/C_/Users/jpabl/.pico-sdk/sdk/2.1.1/src/rp2_common/hardware_timer/timer.c.obj
                0x10002838                timer_hardware_alarm_claim
 .text.timer_time_us_64
                0x1000284c       0x10 CMakeFiles/ohmimetro.dir/C_/Users/jpabl/.pico-sdk/sdk/2.1.1/src/rp2_common/hardware_timer/timer.c.obj
                0x1000284c                timer_time_us_64
 .text.time_us_64
                0x1000285c       0x14 CMakeFiles/ohmimetro.dir/C_/Users/jpabl/.pico-sdk/sdk/2.1.1/src/rp2_common/hardware_timer/timer.c.obj
                0x1000285c                time_us_64
 .text.busy_wait_us
                0x10002870       0x68 CMakeFiles/ohmimetro.dir/C_/Users/jpabl/.pico-sdk/sdk/2.1.1/src/rp2_common/hardware_timer/timer.c.obj
                0x10002870                busy_wait_us
 .text.busy_wait_until
                0x100028d8       0x20 CMakeFiles/ohmimetro.dir/C_/Users/jpabl/.pico-sdk/sdk/2.1.1/src/rp2_common/hardware_timer/timer.c.obj
                0x100028d8                busy_wait_until
 .text.uart_init
                0x100028f8      0x120 CMakeFiles/ohmimetro.dir/C_/Users/jpabl/.pico-sdk/sdk/2.1.1/src/rp2_common/hardware_uart/uart.c.obj
                0x100028f8                uart_init
 .text.clock_configure_int_divider
                0x10002a18       0xf4 CMakeFiles/ohmimetro.dir/C_/Users/jpabl/.pico-sdk/sdk/2.1.1/src/rp2_common/hardware_clocks/clocks.c.obj
                0x10002a18                clock_configure_int_divider
 .text.clock_configure_undivided
                0x10002b0c       0xe8 CMakeFiles/ohmimetro.dir/C_/Users/jpabl/.pico-sdk/sdk/2.1.1/src/rp2_common/hardware_clocks/clocks.c.obj
                0x10002b0c                clock_configure_undivided
 .text.clock_get_hz
                0x10002bf4        0xc CMakeFiles/ohmimetro.dir/C_/Users/jpabl/.pico-sdk/sdk/2.1.1/src/rp2_common/hardware_clocks/clocks.c.obj
                0x10002bf4                clock_get_hz
 .text.pll_init
                0x10002c00       0xa4 CMakeFiles/ohmimetro.dir/C_/Users/jpabl/.pico-sdk/sdk/2.1.1/src/rp2_common/hardware_pll/pll.c.obj
                0x10002c00                pll_init
 .text.watchdog_reboot
                0x10002ca4       0x9c CMakeFiles/ohmimetro.dir/C_/Users/jpabl/.pico-sdk/sdk/2.1.1/src/rp2_common/hardware_watchdog/watchdog.c.obj
                0x10002ca4                watchdog_reboot
 .text.tick_start
                0x10002d40       0x10 CMakeFiles/ohmimetro.dir/C_/Users/jpabl/.pico-sdk/sdk/2.1.1/src/rp2_common/hardware_ticks/ticks.c.obj
                0x10002d40                tick_start
 .text.rom_func_lookup
                0x10002d50       0x10 CMakeFiles/ohmimetro.dir/C_/Users/jpabl/.pico-sdk/sdk/2.1.1/src/rp2_common/pico_bootrom/bootrom.c.obj
                0x10002d50                rom_func_lookup
 .text.rom_data_lookup
                0x10002d60       0x10 CMakeFiles/ohmimetro.dir/C_/Users/jpabl/.pico-sdk/sdk/2.1.1/src/rp2_common/pico_bootrom/bootrom.c.obj
                0x10002d60                rom_data_lookup
 .text.rom_funcs_lookup
                0x10002d70       0x44 CMakeFiles/ohmimetro.dir/C_/Users/jpabl/.pico-sdk/sdk/2.1.1/src/rp2_common/pico_bootrom/bootrom.c.obj
                0x10002d70                rom_funcs_lookup
 .text.rom_reset_usb_boot
                0x10002db4       0x1c CMakeFiles/ohmimetro.dir/C_/Users/jpabl/.pico-sdk/sdk/2.1.1/src/rp2_common/pico_bootrom/bootrom.c.obj
                0x10002db4                rom_reset_usb_boot
 .text.rom_reset_usb_boot_extra
                0x10002dd0       0x24 CMakeFiles/ohmimetro.dir/C_/Users/jpabl/.pico-sdk/sdk/2.1.1/src/rp2_common/pico_bootrom/bootrom.c.obj
                0x10002dd0                rom_reset_usb_boot_extra
 .text.xosc_init
                0x10002df4       0x28 CMakeFiles/ohmimetro.dir/C_/Users/jpabl/.pico-sdk/sdk/2.1.1/src/rp2_common/hardware_xosc/xosc.c.obj
                0x10002df4                xosc_init
 .text.first_per_core_initializer
                0x10002e1c        0x4 CMakeFiles/ohmimetro.dir/C_/Users/jpabl/.pico-sdk/sdk/2.1.1/src/rp2_common/pico_runtime/runtime.c.obj
 .text.hard_assertion_failure
                0x10002e20        0xc CMakeFiles/ohmimetro.dir/C_/Users/jpabl/.pico-sdk/sdk/2.1.1/src/rp2_common/pico_runtime/runtime.c.obj
                0x10002e20                hard_assertion_failure
 .text.runtime_run_initializers
                0x10002e2c       0x28 CMakeFiles/ohmimetro.dir/C_/Users/jpabl/.pico-sdk/sdk/2.1.1/src/rp2_common/pico_runtime/runtime.c.obj
                0x10002e2c                runtime_run_initializers
 .text.runtime_init_early_resets
                0x10002e54       0x2c CMakeFiles/ohmimetro.dir/C_/Users/jpabl/.pico-sdk/sdk/2.1.1/src/rp2_common/pico_runtime_init/runtime_init.c.obj
                0x10002e54                runtime_init_early_resets
 .text.runtime_init_usb_power_down
                0x10002e80       0x1c CMakeFiles/ohmimetro.dir/C_/Users/jpabl/.pico-sdk/sdk/2.1.1/src/rp2_common/pico_runtime_init/runtime_init.c.obj
                0x10002e80                runtime_init_usb_power_down
 .text.runtime_init_post_clock_resets
                0x10002e9c       0x20 CMakeFiles/ohmimetro.dir/C_/Users/jpabl/.pico-sdk/sdk/2.1.1/src/rp2_common/pico_runtime_init/runtime_init.c.obj
                0x10002e9c                runtime_init_post_clock_resets
 .text.runtime_init_rp2040_gpio_ie_disable
                0x10002ebc       0x14 CMakeFiles/ohmimetro.dir/C_/Users/jpabl/.pico-sdk/sdk/2.1.1/src/rp2_common/pico_runtime_init/runtime_init.c.obj
                0x10002ebc                runtime_init_rp2040_gpio_ie_disable
 .text.runtime_init_spin_locks_reset
                0x10002ed0        0x8 CMakeFiles/ohmimetro.dir/C_/Users/jpabl/.pico-sdk/sdk/2.1.1/src/rp2_common/pico_runtime_init/runtime_init.c.obj
                0x10002ed0                runtime_init_spin_locks_reset
 .text.runtime_init_install_ram_vector_table
                0x10002ed8       0x1c CMakeFiles/ohmimetro.dir/C_/Users/jpabl/.pico-sdk/sdk/2.1.1/src/rp2_common/pico_runtime_init/runtime_init.c.obj
                0x10002ed8                runtime_init_install_ram_vector_table
 .text.runtime_init_clocks
                0x10002ef4       0xd8 CMakeFiles/ohmimetro.dir/C_/Users/jpabl/.pico-sdk/sdk/2.1.1/src/rp2_common/pico_runtime_init/runtime_init_clocks.c.obj
                0x10002ef4                runtime_init_clocks
 .text          0x10002fcc       0x10 CMakeFiles/ohmimetro.dir/C_/Users/jpabl/.pico-sdk/sdk/2.1.1/src/rp2_common/pico_bit_ops/bit_ops_aeabi.S.obj
 .text.__wrap___aeabi_idiv
                0x10002fdc       0x50 CMakeFiles/ohmimetro.dir/C_/Users/jpabl/.pico-sdk/sdk/2.1.1/src/rp2_common/pico_divider/divider_hardware.S.obj
                0x10002fdc                __wrap___aeabi_idivmod
                0x10002fdc                divmod_s32s32
                0x10002fdc                div_s32s32
                0x10002fdc                __wrap___aeabi_idiv
                0x10002fe4                divmod_s32s32_unsafe
                0x10003010                divmod_s32s32_savestate
 .text.__wrap___aeabi_uidiv
                0x1000302c       0x4c CMakeFiles/ohmimetro.dir/C_/Users/jpabl/.pico-sdk/sdk/2.1.1/src/rp2_common/pico_divider/divider_hardware.S.obj
                0x1000302c                __wrap___aeabi_uidiv
                0x1000302c                __wrap___aeabi_uidivmod
                0x1000302c                div_u32u32
                0x1000302c                divmod_u32u32
                0x10003034                divmod_u32u32_unsafe
                0x1000305c                divmod_u32u32_savestate
 .text.__wrap___aeabi_ldiv
                0x10003078      0x424 CMakeFiles/ohmimetro.dir/C_/Users/jpabl/.pico-sdk/sdk/2.1.1/src/rp2_common/pico_divider/divider_hardware.S.obj
                0x10003078                div_s64s64
                0x10003078                divmod_s64s64
                0x10003078                __wrap___aeabi_ldivmod
                0x100030a8                divmod_u64u64
                0x100030a8                div_u64u64
                0x100030a8                __wrap___aeabi_uldivmod
                0x100030b8                divmod_u64u64_savestate
                0x100030d8                divmod_s64s64_unsafe
                0x10003160                divmod_u64u64_unsafe
 .text.__wrap___aeabi_darithmetic
                0x1000349c       0x60 CMakeFiles/ohmimetro.dir/C_/Users/jpabl/.pico-sdk/sdk/2.1.1/src/rp2_common/pico_double/double_aeabi_rp2040.S.obj
                0x1000349c                __wrap___aeabi_drsub
                0x100034a2                __wrap___aeabi_dsub
                0x100034ac                __wrap___aeabi_dadd
                0x100034b6                __wrap___aeabi_ddiv
                0x100034ea                __wrap___aeabi_dmul
 .text.__wrap___aeabi_cdcmple
                0x100034fc       0x6c CMakeFiles/ohmimetro.dir/C_/Users/jpabl/.pico-sdk/sdk/2.1.1/src/rp2_common/pico_double/double_aeabi_rp2040.S.obj
                0x100034fc                __wrap___aeabi_cdrcmple
                0x1000350c                __wrap___aeabi_cdcmpeq
                0x1000350c                __wrap___aeabi_cdcmple
 .text.__wrap___aeabi_dcmplt
                0x10003568        0xc CMakeFiles/ohmimetro.dir/C_/Users/jpabl/.pico-sdk/sdk/2.1.1/src/rp2_common/pico_double/double_aeabi_rp2040.S.obj
                0x10003568                __wrap___aeabi_dcmplt
 .text.__wrap___aeabi_dcmple
                0x10003574       0x10 CMakeFiles/ohmimetro.dir/C_/Users/jpabl/.pico-sdk/sdk/2.1.1/src/rp2_common/pico_double/double_aeabi_rp2040.S.obj
                0x10003574                __wrap___aeabi_dcmple
 .text.__wrap___aeabi_dcmpge
                0x10003584       0x10 CMakeFiles/ohmimetro.dir/C_/Users/jpabl/.pico-sdk/sdk/2.1.1/src/rp2_common/pico_double/double_aeabi_rp2040.S.obj
                0x10003584                __wrap___aeabi_dcmpge
 .text.__wrap___aeabi_dcmpgt
                0x10003594        0xa CMakeFiles/ohmimetro.dir/C_/Users/jpabl/.pico-sdk/sdk/2.1.1/src/rp2_common/pico_double/double_aeabi_rp2040.S.obj
                0x10003594                __wrap___aeabi_dcmpgt
 .text.__wrap___aeabi_dcmpun
                0x1000359e       0x18 CMakeFiles/ohmimetro.dir/C_/Users/jpabl/.pico-sdk/sdk/2.1.1/src/rp2_common/pico_double/double_aeabi_rp2040.S.obj
                0x1000359e                __wrap___aeabi_dcmpun
 *fill*         0x100035b6        0x2 
 .text.__wrap___aeabi_i2d
                0x100035b8       0x38 CMakeFiles/ohmimetro.dir/C_/Users/jpabl/.pico-sdk/sdk/2.1.1/src/rp2_common/pico_double/double_aeabi_rp2040.S.obj
                0x100035b8                uint2double
                0x100035b8                __wrap___aeabi_ui2d
                0x100035c0                int2double
                0x100035c0                __wrap___aeabi_i2d
 .text.__wrap___aeabi_d2iz
                0x100035f0       0x48 CMakeFiles/ohmimetro.dir/C_/Users/jpabl/.pico-sdk/sdk/2.1.1/src/rp2_common/pico_double/double_aeabi_rp2040.S.obj
                0x100035f0                double2int_z
                0x100035f0                __wrap___aeabi_d2iz
 .text.__wrap___aeabi_d2uiz
                0x10003638       0x10 CMakeFiles/ohmimetro.dir/C_/Users/jpabl/.pico-sdk/sdk/2.1.1/src/rp2_common/pico_double/double_aeabi_rp2040.S.obj
                0x10003638                double2uint
                0x10003638                __wrap___aeabi_d2uiz
                0x10003638                double2uint_z
 .text.__wrap___aeabi_d2f
                0x10003648       0x10 CMakeFiles/ohmimetro.dir/C_/Users/jpabl/.pico-sdk/sdk/2.1.1/src/rp2_common/pico_double/double_aeabi_rp2040.S.obj
                0x10003648                __wrap___aeabi_d2f
 .text.__wrap_exp
                0x10003658       0x10 CMakeFiles/ohmimetro.dir/C_/Users/jpabl/.pico-sdk/sdk/2.1.1/src/rp2_common/pico_double/double_aeabi_rp2040.S.obj
                0x10003658                __wrap_exp
 .text.__wrap_log
                0x10003668       0x10 CMakeFiles/ohmimetro.dir/C_/Users/jpabl/.pico-sdk/sdk/2.1.1/src/rp2_common/pico_double/double_aeabi_rp2040.S.obj
                0x10003668                __wrap_log
 .text.missing_double_func_shim
                0x10003678        0xc CMakeFiles/ohmimetro.dir/C_/Users/jpabl/.pico-sdk/sdk/2.1.1/src/rp2_common/pico_double/double_init_rom_rp2040.c.obj
 .text.__aeabi_double_init
                0x10003684       0xa0 CMakeFiles/ohmimetro.dir/C_/Users/jpabl/.pico-sdk/sdk/2.1.1/src/rp2_common/pico_double/double_init_rom_rp2040.c.obj
                0x10003684                __aeabi_double_init
 .text.double_table_shim_on_use_helper
                0x10003724       0x2c CMakeFiles/ohmimetro.dir/C_/Users/jpabl/.pico-sdk/sdk/2.1.1/src/rp2_common/pico_double/double_v1_rom_shim_rp2040.S.obj
                0x10003724                double_table_shim_on_use_helper
 .text.__aeabi_lmul
                0x10003750       0x32 CMakeFiles/ohmimetro.dir/C_/Users/jpabl/.pico-sdk/sdk/2.1.1/src/rp2_common/pico_int64_ops/pico_int64_ops_aeabi.S.obj
                0x10003750                __wrap___aeabi_lmul
 *fill*         0x10003782        0x2 
 .text.__wrap___aeabi_farithmetic
                0x10003784       0x48 CMakeFiles/ohmimetro.dir/C_/Users/jpabl/.pico-sdk/sdk/2.1.1/src/rp2_common/pico_float/float_aeabi_rp2040.S.obj
                0x10003784                __wrap___aeabi_frsub
                0x1000378a                __wrap___aeabi_fsub
                0x10003790                __wrap___aeabi_fadd
                0x10003796                __wrap___aeabi_fdiv
                0x100037be                __wrap___aeabi_fmul
 .text.__wrap___aeabi_cfcmple
                0x100037cc       0x50 CMakeFiles/ohmimetro.dir/C_/Users/jpabl/.pico-sdk/sdk/2.1.1/src/rp2_common/pico_float/float_aeabi_rp2040.S.obj
                0x100037cc                __wrap___aeabi_cfrcmple
                0x100037d8                __wrap___aeabi_cfcmple
                0x100037d8                __wrap___aeabi_cfcmpeq
 .text.__wrap___aeabi_fcmpeq
                0x1000381c       0x10 CMakeFiles/ohmimetro.dir/C_/Users/jpabl/.pico-sdk/sdk/2.1.1/src/rp2_common/pico_float/float_aeabi_rp2040.S.obj
                0x1000381c                __wrap___aeabi_fcmpeq
 .text.__wrap___aeabi_fcmplt
                0x1000382c        0xc CMakeFiles/ohmimetro.dir/C_/Users/jpabl/.pico-sdk/sdk/2.1.1/src/rp2_common/pico_float/float_aeabi_rp2040.S.obj
                0x1000382c                __wrap___aeabi_fcmplt
 .text.__wrap___aeabi_fcmpge
                0x10003838       0x10 CMakeFiles/ohmimetro.dir/C_/Users/jpabl/.pico-sdk/sdk/2.1.1/src/rp2_common/pico_float/float_aeabi_rp2040.S.obj
                0x10003838                __wrap___aeabi_fcmpge
 .text.__wrap___aeabi_ui2f
                0x10003848        0xa CMakeFiles/ohmimetro.dir/C_/Users/jpabl/.pico-sdk/sdk/2.1.1/src/rp2_common/pico_float/float_aeabi_rp2040.S.obj
                0x10003848                __wrap___aeabi_ui2f
                0x10003848                uint2float
 *fill*         0x10003852        0x2 
 .text.__wrap___aeabi_i2f
                0x10003854       0x44 CMakeFiles/ohmimetro.dir/C_/Users/jpabl/.pico-sdk/sdk/2.1.1/src/rp2_common/pico_float/float_aeabi_rp2040.S.obj
                0x10003854                __wrap___aeabi_i2f
                0x10003854                int2float
 .text.__wrap___aeabi_f2iz
                0x10003898       0x4e CMakeFiles/ohmimetro.dir/C_/Users/jpabl/.pico-sdk/sdk/2.1.1/src/rp2_common/pico_float/float_aeabi_rp2040.S.obj
                0x10003898                float2int_z
                0x10003898                __wrap___aeabi_f2iz
 *fill*         0x100038e6        0x2 
 .text.float2int
                0x100038e8        0xc CMakeFiles/ohmimetro.dir/C_/Users/jpabl/.pico-sdk/sdk/2.1.1/src/rp2_common/pico_float/float_aeabi_rp2040.S.obj
                0x100038e8                float2int
 .text.__wrap___aeabi_f2uiz
                0x100038f4        0xc CMakeFiles/ohmimetro.dir/C_/Users/jpabl/.pico-sdk/sdk/2.1.1/src/rp2_common/pico_float/float_aeabi_rp2040.S.obj
                0x100038f4                float2uint_z
                0x100038f4                __wrap___aeabi_f2uiz
                0x100038f4                float2uint
 .text.__wrap___aeabi_f2d
                0x10003900        0xc CMakeFiles/ohmimetro.dir/C_/Users/jpabl/.pico-sdk/sdk/2.1.1/src/rp2_common/pico_float/float_aeabi_rp2040.S.obj
                0x10003900                __wrap___aeabi_f2d
 .text.missing_float_func_shim
                0x1000390c        0xc CMakeFiles/ohmimetro.dir/C_/Users/jpabl/.pico-sdk/sdk/2.1.1/src/rp2_common/pico_float/float_init_rom_rp2040.c.obj
 .text.__aeabi_float_init
                0x10003918       0x5c CMakeFiles/ohmimetro.dir/C_/Users/jpabl/.pico-sdk/sdk/2.1.1/src/rp2_common/pico_float/float_init_rom_rp2040.c.obj
                0x10003918                __aeabi_float_init
 .text.fpow_int2
                0x10003974       0xb8 CMakeFiles/ohmimetro.dir/C_/Users/jpabl/.pico-sdk/sdk/2.1.1/src/rp2_common/pico_float/float_math.c.obj
 .text.fpow_0   0x10003a2c       0xfc CMakeFiles/ohmimetro.dir/C_/Users/jpabl/.pico-sdk/sdk/2.1.1/src/rp2_common/pico_float/float_math.c.obj
 .text.__wrap_powf
                0x10003b28      0x198 CMakeFiles/ohmimetro.dir/C_/Users/jpabl/.pico-sdk/sdk/2.1.1/src/rp2_common/pico_float/float_math.c.obj
                0x10003b28                __wrap_powf
 .text.__wrap_calloc
                0x10003cc0       0x28 CMakeFiles/ohmimetro.dir/C_/Users/jpabl/.pico-sdk/sdk/2.1.1/src/rp2_common/pico_malloc/malloc.c.obj
                0x10003cc0                __wrap_calloc
 .text          0x10003ce8       0x10 CMakeFiles/ohmimetro.dir/C_/Users/jpabl/.pico-sdk/sdk/2.1.1/src/rp2_common/pico_mem_ops/mem_ops_aeabi.S.obj
                0x10003ce8                __aeabi_mem_init
 .text.memset   0x10003cf8        0xc CMakeFiles/ohmimetro.dir/C_/Users/jpabl/.pico-sdk/sdk/2.1.1/src/rp2_common/pico_mem_ops/mem_ops_aeabi.S.obj
                0x10003cf8                __wrap_memset
 .text.memcpy   0x10003d04        0xc CMakeFiles/ohmimetro.dir/C_/Users/jpabl/.pico-sdk/sdk/2.1.1/src/rp2_common/pico_mem_ops/mem_ops_aeabi.S.obj
                0x10003d04                __wrap_memcpy
                0x10003d04                __wrap___aeabi_memcpy
 .text._out_buffer
                0x10003d10        0x8 CMakeFiles/ohmimetro.dir/C_/Users/jpabl/.pico-sdk/sdk/2.1.1/src/rp2_common/pico_printf/printf.c.obj
 .text._out_null
                0x10003d18        0x4 CMakeFiles/ohmimetro.dir/C_/Users/jpabl/.pico-sdk/sdk/2.1.1/src/rp2_common/pico_printf/printf.c.obj
 .text._out_rev
                0x10003d1c       0xac CMakeFiles/ohmimetro.dir/C_/Users/jpabl/.pico-sdk/sdk/2.1.1/src/rp2_common/pico_printf/printf.c.obj
 .text._ntoa_format
                0x10003dc8      0x1cc CMakeFiles/ohmimetro.dir/C_/Users/jpabl/.pico-sdk/sdk/2.1.1/src/rp2_common/pico_printf/printf.c.obj
 .text._out_char
                0x10003f94       0x10 CMakeFiles/ohmimetro.dir/C_/Users/jpabl/.pico-sdk/sdk/2.1.1/src/rp2_common/pico_printf/printf.c.obj
 .text._out_fct
                0x10003fa4       0x10 CMakeFiles/ohmimetro.dir/C_/Users/jpabl/.pico-sdk/sdk/2.1.1/src/rp2_common/pico_printf/printf.c.obj
 .text._ftoa    0x10003fb4      0x4a8 CMakeFiles/ohmimetro.dir/C_/Users/jpabl/.pico-sdk/sdk/2.1.1/src/rp2_common/pico_printf/printf.c.obj
 .text._etoa    0x1000445c      0x57c CMakeFiles/ohmimetro.dir/C_/Users/jpabl/.pico-sdk/sdk/2.1.1/src/rp2_common/pico_printf/printf.c.obj
 .text._vsnprintf
                0x100049d8      0xbe0 CMakeFiles/ohmimetro.dir/C_/Users/jpabl/.pico-sdk/sdk/2.1.1/src/rp2_common/pico_printf/printf.c.obj
 .text.__wrap_sprintf
                0x100055b8       0x2c CMakeFiles/ohmimetro.dir/C_/Users/jpabl/.pico-sdk/sdk/2.1.1/src/rp2_common/pico_printf/printf.c.obj
                0x100055b8                __wrap_sprintf
 .text.vfctprintf
                0x100055e4       0x24 CMakeFiles/ohmimetro.dir/C_/Users/jpabl/.pico-sdk/sdk/2.1.1/src/rp2_common/pico_printf/printf.c.obj
                0x100055e4                vfctprintf
 .text.weak_raw_vprintf
                0x10005608       0x30 CMakeFiles/ohmimetro.dir/C_/Users/jpabl/.pico-sdk/sdk/2.1.1/src/rp2_common/pico_printf/printf.c.obj
                0x10005608                weak_raw_vprintf
 .text._exit    0x10005638        0x4 CMakeFiles/ohmimetro.dir/C_/Users/jpabl/.pico-sdk/sdk/2.1.1/src/rp2_common/pico_clib_interface/newlib_interface.c.obj
                0x10005638                _exit
 .text._sbrk    0x1000563c       0x34 CMakeFiles/ohmimetro.dir/C_/Users/jpabl/.pico-sdk/sdk/2.1.1/src/rp2_common/pico_clib_interface/newlib_interface.c.obj
                0x1000563c                _sbrk
 .text.exit     0x10005670        0x8 CMakeFiles/ohmimetro.dir/C_/Users/jpabl/.pico-sdk/sdk/2.1.1/src/rp2_common/pico_clib_interface/newlib_interface.c.obj
                0x10005670                exit
 .text.runtime_init
                0x10005678       0x2c CMakeFiles/ohmimetro.dir/C_/Users/jpabl/.pico-sdk/sdk/2.1.1/src/rp2_common/pico_clib_interface/newlib_interface.c.obj
                0x10005678                runtime_init
 .text.stdio_out_chars_no_crlf
                0x100056a4       0x10 CMakeFiles/ohmimetro.dir/C_/Users/jpabl/.pico-sdk/sdk/2.1.1/src/rp2_common/pico_stdio/stdio.c.obj
 .text.stdio_out_chars_crlf
                0x100056b4       0xb0 CMakeFiles/ohmimetro.dir/C_/Users/jpabl/.pico-sdk/sdk/2.1.1/src/rp2_common/pico_stdio/stdio.c.obj
 .text.stdio_buffered_printer
                0x10005764       0x64 CMakeFiles/ohmimetro.dir/C_/Users/jpabl/.pico-sdk/sdk/2.1.1/src/rp2_common/pico_stdio/stdio.c.obj
 .text.stdio_put_string
                0x100057c8       0xfc CMakeFiles/ohmimetro.dir/C_/Users/jpabl/.pico-sdk/sdk/2.1.1/src/rp2_common/pico_stdio/stdio.c.obj
                0x100057c8                stdio_put_string
 .text.stdio_set_driver_enabled
                0x100058c4       0x30 CMakeFiles/ohmimetro.dir/C_/Users/jpabl/.pico-sdk/sdk/2.1.1/src/rp2_common/pico_stdio/stdio.c.obj
                0x100058c4                stdio_set_driver_enabled
 .text.stdio_init_all
                0x100058f4       0x10 CMakeFiles/ohmimetro.dir/C_/Users/jpabl/.pico-sdk/sdk/2.1.1/src/rp2_common/pico_stdio/stdio.c.obj
                0x100058f4                stdio_init_all
 .text.__wrap_putchar
                0x10005904       0x94 CMakeFiles/ohmimetro.dir/C_/Users/jpabl/.pico-sdk/sdk/2.1.1/src/rp2_common/pico_stdio/stdio.c.obj
                0x10005904                __wrap_putchar
                0x10005904                stdio_putchar
 .text.__wrap_puts
                0x10005998       0x3c CMakeFiles/ohmimetro.dir/C_/Users/jpabl/.pico-sdk/sdk/2.1.1/src/rp2_common/pico_stdio/stdio.c.obj
                0x10005998                stdio_puts
                0x10005998                __wrap_puts
 .text.__wrap_vprintf
                0x100059d4       0xcc CMakeFiles/ohmimetro.dir/C_/Users/jpabl/.pico-sdk/sdk/2.1.1/src/rp2_common/pico_stdio/stdio.c.obj
                0x100059d4                stdio_vprintf
                0x100059d4                __wrap_vprintf
 .text.__wrap_printf
                0x10005aa0       0x18 CMakeFiles/ohmimetro.dir/C_/Users/jpabl/.pico-sdk/sdk/2.1.1/src/rp2_common/pico_stdio/stdio.c.obj
                0x10005aa0                __wrap_printf
                0x10005aa0                stdio_printf
 .text.stdio_uart_out_chars
                0x10005ab8       0x4c CMakeFiles/ohmimetro.dir/C_/Users/jpabl/.pico-sdk/sdk/2.1.1/src/rp2_common/pico_stdio_uart/stdio_uart.c.obj
 .text.stdio_uart_in_chars
                0x10005b04       0x90 CMakeFiles/ohmimetro.dir/C_/Users/jpabl/.pico-sdk/sdk/2.1.1/src/rp2_common/pico_stdio_uart/stdio_uart.c.obj
                0x10005b04                stdio_uart_in_chars
 .text.on_uart_rx
                0x10005b94       0x28 CMakeFiles/ohmimetro.dir/C_/Users/jpabl/.pico-sdk/sdk/2.1.1/src/rp2_common/pico_stdio_uart/stdio_uart.c.obj
 .text.stdio_uart_out_flush
                0x10005bbc       0x14 CMakeFiles/ohmimetro.dir/C_/Users/jpabl/.pico-sdk/sdk/2.1.1/src/rp2_common/pico_stdio_uart/stdio_uart.c.obj
 .text.stdio_uart_set_chars_available_callback
                0x10005bd0       0x84 CMakeFiles/ohmimetro.dir/C_/Users/jpabl/.pico-sdk/sdk/2.1.1/src/rp2_common/pico_stdio_uart/stdio_uart.c.obj
 .text.stdio_uart_init
                0x10005c54       0x50 CMakeFiles/ohmimetro.dir/C_/Users/jpabl/.pico-sdk/sdk/2.1.1/src/rp2_common/pico_stdio_uart/stdio_uart.c.obj
                0x10005c54                stdio_uart_init
 .text.resetd_init
                0x10005ca4        0x4 CMakeFiles/ohmimetro.dir/C_/Users/jpabl/.pico-sdk/sdk/2.1.1/src/rp2_common/pico_stdio_usb/reset_interface.c.obj
 .text.resetd_reset
                0x10005ca8        0xc CMakeFiles/ohmimetro.dir/C_/Users/jpabl/.pico-sdk/sdk/2.1.1/src/rp2_common/pico_stdio_usb/reset_interface.c.obj
 .text.resetd_open
                0x10005cb4       0x28 CMakeFiles/ohmimetro.dir/C_/Users/jpabl/.pico-sdk/sdk/2.1.1/src/rp2_common/pico_stdio_usb/reset_interface.c.obj
 .text.resetd_xfer_cb
                0x10005cdc        0x4 CMakeFiles/ohmimetro.dir/C_/Users/jpabl/.pico-sdk/sdk/2.1.1/src/rp2_common/pico_stdio_usb/reset_interface.c.obj
 .text.resetd_control_xfer_cb
                0x10005ce0       0x54 CMakeFiles/ohmimetro.dir/C_/Users/jpabl/.pico-sdk/sdk/2.1.1/src/rp2_common/pico_stdio_usb/reset_interface.c.obj
 .text.tud_descriptor_bos_cb
                0x10005d34        0x8 CMakeFiles/ohmimetro.dir/C_/Users/jpabl/.pico-sdk/sdk/2.1.1/src/rp2_common/pico_stdio_usb/reset_interface.c.obj
                0x10005d34                tud_descriptor_bos_cb
 .text.tud_vendor_control_xfer_cb
                0x10005d3c       0x34 CMakeFiles/ohmimetro.dir/C_/Users/jpabl/.pico-sdk/sdk/2.1.1/src/rp2_common/pico_stdio_usb/reset_interface.c.obj
                0x10005d3c                tud_vendor_control_xfer_cb
 .text.usbd_app_driver_get_cb
                0x10005d70        0xc CMakeFiles/ohmimetro.dir/C_/Users/jpabl/.pico-sdk/sdk/2.1.1/src/rp2_common/pico_stdio_usb/reset_interface.c.obj
                0x10005d70                usbd_app_driver_get_cb
 .text.tud_cdc_line_coding_cb
                0x10005d7c       0x2c CMakeFiles/ohmimetro.dir/C_/Users/jpabl/.pico-sdk/sdk/2.1.1/src/rp2_common/pico_stdio_usb/reset_interface.c.obj
                0x10005d7c                tud_cdc_line_coding_cb
 .text.stdio_usb_set_chars_available_callback
                0x10005da8       0x14 CMakeFiles/ohmimetro.dir/C_/Users/jpabl/.pico-sdk/sdk/2.1.1/src/rp2_common/pico_stdio_usb/stdio_usb.c.obj
                0x10005da8                stdio_usb_set_chars_available_callback
 .text.usb_irq  0x10005dbc       0x10 CMakeFiles/ohmimetro.dir/C_/Users/jpabl/.pico-sdk/sdk/2.1.1/src/rp2_common/pico_stdio_usb/stdio_usb.c.obj
 .text.timer_task
                0x10005dcc       0x64 CMakeFiles/ohmimetro.dir/C_/Users/jpabl/.pico-sdk/sdk/2.1.1/src/rp2_common/pico_stdio_usb/stdio_usb.c.obj
 .text.stdio_usb_in_chars
                0x10005e30       0x8c CMakeFiles/ohmimetro.dir/C_/Users/jpabl/.pico-sdk/sdk/2.1.1/src/rp2_common/pico_stdio_usb/stdio_usb.c.obj
                0x10005e30                stdio_usb_in_chars
 .text.stdio_usb_out_flush
                0x10005ebc       0x4c CMakeFiles/ohmimetro.dir/C_/Users/jpabl/.pico-sdk/sdk/2.1.1/src/rp2_common/pico_stdio_usb/stdio_usb.c.obj
 .text.stdio_usb_out_chars
                0x10005f08      0x100 CMakeFiles/ohmimetro.dir/C_/Users/jpabl/.pico-sdk/sdk/2.1.1/src/rp2_common/pico_stdio_usb/stdio_usb.c.obj
 .text.low_priority_worker_irq
                0x10006008       0xc8 CMakeFiles/ohmimetro.dir/C_/Users/jpabl/.pico-sdk/sdk/2.1.1/src/rp2_common/pico_stdio_usb/stdio_usb.c.obj
 .text.stdio_usb_init
                0x100060d0       0xe8 CMakeFiles/ohmimetro.dir/C_/Users/jpabl/.pico-sdk/sdk/2.1.1/src/rp2_common/pico_stdio_usb/stdio_usb.c.obj
                0x100060d0                stdio_usb_init
 .text.tud_descriptor_device_cb
                0x100061b8        0x8 CMakeFiles/ohmimetro.dir/C_/Users/jpabl/.pico-sdk/sdk/2.1.1/src/rp2_common/pico_stdio_usb/stdio_usb_descriptors.c.obj
                0x100061b8                tud_descriptor_device_cb
 .text.tud_descriptor_configuration_cb
                0x100061c0        0x8 CMakeFiles/ohmimetro.dir/C_/Users/jpabl/.pico-sdk/sdk/2.1.1/src/rp2_common/pico_stdio_usb/stdio_usb_descriptors.c.obj
                0x100061c0                tud_descriptor_configuration_cb
 .text.tud_descriptor_string_cb
                0x100061c8       0x78 CMakeFiles/ohmimetro.dir/C_/Users/jpabl/.pico-sdk/sdk/2.1.1/src/rp2_common/pico_stdio_usb/stdio_usb_descriptors.c.obj
                0x100061c8                tud_descriptor_string_cb
 .text.startup._retrieve_unique_id_on_boot
                0x10006240       0x10 CMakeFiles/ohmimetro.dir/C_/Users/jpabl/.pico-sdk/sdk/2.1.1/src/rp2_common/pico_unique_id/unique_id.c.obj
 .text.pico_get_unique_board_id_string
                0x10006250      0x1a8 CMakeFiles/ohmimetro.dir/C_/Users/jpabl/.pico-sdk/sdk/2.1.1/src/rp2_common/pico_unique_id/unique_id.c.obj
                0x10006250                pico_get_unique_board_id_string
 .text.flash_get_unique_id
                0x100063f8       0x3c CMakeFiles/ohmimetro.dir/C_/Users/jpabl/.pico-sdk/sdk/2.1.1/src/rp2_common/hardware_flash/flash.c.obj
                0x100063f8                flash_get_unique_id
 .text.dcd_init
                0x10006434       0x90 CMakeFiles/ohmimetro.dir/C_/Users/jpabl/.pico-sdk/sdk/2.1.1/lib/tinyusb/src/portable/raspberrypi/rp2040/dcd_rp2040.c.obj
                0x10006434                dcd_init
 .text.dcd_int_enable
                0x100064c4        0xc CMakeFiles/ohmimetro.dir/C_/Users/jpabl/.pico-sdk/sdk/2.1.1/lib/tinyusb/src/portable/raspberrypi/rp2040/dcd_rp2040.c.obj
                0x100064c4                dcd_int_enable
 .text.dcd_set_address
                0x100064d0       0x14 CMakeFiles/ohmimetro.dir/C_/Users/jpabl/.pico-sdk/sdk/2.1.1/lib/tinyusb/src/portable/raspberrypi/rp2040/dcd_rp2040.c.obj
                0x100064d0                dcd_set_address
 .text.dcd_sof_enable
                0x100064e4       0x1c CMakeFiles/ohmimetro.dir/C_/Users/jpabl/.pico-sdk/sdk/2.1.1/lib/tinyusb/src/portable/raspberrypi/rp2040/dcd_rp2040.c.obj
                0x100064e4                dcd_sof_enable
 .text.dcd_edpt0_status_complete
                0x10006500       0x1c CMakeFiles/ohmimetro.dir/C_/Users/jpabl/.pico-sdk/sdk/2.1.1/lib/tinyusb/src/portable/raspberrypi/rp2040/dcd_rp2040.c.obj
                0x10006500                dcd_edpt0_status_complete
 .text.dcd_edpt_open
                0x1000651c      0x114 CMakeFiles/ohmimetro.dir/C_/Users/jpabl/.pico-sdk/sdk/2.1.1/lib/tinyusb/src/portable/raspberrypi/rp2040/dcd_rp2040.c.obj
                0x1000651c                dcd_edpt_open
 .text.dcd_edpt_close_all
                0x10006630        0x8 CMakeFiles/ohmimetro.dir/C_/Users/jpabl/.pico-sdk/sdk/2.1.1/lib/tinyusb/src/portable/raspberrypi/rp2040/dcd_rp2040.c.obj
                0x10006630                dcd_edpt_close_all
 .text.dcd_edpt_xfer
                0x10006638       0x24 CMakeFiles/ohmimetro.dir/C_/Users/jpabl/.pico-sdk/sdk/2.1.1/lib/tinyusb/src/portable/raspberrypi/rp2040/dcd_rp2040.c.obj
                0x10006638                dcd_edpt_xfer
 .text.dcd_edpt_stall
                0x1000665c       0x3c CMakeFiles/ohmimetro.dir/C_/Users/jpabl/.pico-sdk/sdk/2.1.1/lib/tinyusb/src/portable/raspberrypi/rp2040/dcd_rp2040.c.obj
                0x1000665c                dcd_edpt_stall
 .text.dcd_edpt_clear_stall
                0x10006698       0x30 CMakeFiles/ohmimetro.dir/C_/Users/jpabl/.pico-sdk/sdk/2.1.1/lib/tinyusb/src/portable/raspberrypi/rp2040/dcd_rp2040.c.obj
                0x10006698                dcd_edpt_clear_stall
 .text.rp2040_usb_init
                0x100066c8       0x40 CMakeFiles/ohmimetro.dir/C_/Users/jpabl/.pico-sdk/sdk/2.1.1/lib/tinyusb/src/portable/raspberrypi/rp2040/rp2040_usb.c.obj
                0x100066c8                rp2040_usb_init
 .text.hw_endpoint_xfer_start
                0x10006708       0x40 CMakeFiles/ohmimetro.dir/C_/Users/jpabl/.pico-sdk/sdk/2.1.1/lib/tinyusb/src/portable/raspberrypi/rp2040/rp2040_usb.c.obj
                0x10006708                hw_endpoint_xfer_start
 .text.tud_event_hook_cb
                0x10006748        0x4 CMakeFiles/ohmimetro.dir/C_/Users/jpabl/.pico-sdk/sdk/2.1.1/lib/tinyusb/src/device/usbd.c.obj
                0x10006748                tud_event_hook_cb
 .text.tud_sof_cb
                0x1000674c        0x4 CMakeFiles/ohmimetro.dir/C_/Users/jpabl/.pico-sdk/sdk/2.1.1/lib/tinyusb/src/device/usbd.c.obj
                0x1000674c                tud_sof_cb
 .text.tud_descriptor_device_qualifier_cb
                0x10006750        0x4 CMakeFiles/ohmimetro.dir/C_/Users/jpabl/.pico-sdk/sdk/2.1.1/lib/tinyusb/src/device/usbd.c.obj
                0x10006750                tud_descriptor_device_qualifier_cb
 .text.tud_descriptor_other_speed_configuration_cb
                0x10006754        0x4 CMakeFiles/ohmimetro.dir/C_/Users/jpabl/.pico-sdk/sdk/2.1.1/lib/tinyusb/src/device/usbd.c.obj
                0x10006754                tud_descriptor_other_speed_configuration_cb
 .text.tud_mount_cb
                0x10006758        0x4 CMakeFiles/ohmimetro.dir/C_/Users/jpabl/.pico-sdk/sdk/2.1.1/lib/tinyusb/src/device/usbd.c.obj
                0x10006758                tud_mount_cb
 .text.tud_umount_cb
                0x1000675c        0x4 CMakeFiles/ohmimetro.dir/C_/Users/jpabl/.pico-sdk/sdk/2.1.1/lib/tinyusb/src/device/usbd.c.obj
                0x1000675c                tud_umount_cb
 .text.tud_suspend_cb
                0x10006760        0x4 CMakeFiles/ohmimetro.dir/C_/Users/jpabl/.pico-sdk/sdk/2.1.1/lib/tinyusb/src/device/usbd.c.obj
                0x10006760                tud_suspend_cb
 .text.tud_resume_cb
                0x10006764        0x4 CMakeFiles/ohmimetro.dir/C_/Users/jpabl/.pico-sdk/sdk/2.1.1/lib/tinyusb/src/device/usbd.c.obj
                0x10006764                tud_resume_cb
 .text.tud_mounted
                0x10006768       0x10 CMakeFiles/ohmimetro.dir/C_/Users/jpabl/.pico-sdk/sdk/2.1.1/lib/tinyusb/src/device/usbd.c.obj
                0x10006768                tud_mounted
 .text.tud_suspended
                0x10006778       0x10 CMakeFiles/ohmimetro.dir/C_/Users/jpabl/.pico-sdk/sdk/2.1.1/lib/tinyusb/src/device/usbd.c.obj
                0x10006778                tud_suspended
 .text.tud_rhport_init
                0x10006788       0xf4 CMakeFiles/ohmimetro.dir/C_/Users/jpabl/.pico-sdk/sdk/2.1.1/lib/tinyusb/src/device/usbd.c.obj
                0x10006788                tud_rhport_init
 .text.tud_task_ext
                0x1000687c      0x800 CMakeFiles/ohmimetro.dir/C_/Users/jpabl/.pico-sdk/sdk/2.1.1/lib/tinyusb/src/device/usbd.c.obj
                0x1000687c                tud_task_ext
 .text.usbd_open_edpt_pair
                0x1000707c       0x9c CMakeFiles/ohmimetro.dir/C_/Users/jpabl/.pico-sdk/sdk/2.1.1/lib/tinyusb/src/device/usbd.c.obj
                0x1000707c                usbd_open_edpt_pair
 .text.usbd_edpt_open
                0x10007118       0x34 CMakeFiles/ohmimetro.dir/C_/Users/jpabl/.pico-sdk/sdk/2.1.1/lib/tinyusb/src/device/usbd.c.obj
                0x10007118                usbd_edpt_open
 .text.usbd_edpt_claim
                0x1000714c       0x28 CMakeFiles/ohmimetro.dir/C_/Users/jpabl/.pico-sdk/sdk/2.1.1/lib/tinyusb/src/device/usbd.c.obj
                0x1000714c                usbd_edpt_claim
 .text.usbd_edpt_release
                0x10007174       0x28 CMakeFiles/ohmimetro.dir/C_/Users/jpabl/.pico-sdk/sdk/2.1.1/lib/tinyusb/src/device/usbd.c.obj
                0x10007174                usbd_edpt_release
 .text.usbd_edpt_xfer
                0x1000719c       0x4c CMakeFiles/ohmimetro.dir/C_/Users/jpabl/.pico-sdk/sdk/2.1.1/lib/tinyusb/src/device/usbd.c.obj
                0x1000719c                usbd_edpt_xfer
 .text.tud_control_status
                0x100071e8       0x2c CMakeFiles/ohmimetro.dir/C_/Users/jpabl/.pico-sdk/sdk/2.1.1/lib/tinyusb/src/device/usbd_control.c.obj
                0x100071e8                tud_control_status
 .text.tud_control_xfer
                0x10007214       0xa8 CMakeFiles/ohmimetro.dir/C_/Users/jpabl/.pico-sdk/sdk/2.1.1/lib/tinyusb/src/device/usbd_control.c.obj
                0x10007214                tud_control_xfer
 .text.usbd_control_reset
                0x100072bc       0x14 CMakeFiles/ohmimetro.dir/C_/Users/jpabl/.pico-sdk/sdk/2.1.1/lib/tinyusb/src/device/usbd_control.c.obj
                0x100072bc                usbd_control_reset
 .text.usbd_control_set_complete_callback
                0x100072d0        0xc CMakeFiles/ohmimetro.dir/C_/Users/jpabl/.pico-sdk/sdk/2.1.1/lib/tinyusb/src/device/usbd_control.c.obj
                0x100072d0                usbd_control_set_complete_callback
 .text.usbd_control_set_request
                0x100072dc       0x1c CMakeFiles/ohmimetro.dir/C_/Users/jpabl/.pico-sdk/sdk/2.1.1/lib/tinyusb/src/device/usbd_control.c.obj
                0x100072dc                usbd_control_set_request
 .text.usbd_control_xfer_cb
                0x100072f8       0xec CMakeFiles/ohmimetro.dir/C_/Users/jpabl/.pico-sdk/sdk/2.1.1/lib/tinyusb/src/device/usbd_control.c.obj
                0x100072f8                usbd_control_xfer_cb
 .text._prep_out_transaction.isra.0
                0x100073e4       0x6c CMakeFiles/ohmimetro.dir/C_/Users/jpabl/.pico-sdk/sdk/2.1.1/lib/tinyusb/src/class/cdc/cdc_device.c.obj
 .text.tud_cdc_n_connected
                0x10007450       0x2c CMakeFiles/ohmimetro.dir/C_/Users/jpabl/.pico-sdk/sdk/2.1.1/lib/tinyusb/src/class/cdc/cdc_device.c.obj
                0x10007450                tud_cdc_n_connected
 .text.tud_cdc_n_available
                0x1000747c       0x14 CMakeFiles/ohmimetro.dir/C_/Users/jpabl/.pico-sdk/sdk/2.1.1/lib/tinyusb/src/class/cdc/cdc_device.c.obj
                0x1000747c                tud_cdc_n_available
 .text.tud_cdc_n_read
                0x10007490       0x88 CMakeFiles/ohmimetro.dir/C_/Users/jpabl/.pico-sdk/sdk/2.1.1/lib/tinyusb/src/class/cdc/cdc_device.c.obj
                0x10007490                tud_cdc_n_read
 .text.tud_cdc_n_write_flush
                0x10007518       0x74 CMakeFiles/ohmimetro.dir/C_/Users/jpabl/.pico-sdk/sdk/2.1.1/lib/tinyusb/src/class/cdc/cdc_device.c.obj
                0x10007518                tud_cdc_n_write_flush
 .text.tud_cdc_n_write
                0x1000758c       0x40 CMakeFiles/ohmimetro.dir/C_/Users/jpabl/.pico-sdk/sdk/2.1.1/lib/tinyusb/src/class/cdc/cdc_device.c.obj
                0x1000758c                tud_cdc_n_write
 .text.tud_cdc_n_write_available
                0x100075cc       0x14 CMakeFiles/ohmimetro.dir/C_/Users/jpabl/.pico-sdk/sdk/2.1.1/lib/tinyusb/src/class/cdc/cdc_device.c.obj
                0x100075cc                tud_cdc_n_write_available
 .text.cdcd_init
                0x100075e0       0x70 CMakeFiles/ohmimetro.dir/C_/Users/jpabl/.pico-sdk/sdk/2.1.1/lib/tinyusb/src/class/cdc/cdc_device.c.obj
                0x100075e0                cdcd_init
 .text.cdcd_deinit
                0x10007650       0x30 CMakeFiles/ohmimetro.dir/C_/Users/jpabl/.pico-sdk/sdk/2.1.1/lib/tinyusb/src/class/cdc/cdc_device.c.obj
                0x10007650                cdcd_deinit
 .text.cdcd_reset
                0x10007680       0x4c CMakeFiles/ohmimetro.dir/C_/Users/jpabl/.pico-sdk/sdk/2.1.1/lib/tinyusb/src/class/cdc/cdc_device.c.obj
                0x10007680                cdcd_reset
 .text.cdcd_open
                0x100076cc       0xa4 CMakeFiles/ohmimetro.dir/C_/Users/jpabl/.pico-sdk/sdk/2.1.1/lib/tinyusb/src/class/cdc/cdc_device.c.obj
                0x100076cc                cdcd_open
 .text.cdcd_control_xfer_cb
                0x10007770       0xe8 CMakeFiles/ohmimetro.dir/C_/Users/jpabl/.pico-sdk/sdk/2.1.1/lib/tinyusb/src/class/cdc/cdc_device.c.obj
                0x10007770                cdcd_control_xfer_cb
 .text.cdcd_xfer_cb
                0x10007858      0x100 CMakeFiles/ohmimetro.dir/C_/Users/jpabl/.pico-sdk/sdk/2.1.1/lib/tinyusb/src/class/cdc/cdc_device.c.obj
                0x10007858                cdcd_xfer_cb
 .text.vendord_init
                0x10007958       0x5c CMakeFiles/ohmimetro.dir/C_/Users/jpabl/.pico-sdk/sdk/2.1.1/lib/tinyusb/src/class/vendor/vendor_device.c.obj
                0x10007958                vendord_init
 .text.vendord_deinit
                0x100079b4       0x1c CMakeFiles/ohmimetro.dir/C_/Users/jpabl/.pico-sdk/sdk/2.1.1/lib/tinyusb/src/class/vendor/vendor_device.c.obj
                0x100079b4                vendord_deinit
 .text.vendord_reset
                0x100079d0       0x28 CMakeFiles/ohmimetro.dir/C_/Users/jpabl/.pico-sdk/sdk/2.1.1/lib/tinyusb/src/class/vendor/vendor_device.c.obj
                0x100079d0                vendord_reset
 .text.vendord_open
                0x100079f8      0x120 CMakeFiles/ohmimetro.dir/C_/Users/jpabl/.pico-sdk/sdk/2.1.1/lib/tinyusb/src/class/vendor/vendor_device.c.obj
                0x100079f8                vendord_open
 .text.vendord_xfer_cb
                0x10007b18       0x9c CMakeFiles/ohmimetro.dir/C_/Users/jpabl/.pico-sdk/sdk/2.1.1/lib/tinyusb/src/class/vendor/vendor_device.c.obj
                0x10007b18                vendord_xfer_cb
 .text.tusb_rhport_init
                0x10007bb4       0x4c CMakeFiles/ohmimetro.dir/C_/Users/jpabl/.pico-sdk/sdk/2.1.1/lib/tinyusb/src/tusb.c.obj
                0x10007bb4                tusb_rhport_init
 .text.tu_edpt_claim
                0x10007c00       0x50 CMakeFiles/ohmimetro.dir/C_/Users/jpabl/.pico-sdk/sdk/2.1.1/lib/tinyusb/src/tusb.c.obj
                0x10007c00                tu_edpt_claim
 .text.tu_edpt_release
                0x10007c50       0x38 CMakeFiles/ohmimetro.dir/C_/Users/jpabl/.pico-sdk/sdk/2.1.1/lib/tinyusb/src/tusb.c.obj
                0x10007c50                tu_edpt_release
 .text.tu_edpt_validate
                0x10007c88       0x7c CMakeFiles/ohmimetro.dir/C_/Users/jpabl/.pico-sdk/sdk/2.1.1/lib/tinyusb/src/tusb.c.obj
                0x10007c88                tu_edpt_validate
 .text.tu_edpt_bind_driver
                0x10007d04       0x34 CMakeFiles/ohmimetro.dir/C_/Users/jpabl/.pico-sdk/sdk/2.1.1/lib/tinyusb/src/tusb.c.obj
                0x10007d04                tu_edpt_bind_driver
 .text.tu_edpt_stream_init
                0x10007d38       0x6c CMakeFiles/ohmimetro.dir/C_/Users/jpabl/.pico-sdk/sdk/2.1.1/lib/tinyusb/src/tusb.c.obj
                0x10007d38                tu_edpt_stream_init
 .text.tu_edpt_stream_deinit
                0x10007da4        0x4 CMakeFiles/ohmimetro.dir/C_/Users/jpabl/.pico-sdk/sdk/2.1.1/lib/tinyusb/src/tusb.c.obj
                0x10007da4                tu_edpt_stream_deinit
 .text.tu_edpt_stream_write_zlp_if_needed
                0x10007da8       0x68 CMakeFiles/ohmimetro.dir/C_/Users/jpabl/.pico-sdk/sdk/2.1.1/lib/tinyusb/src/tusb.c.obj
                0x10007da8                tu_edpt_stream_write_zlp_if_needed
 .text.tu_edpt_stream_write_xfer
                0x10007e10       0x68 CMakeFiles/ohmimetro.dir/C_/Users/jpabl/.pico-sdk/sdk/2.1.1/lib/tinyusb/src/tusb.c.obj
                0x10007e10                tu_edpt_stream_write_xfer
 .text.tu_edpt_stream_read_xfer
                0x10007e78       0xd8 CMakeFiles/ohmimetro.dir/C_/Users/jpabl/.pico-sdk/sdk/2.1.1/lib/tinyusb/src/tusb.c.obj
                0x10007e78                tu_edpt_stream_read_xfer
 .text.tu_fifo_config
                0x10007f50       0x6c CMakeFiles/ohmimetro.dir/C_/Users/jpabl/.pico-sdk/sdk/2.1.1/lib/tinyusb/src/common/tusb_fifo.c.obj
                0x10007f50                tu_fifo_config
 .text.tu_fifo_count
                0x10007fbc       0x2c CMakeFiles/ohmimetro.dir/C_/Users/jpabl/.pico-sdk/sdk/2.1.1/lib/tinyusb/src/common/tusb_fifo.c.obj
                0x10007fbc                tu_fifo_count
 .text.tu_fifo_empty
                0x10007fe8       0x10 CMakeFiles/ohmimetro.dir/C_/Users/jpabl/.pico-sdk/sdk/2.1.1/lib/tinyusb/src/common/tusb_fifo.c.obj
                0x10007fe8                tu_fifo_empty
 .text.tu_fifo_remaining
                0x10007ff8       0x2c CMakeFiles/ohmimetro.dir/C_/Users/jpabl/.pico-sdk/sdk/2.1.1/lib/tinyusb/src/common/tusb_fifo.c.obj
                0x10007ff8                tu_fifo_remaining
 .text.tu_fifo_read
                0x10008024       0x9c CMakeFiles/ohmimetro.dir/C_/Users/jpabl/.pico-sdk/sdk/2.1.1/lib/tinyusb/src/common/tusb_fifo.c.obj
                0x10008024                tu_fifo_read
 .text.tu_fifo_read_n
                0x100080c0       0xe8 CMakeFiles/ohmimetro.dir/C_/Users/jpabl/.pico-sdk/sdk/2.1.1/lib/tinyusb/src/common/tusb_fifo.c.obj
                0x100080c0                tu_fifo_read_n
 .text.tu_fifo_write
                0x100081a8       0xa4 CMakeFiles/ohmimetro.dir/C_/Users/jpabl/.pico-sdk/sdk/2.1.1/lib/tinyusb/src/common/tusb_fifo.c.obj
                0x100081a8                tu_fifo_write
 .text.tu_fifo_write_n
                0x1000824c      0x178 CMakeFiles/ohmimetro.dir/C_/Users/jpabl/.pico-sdk/sdk/2.1.1/lib/tinyusb/src/common/tusb_fifo.c.obj
                0x1000824c                tu_fifo_write_n
 .text.tu_fifo_clear
                0x100083c4       0x40 CMakeFiles/ohmimetro.dir/C_/Users/jpabl/.pico-sdk/sdk/2.1.1/lib/tinyusb/src/common/tusb_fifo.c.obj
                0x100083c4                tu_fifo_clear
 .text.tu_fifo_set_overwritable
                0x10008404       0x48 CMakeFiles/ohmimetro.dir/C_/Users/jpabl/.pico-sdk/sdk/2.1.1/lib/tinyusb/src/common/tusb_fifo.c.obj
                0x10008404                tu_fifo_set_overwritable
 .text.i2c_write_blocking_internal.constprop.0
                0x1000844c       0xf8 CMakeFiles/ohmimetro.dir/C_/Users/jpabl/.pico-sdk/sdk/2.1.1/src/rp2_common/hardware_i2c/i2c.c.obj
 .text.i2c_set_baudrate
                0x10008544       0xc0 CMakeFiles/ohmimetro.dir/C_/Users/jpabl/.pico-sdk/sdk/2.1.1/src/rp2_common/hardware_i2c/i2c.c.obj
                0x10008544                i2c_set_baudrate
 .text.i2c_init
                0x10008604       0x50 CMakeFiles/ohmimetro.dir/C_/Users/jpabl/.pico-sdk/sdk/2.1.1/src/rp2_common/hardware_i2c/i2c.c.obj
                0x10008604                i2c_init
 .text.i2c_write_blocking
                0x10008654       0x14 CMakeFiles/ohmimetro.dir/C_/Users/jpabl/.pico-sdk/sdk/2.1.1/src/rp2_common/hardware_i2c/i2c.c.obj
                0x10008654                i2c_write_blocking
 .text.adc_init
                0x10008668       0x38 CMakeFiles/ohmimetro.dir/C_/Users/jpabl/.pico-sdk/sdk/2.1.1/src/rp2_common/hardware_adc/adc.c.obj
                0x10008668                adc_init
 .text.pio_claim_unused_sm
                0x100086a0       0x38 CMakeFiles/ohmimetro.dir/C_/Users/jpabl/.pico-sdk/sdk/2.1.1/src/rp2_common/hardware_pio/pio.c.obj
                0x100086a0                pio_claim_unused_sm
 .text.pio_add_program
                0x100086d8       0xf8 CMakeFiles/ohmimetro.dir/C_/Users/jpabl/.pico-sdk/sdk/2.1.1/src/rp2_common/hardware_pio/pio.c.obj
                0x100086d8                pio_add_program
 .text.pio_sm_set_consecutive_pindirs
                0x100087d0       0xb4 CMakeFiles/ohmimetro.dir/C_/Users/jpabl/.pico-sdk/sdk/2.1.1/src/rp2_common/hardware_pio/pio.c.obj
                0x100087d0                pio_sm_set_consecutive_pindirs
 .text.pio_sm_init
                0x10008884       0x9c CMakeFiles/ohmimetro.dir/C_/Users/jpabl/.pico-sdk/sdk/2.1.1/src/rp2_common/hardware_pio/pio.c.obj
                0x10008884                pio_sm_init
 .text.calloc   0x10008920       0x18 C:/Users/jpabl/.pico-sdk/toolchain/14_2_Rel1/bin/../lib/gcc/arm-none-eabi/14.2.1/thumb/v6-m/nofp\libg.a(libc_a-calloc.o)
                0x10008920                calloc
 .text._calloc_r
                0x10008938       0xa8 C:/Users/jpabl/.pico-sdk/toolchain/14_2_Rel1/bin/../lib/gcc/arm-none-eabi/14.2.1/thumb/v6-m/nofp\libg.a(libc_a-callocr.o)
                0x10008938                _calloc_r
 .text._malloc_r
                0x100089e0      0x5cc C:/Users/jpabl/.pico-sdk/toolchain/14_2_Rel1/bin/../lib/gcc/arm-none-eabi/14.2.1/thumb/v6-m/nofp\libg.a(libc_a-mallocr.o)
                0x100089e0                _malloc_r
 .text.__malloc_lock
                0x10008fac       0x10 C:/Users/jpabl/.pico-sdk/toolchain/14_2_Rel1/bin/../lib/gcc/arm-none-eabi/14.2.1/thumb/v6-m/nofp\libg.a(libc_a-mlock.o)
                0x10008fac                __malloc_lock
 .text.__malloc_unlock
                0x10008fbc       0x10 C:/Users/jpabl/.pico-sdk/toolchain/14_2_Rel1/bin/../lib/gcc/arm-none-eabi/14.2.1/thumb/v6-m/nofp\libg.a(libc_a-mlock.o)
                0x10008fbc                __malloc_unlock
 .text._sbrk_r  0x10008fcc       0x24 C:/Users/jpabl/.pico-sdk/toolchain/14_2_Rel1/bin/../lib/gcc/arm-none-eabi/14.2.1/thumb/v6-m/nofp\libg.a(libc_a-sbrkr.o)
                0x10008fcc                _sbrk_r
 .text.__errno  0x10008ff0        0xc C:/Users/jpabl/.pico-sdk/toolchain/14_2_Rel1/bin/../lib/gcc/arm-none-eabi/14.2.1/thumb/v6-m/nofp\libg.a(libc_a-errno.o)
                0x10008ff0                __errno
 .text.__retarget_lock_acquire_recursive
                0x10008ffc        0x4 C:/Users/jpabl/.pico-sdk/toolchain/14_2_Rel1/bin/../lib/gcc/arm-none-eabi/14.2.1/thumb/v6-m/nofp\libg.a(libc_a-lock.o)
                0x10008ffc                __retarget_lock_acquire_recursive
 .text.__retarget_lock_release_recursive
                0x10009000        0x4 C:/Users/jpabl/.pico-sdk/toolchain/14_2_Rel1/bin/../lib/gcc/arm-none-eabi/14.2.1/thumb/v6-m/nofp\libg.a(libc_a-lock.o)
                0x10009000                __retarget_lock_release_recursive
 .text.sysconf  0x10009004       0x1c C:/Users/jpabl/.pico-sdk/toolchain/14_2_Rel1/bin/../lib/gcc/arm-none-eabi/14.2.1/thumb/v6-m/nofp\libg.a(libc_a-sysconf.o)
                0x10009004                sysconf
 .text.strlen   0x10009020       0x5c C:/Users/jpabl/.pico-sdk/toolchain/14_2_Rel1/bin/../lib/gcc/arm-none-eabi/14.2.1/thumb/v6-m/nofp\libg.a(libc_a-strlen-stub.o)
                0x10009020                strlen
 .text._malloc_trim_r
                0x1000907c       0xb4 C:/Users/jpabl/.pico-sdk/toolchain/14_2_Rel1/bin/../lib/gcc/arm-none-eabi/14.2.1/thumb/v6-m/nofp\libg.a(libc_a-freer.o)
                0x1000907c                _malloc_trim_r
 .text._free_r  0x10009130      0x1f0 C:/Users/jpabl/.pico-sdk/toolchain/14_2_Rel1/bin/../lib/gcc/arm-none-eabi/14.2.1/thumb/v6-m/nofp\libg.a(libc_a-freer.o)
                0x10009130                _free_r
 *(.fini)
 .fini          0x10009320        0x4 C:/Users/jpabl/.pico-sdk/toolchain/14_2_Rel1/bin/../lib/gcc/arm-none-eabi/14.2.1/thumb/v6-m/nofp/crti.o
                0x10009320                _fini
 *fill*         0x10009324        0x4 
 .fini.__stub   0x10009328       0xc0 linker stubs
 *crtbegin.o(.ctors)
 *crtbegin?.o(.ctors)
 *(EXCLUDE_FILE(*crtend.o *crtend?.o) .ctors)
 *(SORT_BY_NAME(.ctors.*))
 *(.ctors)
 *crtbegin.o(.dtors)
 *crtbegin?.o(.dtors)
 *(EXCLUDE_FILE(*crtend.o *crtend?.o) .dtors)
 *(SORT_BY_NAME(.dtors.*))
 *(.dtors)
                0x100093e8                        . = ALIGN (0x4)
                0x100093e8                        PROVIDE (__preinit_array_start = .)
 *(SORT_BY_NAME(.preinit_array.*))
 .preinit_array.00100
                0x100093e8        0x4 CMakeFiles/ohmimetro.dir/C_/Users/jpabl/.pico-sdk/sdk/2.1.1/src/rp2_common/pico_runtime_init/runtime_init.c.obj
                0x100093e8                __pre_init_runtime_init_early_resets
 .preinit_array.00101
                0x100093ec        0x4 CMakeFiles/ohmimetro.dir/C_/Users/jpabl/.pico-sdk/sdk/2.1.1/src/rp2_common/pico_runtime_init/runtime_init.c.obj
                0x100093ec                __pre_init_runtime_init_usb_power_down
 .preinit_array.00275
                0x100093f0        0x4 CMakeFiles/ohmimetro.dir/C_/Users/jpabl/.pico-sdk/sdk/2.1.1/src/rp2_common/pico_bit_ops/bit_ops_aeabi.S.obj
 .preinit_array.00300
                0x100093f4        0x4 CMakeFiles/ohmimetro.dir/C_/Users/jpabl/.pico-sdk/sdk/2.1.1/src/rp2_common/pico_mem_ops/mem_ops_aeabi.S.obj
 .preinit_array.00350
                0x100093f8        0x4 CMakeFiles/ohmimetro.dir/C_/Users/jpabl/.pico-sdk/sdk/2.1.1/src/rp2_common/pico_double/double_aeabi_rp2040.S.obj
 .preinit_array.00350
                0x100093fc        0x4 CMakeFiles/ohmimetro.dir/C_/Users/jpabl/.pico-sdk/sdk/2.1.1/src/rp2_common/pico_float/float_aeabi_rp2040.S.obj
 .preinit_array.00500
                0x10009400        0x4 CMakeFiles/ohmimetro.dir/C_/Users/jpabl/.pico-sdk/sdk/2.1.1/src/rp2_common/pico_runtime_init/runtime_init.c.obj
                0x10009400                __pre_init_runtime_init_clocks
 .preinit_array.00600
                0x10009404        0x4 CMakeFiles/ohmimetro.dir/C_/Users/jpabl/.pico-sdk/sdk/2.1.1/src/rp2_common/pico_runtime_init/runtime_init.c.obj
                0x10009404                __pre_init_runtime_init_post_clock_resets
 .preinit_array.00700
                0x10009408        0x4 CMakeFiles/ohmimetro.dir/C_/Users/jpabl/.pico-sdk/sdk/2.1.1/src/rp2_common/pico_runtime_init/runtime_init.c.obj
                0x10009408                __pre_init_runtime_init_rp2040_gpio_ie_disable
 .preinit_array.01000
                0x1000940c        0x4 CMakeFiles/ohmimetro.dir/C_/Users/jpabl/.pico-sdk/sdk/2.1.1/src/rp2_common/pico_runtime_init/runtime_init.c.obj
                0x1000940c                __pre_init_runtime_init_spin_locks_reset
 .preinit_array.01100
                0x10009410        0x4 CMakeFiles/ohmimetro.dir/C_/Users/jpabl/.pico-sdk/sdk/2.1.1/src/common/pico_sync/mutex.c.obj
                0x10009410                __pre_init_runtime_init_mutex
 .preinit_array.10080
                0x10009414        0x4 CMakeFiles/ohmimetro.dir/C_/Users/jpabl/.pico-sdk/sdk/2.1.1/src/rp2_common/pico_runtime_init/runtime_init.c.obj
                0x10009414                __pre_init_runtime_init_install_ram_vector_table
 .preinit_array.11000
                0x10009418        0x4 CMakeFiles/ohmimetro.dir/C_/Users/jpabl/.pico-sdk/sdk/2.1.1/src/common/pico_time/time.c.obj
                0x10009418                __pre_init_runtime_init_default_alarm_pool
 .preinit_array.YYYYY
                0x1000941c        0x4 CMakeFiles/ohmimetro.dir/C_/Users/jpabl/.pico-sdk/sdk/2.1.1/src/rp2_common/pico_runtime/runtime.c.obj
                0x1000941c                __pre_init_first_per_core_initializer
 .preinit_array.ZZZZZ.01200
                0x10009420        0x4 CMakeFiles/ohmimetro.dir/C_/Users/jpabl/.pico-sdk/sdk/2.1.1/src/rp2_common/hardware_irq/irq.c.obj
                0x10009420                __pre_init_runtime_init_per_core_irq_priorities
 *(.preinit_array)
                0x10009424                        PROVIDE (__preinit_array_end = .)
                0x10009424                        . = ALIGN (0x4)
                0x10009424                        PROVIDE (__init_array_start = .)
 *(SORT_BY_NAME(.init_array.*))
 *(.init_array)
 .init_array    0x10009424        0x4 C:/Users/jpabl/.pico-sdk/toolchain/14_2_Rel1/bin/../lib/gcc/arm-none-eabi/14.2.1/thumb/v6-m/nofp/crtbegin.o
 .init_array    0x10009428        0x4 CMakeFiles/ohmimetro.dir/C_/Users/jpabl/.pico-sdk/sdk/2.1.1/src/rp2_common/pico_unique_id/unique_id.c.obj
                0x1000942c                        PROVIDE (__init_array_end = .)
                0x1000942c                        . = ALIGN (0x4)
                [!provide]                        PROVIDE (__fini_array_start = .)
 *(SORT_BY_NAME(.fini_array.*))
 *(.fini_array)
                [!provide]                        PROVIDE (__fini_array_end = .)
 *(.eh_frame*)
 .eh_frame      0x1000942c        0x0 C:/Users/jpabl/.pico-sdk/toolchain/14_2_Rel1/bin/../lib/gcc/arm-none-eabi/14.2.1/thumb/v6-m/nofp/crtbegin.o
                0x1000942c                        . = ALIGN (0x4)

.glue_7         0x1000942c        0x0
 .glue_7        0x1000942c        0x0 linker stubs

.glue_7t        0x1000942c        0x0
 .glue_7t       0x1000942c        0x0 linker stubs

.vfp11_veneer   0x1000942c        0x0
 .vfp11_veneer  0x1000942c        0x0 linker stubs

.v4_bx          0x1000942c        0x0
 .v4_bx         0x1000942c        0x0 linker stubs

.iplt           0x1000942c        0x0
 .iplt          0x1000942c        0x0 C:/Users/jpabl/.pico-sdk/toolchain/14_2_Rel1/bin/../lib/gcc/arm-none-eabi/14.2.1/thumb/v6-m/nofp/crtbegin.o

.rodata         0x10009430      0xb28
 *(EXCLUDE_FILE(*libm.a: *libc.a:*lib_a-mem*.o *libgcc.a:) .rodata*)
 .rodata.gpio_button_joystick_handler.str1.4
                0x10009430      0x2ec CMakeFiles/ohmimetro.dir/ohmimetro.c.obj
                                 0x3f (size before relaxing)
 .rodata.atualiza_display.str1.4
                0x1000971c       0x2f CMakeFiles/ohmimetro.dir/ohmimetro.c.obj
 .rodata.main.str1.4
                0x1000971c       0x3e CMakeFiles/ohmimetro.dir/ohmimetro.c.obj
 .rodata.str1.4
                0x1000971c       0x53 CMakeFiles/ohmimetro.dir/ohmimetro.c.obj
 .rodata.E24    0x1000971c       0x60 CMakeFiles/ohmimetro.dir/ohmimetro.c.obj
                0x1000971c                E24
 .rodata.font   0x1000977c      0x2f8 CMakeFiles/ohmimetro.dir/lib/ssd1306.c.obj
 .rodata.ws2812b_program
                0x10009a74        0x8 CMakeFiles/ohmimetro.dir/lib/neopixel.c.obj
 .rodata.ws2812b_program_instructions
                0x10009a7c        0xe CMakeFiles/ohmimetro.dir/lib/neopixel.c.obj
 .rodata.panic.str1.4
                0x10009a8a       0x12 CMakeFiles/ohmimetro.dir/C_/Users/jpabl/.pico-sdk/sdk/2.1.1/src/rp2_common/pico_platform_panic/panic.c.obj
 .rodata.spin_lock_claim_unused.str1.4
                0x10009a8a       0x1b CMakeFiles/ohmimetro.dir/C_/Users/jpabl/.pico-sdk/sdk/2.1.1/src/rp2_common/hardware_sync/sync.c.obj
 .rodata.user_irq_claim_unused.str1.4
                0x10009a8a       0x1b CMakeFiles/ohmimetro.dir/C_/Users/jpabl/.pico-sdk/sdk/2.1.1/src/rp2_common/hardware_irq/irq.c.obj
 .rodata.timer_hardware_alarm_claim.str1.4
                0x10009a8a       0x22 CMakeFiles/ohmimetro.dir/C_/Users/jpabl/.pico-sdk/sdk/2.1.1/src/rp2_common/hardware_timer/timer.c.obj
 .rodata.hard_assertion_failure.str1.4
                0x10009a8a        0xc CMakeFiles/ohmimetro.dir/C_/Users/jpabl/.pico-sdk/sdk/2.1.1/src/rp2_common/pico_runtime/runtime.c.obj
 .rodata.missing_double_func_shim.str1.4
                0x10009a8a       0x18 CMakeFiles/ohmimetro.dir/C_/Users/jpabl/.pico-sdk/sdk/2.1.1/src/rp2_common/pico_double/double_init_rom_rp2040.c.obj
 .rodata.missing_float_func_shim.str1.4
                0x10009a8a        0x1 CMakeFiles/ohmimetro.dir/C_/Users/jpabl/.pico-sdk/sdk/2.1.1/src/rp2_common/pico_float/float_init_rom_rp2040.c.obj
 .rodata.__wrap_malloc.str1.4
                0x10009a8a        0xe CMakeFiles/ohmimetro.dir/C_/Users/jpabl/.pico-sdk/sdk/2.1.1/src/rp2_common/pico_malloc/malloc.c.obj
 .rodata.str1.4
                0x10009a8a       0x44 CMakeFiles/ohmimetro.dir/C_/Users/jpabl/.pico-sdk/sdk/2.1.1/src/rp2_common/pico_standard_binary_info/standard_binary_info.c.obj
 *fill*         0x10009a8a        0x2 
 .rodata.__bi_84
                0x10009a8c        0xc CMakeFiles/ohmimetro.dir/C_/Users/jpabl/.pico-sdk/sdk/2.1.1/src/rp2_common/pico_standard_binary_info/standard_binary_info.c.obj
 .rodata.__bi_78
                0x10009a98        0xc CMakeFiles/ohmimetro.dir/C_/Users/jpabl/.pico-sdk/sdk/2.1.1/src/rp2_common/pico_standard_binary_info/standard_binary_info.c.obj
 .rodata.__bi_60
                0x10009aa4        0xc CMakeFiles/ohmimetro.dir/C_/Users/jpabl/.pico-sdk/sdk/2.1.1/src/rp2_common/pico_standard_binary_info/standard_binary_info.c.obj
 .rodata.__bi_54
                0x10009ab0        0xc CMakeFiles/ohmimetro.dir/C_/Users/jpabl/.pico-sdk/sdk/2.1.1/src/rp2_common/pico_standard_binary_info/standard_binary_info.c.obj
 .rodata.__bi_48
                0x10009abc        0xc CMakeFiles/ohmimetro.dir/C_/Users/jpabl/.pico-sdk/sdk/2.1.1/src/rp2_common/pico_standard_binary_info/standard_binary_info.c.obj
 .rodata.__bi_42
                0x10009ac8        0xc CMakeFiles/ohmimetro.dir/C_/Users/jpabl/.pico-sdk/sdk/2.1.1/src/rp2_common/pico_standard_binary_info/standard_binary_info.c.obj
 .rodata.__bi_34
                0x10009ad4        0xc CMakeFiles/ohmimetro.dir/C_/Users/jpabl/.pico-sdk/sdk/2.1.1/src/rp2_common/pico_standard_binary_info/standard_binary_info.c.obj
 .rodata.__bi_26
                0x10009ae0        0xc CMakeFiles/ohmimetro.dir/C_/Users/jpabl/.pico-sdk/sdk/2.1.1/src/rp2_common/pico_standard_binary_info/standard_binary_info.c.obj
 .rodata._ftoa.str1.4
                0x10009aec       0x15 CMakeFiles/ohmimetro.dir/C_/Users/jpabl/.pico-sdk/sdk/2.1.1/src/rp2_common/pico_printf/printf.c.obj
 .rodata._vsnprintf
                0x10009aec      0x19c CMakeFiles/ohmimetro.dir/C_/Users/jpabl/.pico-sdk/sdk/2.1.1/src/rp2_common/pico_printf/printf.c.obj
 .rodata.pow10.0
                0x10009c88       0x50 CMakeFiles/ohmimetro.dir/C_/Users/jpabl/.pico-sdk/sdk/2.1.1/src/rp2_common/pico_printf/printf.c.obj
 .rodata.crlf_str.0
                0x10009cd8        0x2 CMakeFiles/ohmimetro.dir/C_/Users/jpabl/.pico-sdk/sdk/2.1.1/src/rp2_common/pico_stdio/stdio.c.obj
 .rodata.str1.4
                0x10009cda       0x2c CMakeFiles/ohmimetro.dir/C_/Users/jpabl/.pico-sdk/sdk/2.1.1/src/rp2_common/pico_stdio_uart/stdio_uart.c.obj
 *fill*         0x10009cda        0x2 
 .rodata.__bi_45.4
                0x10009cdc        0xc CMakeFiles/ohmimetro.dir/C_/Users/jpabl/.pico-sdk/sdk/2.1.1/src/rp2_common/pico_stdio_uart/stdio_uart.c.obj
 .rodata.__bi_49.5
                0x10009ce8        0x8 CMakeFiles/ohmimetro.dir/C_/Users/jpabl/.pico-sdk/sdk/2.1.1/src/rp2_common/pico_stdio_uart/stdio_uart.c.obj
 .rodata.__bi_50.6
                0x10009cf0        0x8 CMakeFiles/ohmimetro.dir/C_/Users/jpabl/.pico-sdk/sdk/2.1.1/src/rp2_common/pico_stdio_uart/stdio_uart.c.obj
 .rodata._resetd_driver
                0x10009cf8       0x20 CMakeFiles/ohmimetro.dir/C_/Users/jpabl/.pico-sdk/sdk/2.1.1/src/rp2_common/pico_stdio_usb/reset_interface.c.obj
 .rodata.desc_ms_os_20
                0x10009d18       0xa6 CMakeFiles/ohmimetro.dir/C_/Users/jpabl/.pico-sdk/sdk/2.1.1/src/rp2_common/pico_stdio_usb/reset_interface.c.obj
 *fill*         0x10009dbe        0x2 
 .rodata.desc_bos
                0x10009dc0       0x21 CMakeFiles/ohmimetro.dir/C_/Users/jpabl/.pico-sdk/sdk/2.1.1/src/rp2_common/pico_stdio_usb/reset_interface.c.obj
                0x10009dc0                desc_bos
 .rodata.str1.4
                0x10009de1       0x13 CMakeFiles/ohmimetro.dir/C_/Users/jpabl/.pico-sdk/sdk/2.1.1/src/rp2_common/pico_stdio_usb/stdio_usb.c.obj
 *fill*         0x10009de1        0x3 
 .rodata.__bi_197.0
                0x10009de4        0xc CMakeFiles/ohmimetro.dir/C_/Users/jpabl/.pico-sdk/sdk/2.1.1/src/rp2_common/pico_stdio_usb/stdio_usb.c.obj
 .rodata.str1.4
                0x10009df0       0x2a CMakeFiles/ohmimetro.dir/C_/Users/jpabl/.pico-sdk/sdk/2.1.1/src/rp2_common/pico_stdio_usb/stdio_usb_descriptors.c.obj
 .rodata.usbd_desc_str
                0x10009df0       0x18 CMakeFiles/ohmimetro.dir/C_/Users/jpabl/.pico-sdk/sdk/2.1.1/src/rp2_common/pico_stdio_usb/stdio_usb_descriptors.c.obj
 .rodata.usbd_desc_cfg
                0x10009e08       0x54 CMakeFiles/ohmimetro.dir/C_/Users/jpabl/.pico-sdk/sdk/2.1.1/src/rp2_common/pico_stdio_usb/stdio_usb_descriptors.c.obj
 .rodata.usbd_desc_device
                0x10009e5c       0x12 CMakeFiles/ohmimetro.dir/C_/Users/jpabl/.pico-sdk/sdk/2.1.1/src/rp2_common/pico_stdio_usb/stdio_usb_descriptors.c.obj
 .rodata.str1.4
                0x10009e6e       0x14 CMakeFiles/ohmimetro.dir/C_/Users/jpabl/.pico-sdk/sdk/2.1.1/lib/tinyusb/src/portable/raspberrypi/rp2040/dcd_rp2040.c.obj
 .rodata.str1.4
                0x10009e6e       0x48 CMakeFiles/ohmimetro.dir/C_/Users/jpabl/.pico-sdk/sdk/2.1.1/lib/tinyusb/src/portable/raspberrypi/rp2040/rp2040_usb.c.obj
 *fill*         0x10009e6e        0x2 
 .rodata.tud_task_ext
                0x10009e70       0x8c CMakeFiles/ohmimetro.dir/C_/Users/jpabl/.pico-sdk/sdk/2.1.1/lib/tinyusb/src/device/usbd.c.obj
 .rodata        0x10009efc       0x1c CMakeFiles/ohmimetro.dir/C_/Users/jpabl/.pico-sdk/sdk/2.1.1/lib/tinyusb/src/device/usbd.c.obj
 .rodata._usbd_driver
                0x10009f18       0x40 CMakeFiles/ohmimetro.dir/C_/Users/jpabl/.pico-sdk/sdk/2.1.1/lib/tinyusb/src/device/usbd.c.obj
 .rodata.pio_claim_unused_sm.str1.4
                0x10009f58       0x24 CMakeFiles/ohmimetro.dir/C_/Users/jpabl/.pico-sdk/sdk/2.1.1/src/rp2_common/hardware_pio/pio.c.obj
                0x10009f7c                        . = ALIGN (0x4)
 *(SORT_BY_ALIGNMENT(SORT_BY_NAME(.flashdata*)))
                0x10009f7c                        . = ALIGN (0x4)

.ARM.extab
 *(.ARM.extab* .gnu.linkonce.armextab.*)
                0x10009f58                        __exidx_start = .

.ARM.exidx
 *(.ARM.exidx* .gnu.linkonce.armexidx.*)
                0x10009f58                        __exidx_end = .
                0x10009f7c                        . = ALIGN (0x4)
                0x10009f58                        __binary_info_start = .

.binary_info    0x10009f58       0x30
 *(.binary_info.keep.*)
 .binary_info.keep.__bi_ptr84
                0x10009f58        0x4 CMakeFiles/ohmimetro.dir/C_/Users/jpabl/.pico-sdk/sdk/2.1.1/src/rp2_common/pico_standard_binary_info/standard_binary_info.c.obj
 .binary_info.keep.__bi_ptr78
                0x10009f5c        0x4 CMakeFiles/ohmimetro.dir/C_/Users/jpabl/.pico-sdk/sdk/2.1.1/src/rp2_common/pico_standard_binary_info/standard_binary_info.c.obj
 .binary_info.keep.__bi_ptr60
                0x10009f60        0x4 CMakeFiles/ohmimetro.dir/C_/Users/jpabl/.pico-sdk/sdk/2.1.1/src/rp2_common/pico_standard_binary_info/standard_binary_info.c.obj
 .binary_info.keep.__bi_ptr54
                0x10009f64        0x4 CMakeFiles/ohmimetro.dir/C_/Users/jpabl/.pico-sdk/sdk/2.1.1/src/rp2_common/pico_standard_binary_info/standard_binary_info.c.obj
 .binary_info.keep.__bi_ptr48
                0x10009f68        0x4 CMakeFiles/ohmimetro.dir/C_/Users/jpabl/.pico-sdk/sdk/2.1.1/src/rp2_common/pico_standard_binary_info/standard_binary_info.c.obj
 .binary_info.keep.__bi_ptr42
                0x10009f6c        0x4 CMakeFiles/ohmimetro.dir/C_/Users/jpabl/.pico-sdk/sdk/2.1.1/src/rp2_common/pico_standard_binary_info/standard_binary_info.c.obj
 .binary_info.keep.__bi_ptr34
                0x10009f70        0x4 CMakeFiles/ohmimetro.dir/C_/Users/jpabl/.pico-sdk/sdk/2.1.1/src/rp2_common/pico_standard_binary_info/standard_binary_info.c.obj
 .binary_info.keep.__bi_ptr26
                0x10009f74        0x4 CMakeFiles/ohmimetro.dir/C_/Users/jpabl/.pico-sdk/sdk/2.1.1/src/rp2_common/pico_standard_binary_info/standard_binary_info.c.obj
 *(.binary_info.*)
 .binary_info.__bi_ptr50
                0x10009f78        0x4 CMakeFiles/ohmimetro.dir/C_/Users/jpabl/.pico-sdk/sdk/2.1.1/src/rp2_common/pico_stdio_uart/stdio_uart.c.obj
 .binary_info.__bi_ptr49
                0x10009f7c        0x4 CMakeFiles/ohmimetro.dir/C_/Users/jpabl/.pico-sdk/sdk/2.1.1/src/rp2_common/pico_stdio_uart/stdio_uart.c.obj
 .binary_info.__bi_ptr45
                0x10009f80        0x4 CMakeFiles/ohmimetro.dir/C_/Users/jpabl/.pico-sdk/sdk/2.1.1/src/rp2_common/pico_stdio_uart/stdio_uart.c.obj
 .binary_info.__bi_ptr197
                0x10009f84        0x4 CMakeFiles/ohmimetro.dir/C_/Users/jpabl/.pico-sdk/sdk/2.1.1/src/rp2_common/pico_stdio_usb/stdio_usb.c.obj
                0x10009f88                        __binary_info_end = .

.rel.dyn        0x10009f88        0x0
 .rel.iplt      0x10009f88        0x0 C:/Users/jpabl/.pico-sdk/toolchain/14_2_Rel1/bin/../lib/gcc/arm-none-eabi/14.2.1/thumb/v6-m/nofp/crtbegin.o
                0x10009f88                        . = ALIGN (0x4)

.ram_vector_table
                0x20000000       0xc0
 *(.ram_vector_table)
 .ram_vector_table
                0x20000000       0xc0 CMakeFiles/ohmimetro.dir/C_/Users/jpabl/.pico-sdk/sdk/2.1.1/src/rp2_common/pico_runtime_init/runtime_init.c.obj
                0x20000000                ram_vector_table

.uninitialized_data
                0x200000c0        0x0
                0x200000c0                        . = ALIGN (0x4)
 *(.uninitialized_data*)

.data           0x200000c0     0x15f0 load address 0x10009f88
                0x200000c0                        __data_start__ = .
 *(vtable)
 *(.time_critical*)
 .time_critical.mutex_try_enter
                0x200000c0       0x40 CMakeFiles/ohmimetro.dir/C_/Users/jpabl/.pico-sdk/sdk/2.1.1/src/common/pico_sync/mutex.c.obj
                0x200000c0                mutex_try_enter
 .time_critical.mutex_try_enter_block_until
                0x20000100       0x98 CMakeFiles/ohmimetro.dir/C_/Users/jpabl/.pico-sdk/sdk/2.1.1/src/common/pico_sync/mutex.c.obj
                0x20000100                mutex_try_enter_block_until
 .time_critical.mutex_enter_timeout_ms
                0x20000198       0x8c CMakeFiles/ohmimetro.dir/C_/Users/jpabl/.pico-sdk/sdk/2.1.1/src/common/pico_sync/mutex.c.obj
                0x20000198                mutex_enter_timeout_ms
 .time_critical.mutex_exit
                0x20000224       0x28 CMakeFiles/ohmimetro.dir/C_/Users/jpabl/.pico-sdk/sdk/2.1.1/src/common/pico_sync/mutex.c.obj
                0x20000224                mutex_exit
 .time_critical.flash_init_boot2_copyout
                0x2000024c       0x30 CMakeFiles/ohmimetro.dir/C_/Users/jpabl/.pico-sdk/sdk/2.1.1/src/rp2_common/hardware_flash/flash.c.obj
 .time_critical.flash_enable_xip_via_boot2
                0x2000027c        0xc CMakeFiles/ohmimetro.dir/C_/Users/jpabl/.pico-sdk/sdk/2.1.1/src/rp2_common/hardware_flash/flash.c.obj
 .time_critical.flash_cs_force
                0x20000288       0x38 CMakeFiles/ohmimetro.dir/C_/Users/jpabl/.pico-sdk/sdk/2.1.1/src/rp2_common/hardware_flash/flash.c.obj
 .time_critical.flash_do_cmd
                0x200002c0      0x130 CMakeFiles/ohmimetro.dir/C_/Users/jpabl/.pico-sdk/sdk/2.1.1/src/rp2_common/hardware_flash/flash.c.obj
                0x200002c0                flash_do_cmd
 .time_critical.reset_non_control_endpoints
                0x200003f0       0x68 CMakeFiles/ohmimetro.dir/C_/Users/jpabl/.pico-sdk/sdk/2.1.1/lib/tinyusb/src/portable/raspberrypi/rp2040/dcd_rp2040.c.obj
 .time_critical.hw_handle_buff_status
                0x20000458       0xa0 CMakeFiles/ohmimetro.dir/C_/Users/jpabl/.pico-sdk/sdk/2.1.1/lib/tinyusb/src/portable/raspberrypi/rp2040/dcd_rp2040.c.obj
 .time_critical.dcd_rp2040_irq
                0x200004f8      0x548 CMakeFiles/ohmimetro.dir/C_/Users/jpabl/.pico-sdk/sdk/2.1.1/lib/tinyusb/src/portable/raspberrypi/rp2040/dcd_rp2040.c.obj
 .time_critical.prepare_ep_buffer
                0x20000a40       0xc8 CMakeFiles/ohmimetro.dir/C_/Users/jpabl/.pico-sdk/sdk/2.1.1/lib/tinyusb/src/portable/raspberrypi/rp2040/rp2040_usb.c.obj
 .time_critical.sync_ep_buffer
                0x20000b08       0x9c CMakeFiles/ohmimetro.dir/C_/Users/jpabl/.pico-sdk/sdk/2.1.1/lib/tinyusb/src/portable/raspberrypi/rp2040/rp2040_usb.c.obj
 .time_critical._hw_endpoint_xfer_sync
                0x20000ba4       0x28 CMakeFiles/ohmimetro.dir/C_/Users/jpabl/.pico-sdk/sdk/2.1.1/lib/tinyusb/src/portable/raspberrypi/rp2040/rp2040_usb.c.obj
 .time_critical.e15_is_bulkin_ep
                0x20000bcc       0x28 CMakeFiles/ohmimetro.dir/C_/Users/jpabl/.pico-sdk/sdk/2.1.1/lib/tinyusb/src/portable/raspberrypi/rp2040/rp2040_usb.c.obj
 .time_critical.e15_is_critical_frame_period
                0x20000bf4       0x34 CMakeFiles/ohmimetro.dir/C_/Users/jpabl/.pico-sdk/sdk/2.1.1/lib/tinyusb/src/portable/raspberrypi/rp2040/rp2040_usb.c.obj
 .time_critical.hw_endpoint_reset_transfer
                0x20000c28        0xc CMakeFiles/ohmimetro.dir/C_/Users/jpabl/.pico-sdk/sdk/2.1.1/lib/tinyusb/src/portable/raspberrypi/rp2040/rp2040_usb.c.obj
                0x20000c28                hw_endpoint_reset_transfer
 .time_critical._hw_endpoint_buffer_control_update32
                0x20000c34       0x50 CMakeFiles/ohmimetro.dir/C_/Users/jpabl/.pico-sdk/sdk/2.1.1/lib/tinyusb/src/portable/raspberrypi/rp2040/rp2040_usb.c.obj
                0x20000c34                _hw_endpoint_buffer_control_update32
 .time_critical.hw_endpoint_start_next_buffer
                0x20000c84       0x68 CMakeFiles/ohmimetro.dir/C_/Users/jpabl/.pico-sdk/sdk/2.1.1/lib/tinyusb/src/portable/raspberrypi/rp2040/rp2040_usb.c.obj
                0x20000c84                hw_endpoint_start_next_buffer
 .time_critical.hw_endpoint_xfer_continue
                0x20000cec       0x40 CMakeFiles/ohmimetro.dir/C_/Users/jpabl/.pico-sdk/sdk/2.1.1/lib/tinyusb/src/portable/raspberrypi/rp2040/rp2040_usb.c.obj
                0x20000cec                hw_endpoint_xfer_continue
 .time_critical.tinyusb
                0x20000d2c      0x1e4 CMakeFiles/ohmimetro.dir/C_/Users/jpabl/.pico-sdk/sdk/2.1.1/lib/tinyusb/src/device/usbd.c.obj
                0x20000d2c                dcd_event_handler
 *(.text*)
 .text          0x20000f10        0x4 C:/Users/jpabl/.pico-sdk/toolchain/14_2_Rel1/bin/../lib/gcc/arm-none-eabi/14.2.1/thumb/v6-m/nofp\libgcc.a(_dvmd_tls.o)
                0x20000f10                __aeabi_idiv0
                0x20000f10                __aeabi_ldiv0
 *fill*         0x20000f14        0x4 
 .text.__stub   0x20000f18       0x80 linker stubs
                0x20000f98                        . = ALIGN (0x4)
 *(.rodata*)
                0x20000f98                        . = ALIGN (0x4)
 *(.data*)
 .data.cores    0x20000f98       0xc8 CMakeFiles/ohmimetro.dir/ohmimetro.c.obj
                0x20000f98                cores
 .data.ADC_RESOLUTION
                0x20001060        0x4 CMakeFiles/ohmimetro.dir/ohmimetro.c.obj
                0x20001060                ADC_RESOLUTION
 .data.R_conhecido
                0x20001064        0x4 CMakeFiles/ohmimetro.dir/ohmimetro.c.obj
                0x20001064                R_conhecido
 .data.np_pio   0x20001068        0x4 CMakeFiles/ohmimetro.dir/lib/neopixel.c.obj
                0x20001068                np_pio
 .data.striped_spin_lock_num
                0x2000106c        0x1 CMakeFiles/ohmimetro.dir/C_/Users/jpabl/.pico-sdk/sdk/2.1.1/src/rp2_common/hardware_sync/sync.c.obj
 *fill*         0x2000106d        0x3 
 .data          0x20001070       0x48 CMakeFiles/ohmimetro.dir/C_/Users/jpabl/.pico-sdk/sdk/2.1.1/src/rp2_common/hardware_irq/irq_handler_chain.S.obj
                0x20001070                irq_handler_chain_slots
                0x200010a0                irq_handler_chain_first_slot
                0x200010aa                irq_handler_chain_remove_tail
 .data.default_alarm_pool
                0x200010b8       0x18 CMakeFiles/ohmimetro.dir/C_/Users/jpabl/.pico-sdk/sdk/2.1.1/src/common/pico_time/time.c.obj
 *fill*         0x200010d0        0x0 
 .data.aeabi_bits_funcs
                0x200010d0       0x10 CMakeFiles/ohmimetro.dir/C_/Users/jpabl/.pico-sdk/sdk/2.1.1/src/rp2_common/pico_bit_ops/bit_ops_aeabi.S.obj
                0x200010d0                aeabi_bits_funcs
                0x200010e0                aeabi_bits_funcs_end
 .data.aeabi_mem_funcs
                0x200010e0       0x10 CMakeFiles/ohmimetro.dir/C_/Users/jpabl/.pico-sdk/sdk/2.1.1/src/rp2_common/pico_mem_ops/mem_ops_aeabi.S.obj
                0x200010e0                aeabi_mem_funcs
                0x200010f0                aeabi_mem_funcs_end
 .data.stdio_uart
                0x200010f0       0x18 CMakeFiles/ohmimetro.dir/C_/Users/jpabl/.pico-sdk/sdk/2.1.1/src/rp2_common/pico_stdio_uart/stdio_uart.c.obj
                0x200010f0                stdio_uart
 .data.stdio_usb
                0x20001108       0x18 CMakeFiles/ohmimetro.dir/C_/Users/jpabl/.pico-sdk/sdk/2.1.1/src/rp2_common/pico_stdio_usb/stdio_usb.c.obj
                0x20001108                stdio_usb
 .data._usbd_qdef
                0x20001120       0x1c CMakeFiles/ohmimetro.dir/C_/Users/jpabl/.pico-sdk/sdk/2.1.1/lib/tinyusb/src/device/usbd.c.obj
                0x20001120                _usbd_qdef
 .data._usbd_rhport
                0x2000113c        0x1 CMakeFiles/ohmimetro.dir/C_/Users/jpabl/.pico-sdk/sdk/2.1.1/lib/tinyusb/src/device/usbd.c.obj
 *fill*         0x2000113d        0x3 
 .data.i2c1_inst
                0x20001140        0x8 CMakeFiles/ohmimetro.dir/C_/Users/jpabl/.pico-sdk/sdk/2.1.1/src/rp2_common/hardware_i2c/i2c.c.obj
                0x20001140                i2c1_inst
 .data.i2c0_inst
                0x20001148        0x8 CMakeFiles/ohmimetro.dir/C_/Users/jpabl/.pico-sdk/sdk/2.1.1/src/rp2_common/hardware_i2c/i2c.c.obj
                0x20001148                i2c0_inst
 .data.__malloc_sbrk_base
                0x20001150        0x4 C:/Users/jpabl/.pico-sdk/toolchain/14_2_Rel1/bin/../lib/gcc/arm-none-eabi/14.2.1/thumb/v6-m/nofp\libg.a(libc_a-mallocr.o)
                0x20001150                __malloc_sbrk_base
 .data.__malloc_trim_threshold
                0x20001154        0x4 C:/Users/jpabl/.pico-sdk/toolchain/14_2_Rel1/bin/../lib/gcc/arm-none-eabi/14.2.1/thumb/v6-m/nofp\libg.a(libc_a-mallocr.o)
                0x20001154                __malloc_trim_threshold
 .data.__malloc_av_
                0x20001158      0x408 C:/Users/jpabl/.pico-sdk/toolchain/14_2_Rel1/bin/../lib/gcc/arm-none-eabi/14.2.1/thumb/v6-m/nofp\libg.a(libc_a-mallocr.o)
                0x20001158                __malloc_av_
 .data._impure_ptr
                0x20001560        0x4 C:/Users/jpabl/.pico-sdk/toolchain/14_2_Rel1/bin/../lib/gcc/arm-none-eabi/14.2.1/thumb/v6-m/nofp\libg.a(libc_a-impure.o)
                0x20001560                _impure_ptr
 *fill*         0x20001564        0x4 
 .data._impure_data
                0x20001568      0x140 C:/Users/jpabl/.pico-sdk/toolchain/14_2_Rel1/bin/../lib/gcc/arm-none-eabi/14.2.1/thumb/v6-m/nofp\libg.a(libc_a-impure.o)
                0x20001568                _impure_data